[     330ms] [LOG] [PostHog.js] send "$pageleave" {uuid: 019d888f-7e18-7266-83c6-4a6f0aac9b45, event: $pageleave, properties: Object, timestamp: Tue Apr 14 2026 02:06:38 GMT+0530 (India Standard Time)} @ webpack-internal:///(app-pages-browser)/../../node_modules/.pnpm/posthog-js@1.364.7/node_modules/posthog-js/dist/module.js:22
[     569ms] [INFO] %cDownload the React DevTools for a better development experience: https://react.dev/link/react-devtools font-weight:bold @ webpack-internal:///(app-pages-browser)/../../node_modules/.pnpm/next@15.5.14_@opentelemetry+api@1.9.1_react-dom@18.3.1_react@18.2.0__react@18.2.0/node_modules/next/dist/compiled/react-dom/cjs/react-dom-client.development.js:25630
[     719ms] [LOG] [GTM Event] clear_ecommerce {ecommerce: null} @ webpack-internal:///(app-pages-browser)/./lib/hooks/useGTM.ts:16
[     719ms] [LOG] [GTM Event] view_item {ecommerce: Object} @ webpack-internal:///(app-pages-browser)/./lib/hooks/useGTM.ts:16
[     721ms] [LOG] [AuthProvider] Mounting, starting hydration @ webpack-internal:///(app-pages-browser)/./components/providers/AuthProvider.tsx:35
[     721ms] [LOG] [auth-store] isFreshLogin: false URL: http://localhost:3000/services/gst-registration @ webpack-internal:///(app-pages-browser)/./lib/stores/auth-store.ts:205
[     721ms] [LOG] [auth-store] refreshSession starting @ webpack-internal:///(app-pages-browser)/./lib/stores/auth-store.ts:209
[     789ms] [LOG] [auth-store] getSession result: no session @ webpack-internal:///(app-pages-browser)/./lib/stores/auth-store.ts:213
[     794ms] [LOG] [AuthProvider] Initial hydration complete @ webpack-internal:///(app-pages-browser)/./components/providers/AuthProvider.tsx:40
[     795ms] [LOG] [AuthProvider] Auth event: INITIAL_SESSION @ webpack-internal:///(app-pages-browser)/./components/providers/AuthProvider.tsx:46
[    1536ms] [LOG] [PostHog.js] set_config {config: Object, oldConfig: Object, newConfig: Object} @ webpack-internal:///(app-pages-browser)/../../node_modules/.pnpm/posthog-js@1.364.7/node_modules/posthog-js/dist/module.js:22
[    1536ms] [LOG] [PostHog.js] Persistence loaded localStorage+cookie {$device_id: 019d5401-510f-7d21-a410-204e78f58700, distinct_id: 019d5401-510f-7d21-a410-204e78f58700, $sesid: Array(3), $initial_person_info: Object, $user_state: anonymous} @ webpack-internal:///(app-pages-browser)/../../node_modules/.pnpm/posthog-js@1.364.7/node_modules/posthog-js/dist/module.js:22
[    1537ms] [LOG] [PostHog.js] Persistence loaded sessionStorage {$sdk_debug_extensions_init_method: synchronous, $sdk_debug_extensions_init_time_ms: 1, $sdk_debug_replay_remote_trigger_matching_config: null, $sdk_debug_replay_event_trigger_status: trigger_disabled, $sdk_debug_replay_url_trigger_status: trigger_disabled} @ webpack-internal:///(app-pages-browser)/../../node_modules/.pnpm/posthog-js@1.364.7/node_modules/posthog-js/dist/module.js:22
[    1537ms] [LOG] [PostHog.js] Initializing extensions synchronously @ webpack-internal:///(app-pages-browser)/../../node_modules/.pnpm/posthog-js@1.364.7/node_modules/posthog-js/dist/module.js:22
[    1538ms] [LOG] [PostHog.js] [Web Vitals] enabled, starting... @ webpack-internal:///(app-pages-browser)/../../node_modules/.pnpm/posthog-js@1.364.7/node_modules/posthog-js/dist/module.js:22
[    1538ms] [LOG] [PostHog.js] [SessionRecording] starting @ webpack-internal:///(app-pages-browser)/../../node_modules/.pnpm/posthog-js@1.364.7/node_modules/posthog-js/dist/module.js:22
[    1539ms] [LOG] [PostHog.js] [Heatmaps] starting... @ webpack-internal:///(app-pages-browser)/../../node_modules/.pnpm/posthog-js@1.364.7/node_modules/posthog-js/dist/module.js:22
[    1539ms] [LOG] [PostHog.js] Starting in debug mode {this: _n, config: Object, thisC: Object, p: Object, s: Object} @ webpack-internal:///(app-pages-browser)/../../node_modules/.pnpm/posthog-js@1.364.7/node_modules/posthog-js/dist/module.js:22
[    1539ms] [LOG] You're now in debug mode. All calls to PostHog will be logged in your console.
You can disable this with `posthog.debug(false)`. @ webpack-internal:///(app-pages-browser)/../../node_modules/.pnpm/posthog-js@1.364.7/node_modules/posthog-js/dist/module.js:22
[    1539ms] [LOG] [PostHog.js] Persistence loaded sessionStorage {$sdk_debug_extensions_init_method: synchronous, $sdk_debug_extensions_init_time_ms: 2, $sdk_debug_replay_remote_trigger_matching_config: null, $sdk_debug_replay_event_trigger_status: trigger_disabled, $sdk_debug_replay_url_trigger_status: trigger_disabled} @ webpack-internal:///(app-pages-browser)/../../node_modules/.pnpm/posthog-js@1.364.7/node_modules/posthog-js/dist/module.js:22
[    1539ms] [LOG] [PostHog.js] set_config {config: Object, oldConfig: Object, newConfig: Object} @ webpack-internal:///(app-pages-browser)/../../node_modules/.pnpm/posthog-js@1.364.7/node_modules/posthog-js/dist/module.js:22
[    1539ms] [LOG] [PostHog.js] [SessionRecording] starting @ webpack-internal:///(app-pages-browser)/../../node_modules/.pnpm/posthog-js@1.364.7/node_modules/posthog-js/dist/module.js:22
[    1540ms] [LOG] [PostHog.js] [Dead Clicks] starting... @ webpack-internal:///(app-pages-browser)/../../node_modules/.pnpm/posthog-js@1.364.7/node_modules/posthog-js/dist/module.js:22
[    2530ms] [LOG] [PostHog.js] Persistence loaded sessionStorage {$sdk_debug_extensions_init_method: synchronous, $sdk_debug_extensions_init_time_ms: 2, $sdk_debug_replay_remote_trigger_matching_config: null, $sdk_debug_replay_event_trigger_status: trigger_disabled, $sdk_debug_replay_url_trigger_status: trigger_disabled} @ webpack-internal:///(app-pages-browser)/../../node_modules/.pnpm/posthog-js@1.364.7/node_modules/posthog-js/dist/module.js:22
[    2530ms] [LOG] [PostHog.js] set_config {config: Object, oldConfig: Object, newConfig: Object} @ webpack-internal:///(app-pages-browser)/../../node_modules/.pnpm/posthog-js@1.364.7/node_modules/posthog-js/dist/module.js:22
[    2531ms] [LOG] [PostHog.js] [Surveys] flags response received, isSurveysEnabled: false @ webpack-internal:///(app-pages-browser)/../../node_modules/.pnpm/posthog-js@1.364.7/node_modules/posthog-js/dist/module.js:22
[    3159ms] [LOG] [PostHog.js] [Surveys] Surveys loaded successfully @ webpack-internal:///(app-pages-browser)/../../node_modules/.pnpm/posthog-js@1.364.7/node_modules/posthog-js/dist/module.js:22
[    6878ms] [LOG] [PostHog.js] send "$web_vitals" {uuid: 019d888f-97ab-7841-bebf-665dbb662c3e, event: $web_vitals, properties: Object, timestamp: Tue Apr 14 2026 02:06:45 GMT+0530 (India Standard Time)} @ webpack-internal:///(app-pages-browser)/../../node_modules/.pnpm/posthog-js@1.364.7/node_modules/posthog-js/dist/module.js:22
[   10751ms] [LOG] [PostHog.js] send "$snapshot" {uuid: 019d888f-a6cd-76e2-8dda-8609dc095c61, event: $snapshot, properties: Object, timestamp: Tue Apr 14 2026 02:06:48 GMT+0530 (India Standard Time)} @ webpack-internal:///(app-pages-browser)/../../node_modules/.pnpm/posthog-js@1.364.7/node_modules/posthog-js/dist/module.js:22
[   31722ms] [LOG] [PostHog.js] send "$snapshot" {uuid: 019d888f-f8b9-7963-8e4f-a9adcc7688c3, event: $snapshot, properties: Object, timestamp: Tue Apr 14 2026 02:07:09 GMT+0530 (India Standard Time)} @ webpack-internal:///(app-pages-browser)/../../node_modules/.pnpm/posthog-js@1.364.7/node_modules/posthog-js/dist/module.js:22
[   45937ms] [LOG] [PostHog.js] send "$snapshot" {uuid: 019d8890-303f-7d0c-b676-24b1e7c7ab30, event: $snapshot, properties: Object, timestamp: Tue Apr 14 2026 02:07:24 GMT+0530 (India Standard Time)} @ webpack-internal:///(app-pages-browser)/../../node_modules/.pnpm/posthog-js@1.364.7/node_modules/posthog-js/dist/module.js:22
[  303561ms] [LOG] [PostHog.js] send "$snapshot" {uuid: 019d8894-1e97-7dfc-9f81-d49aca5ba1b3, event: $snapshot, properties: Object, timestamp: Tue Apr 14 2026 02:11:41 GMT+0530 (India Standard Time)} @ webpack-internal:///(app-pages-browser)/../../node_modules/.pnpm/posthog-js@1.364.7/node_modules/posthog-js/dist/module.js:22
[  403521ms] [LOG] [PostHog.js] send "$snapshot" {uuid: 019d8895-a50f-7a0e-9e18-c527773cf803, event: $snapshot, properties: Object, timestamp: Tue Apr 14 2026 02:13:21 GMT+0530 (India Standard Time)} @ webpack-internal:///(app-pages-browser)/../../node_modules/.pnpm/posthog-js@1.364.7/node_modules/posthog-js/dist/module.js:22
[  405615ms] [LOG] [PostHog.js] send "$snapshot" {uuid: 019d8895-ad3e-75ef-87c3-fe52146165bf, event: $snapshot, properties: Object, timestamp: Tue Apr 14 2026 02:13:23 GMT+0530 (India Standard Time)} @ webpack-internal:///(app-pages-browser)/../../node_modules/.pnpm/posthog-js@1.364.7/node_modules/posthog-js/dist/module.js:22
[  406542ms] [LOG] [PostHog.js] send "$$heatmap" {uuid: 019d8895-b0db-79cd-a6b3-2ef9d75f1aac, event: $$heatmap, properties: Object, timestamp: Tue Apr 14 2026 02:13:24 GMT+0530 (India Standard Time)} @ webpack-internal:///(app-pages-browser)/../../node_modules/.pnpm/posthog-js@1.364.7/node_modules/posthog-js/dist/module.js:22
[  407695ms] [LOG] [PostHog.js] send "$snapshot" {uuid: 019d8895-b55d-72be-858a-f0e00eb43ee2, event: $snapshot, properties: Object, timestamp: Tue Apr 14 2026 02:13:25 GMT+0530 (India Standard Time)} @ webpack-internal:///(app-pages-browser)/../../node_modules/.pnpm/posthog-js@1.364.7/node_modules/posthog-js/dist/module.js:22
[  409764ms] [LOG] [PostHog.js] send "$snapshot" {uuid: 019d8895-bd73-7e49-ae41-d704639a4460, event: $snapshot, properties: Object, timestamp: Tue Apr 14 2026 02:13:27 GMT+0530 (India Standard Time)} @ webpack-internal:///(app-pages-browser)/../../node_modules/.pnpm/posthog-js@1.364.7/node_modules/posthog-js/dist/module.js:22
[  411857ms] [LOG] [PostHog.js] send "$snapshot" {uuid: 019d8895-c5a0-767e-b7dd-e1752d8c014e, event: $snapshot, properties: Object, timestamp: Tue Apr 14 2026 02:13:30 GMT+0530 (India Standard Time)} @ webpack-internal:///(app-pages-browser)/../../node_modules/.pnpm/posthog-js@1.364.7/node_modules/posthog-js/dist/module.js:22
[  413960ms] [LOG] [PostHog.js] send "$snapshot" {uuid: 019d8895-cdd7-7abb-8b03-95a0957ae8ed, event: $snapshot, properties: Object, timestamp: Tue Apr 14 2026 02:13:32 GMT+0530 (India Standard Time)} @ webpack-internal:///(app-pages-browser)/../../node_modules/.pnpm/posthog-js@1.364.7/node_modules/posthog-js/dist/module.js:22
[  415157ms] [LOG] [PostHog.js] send "$autocapture" {uuid: 019d8895-d282-7b80-82a7-97227028c855, event: $autocapture, properties: Object, timestamp: Tue Apr 14 2026 02:13:33 GMT+0530 (India Standard Time)} @ webpack-internal:///(app-pages-browser)/../../node_modules/.pnpm/posthog-js@1.364.7/node_modules/posthog-js/dist/module.js:22
[  415829ms] [LOG] [PostHog.js] send "$autocapture" {uuid: 019d8895-d522-7775-826f-38adff6e6bb2, event: $autocapture, properties: Object, timestamp: Tue Apr 14 2026 02:13:34 GMT+0530 (India Standard Time)} @ webpack-internal:///(app-pages-browser)/../../node_modules/.pnpm/posthog-js@1.364.7/node_modules/posthog-js/dist/module.js:22
[  416369ms] [LOG] [PostHog.js] send "$snapshot" {uuid: 019d8895-d73f-7677-9533-a7e39edb7dc0, event: $snapshot, properties: Object, timestamp: Tue Apr 14 2026 02:13:34 GMT+0530 (India Standard Time)} @ webpack-internal:///(app-pages-browser)/../../node_modules/.pnpm/posthog-js@1.364.7/node_modules/posthog-js/dist/module.js:22
[  416542ms] [LOG] [PostHog.js] send "$$heatmap" {uuid: 019d8895-d7eb-7f3b-8e16-275e130072ef, event: $$heatmap, properties: Object, timestamp: Tue Apr 14 2026 02:13:34 GMT+0530 (India Standard Time)} @ webpack-internal:///(app-pages-browser)/../../node_modules/.pnpm/posthog-js@1.364.7/node_modules/posthog-js/dist/module.js:22
[  417453ms] [LOG] [PostHog.js] send "$autocapture" {uuid: 019d8895-db7a-7320-b439-ddab978e059c, event: $autocapture, properties: Object, timestamp: Tue Apr 14 2026 02:13:35 GMT+0530 (India Standard Time)} @ webpack-internal:///(app-pages-browser)/../../node_modules/.pnpm/posthog-js@1.364.7/node_modules/posthog-js/dist/module.js:22
[  418460ms] [LOG] [PostHog.js] send "$snapshot" {uuid: 019d8895-df6a-754a-b00d-6fa22ec27ae9, event: $snapshot, properties: Object, timestamp: Tue Apr 14 2026 02:13:36 GMT+0530 (India Standard Time)} @ webpack-internal:///(app-pages-browser)/../../node_modules/.pnpm/posthog-js@1.364.7/node_modules/posthog-js/dist/module.js:22
[  418835ms] [LOG] [PostHog.js] send "$autocapture" {uuid: 019d8895-e0e1-77d2-b5d6-fe646f234ff6, event: $autocapture, properties: Object, timestamp: Tue Apr 14 2026 02:13:37 GMT+0530 (India Standard Time)} @ webpack-internal:///(app-pages-browser)/../../node_modules/.pnpm/posthog-js@1.364.7/node_modules/posthog-js/dist/module.js:22
[  419912ms] [LOG] [PostHog.js] send "$autocapture" {uuid: 019d8895-e515-7c59-9c87-b2a406b94a57, event: $autocapture, properties: Object, timestamp: Tue Apr 14 2026 02:13:38 GMT+0530 (India Standard Time)} @ webpack-internal:///(app-pages-browser)/../../node_modules/.pnpm/posthog-js@1.364.7/node_modules/posthog-js/dist/module.js:22
[  420177ms] [LOG] [PostHog.js] send "$web_vitals" {uuid: 019d8895-e61d-72d5-b93d-678619af3cee, event: $web_vitals, properties: Object, timestamp: Tue Apr 14 2026 02:13:38 GMT+0530 (India Standard Time)} @ webpack-internal:///(app-pages-browser)/../../node_modules/.pnpm/posthog-js@1.364.7/node_modules/posthog-js/dist/module.js:22
[  420738ms] [LOG] [PostHog.js] send "$snapshot" {uuid: 019d8895-e850-78a9-974d-c3b17c88860d, event: $snapshot, properties: Object, timestamp: Tue Apr 14 2026 02:13:38 GMT+0530 (India Standard Time)} @ webpack-internal:///(app-pages-browser)/../../node_modules/.pnpm/posthog-js@1.364.7/node_modules/posthog-js/dist/module.js:22
[  421003ms] [LOG] [PostHog.js] send "$autocapture" {uuid: 019d8895-e958-7b80-a7ac-06adcf916412, event: $autocapture, properties: Object, timestamp: Tue Apr 14 2026 02:13:39 GMT+0530 (India Standard Time)} @ webpack-internal:///(app-pages-browser)/../../node_modules/.pnpm/posthog-js@1.364.7/node_modules/posthog-js/dist/module.js:22
[  421470ms] [LOG] [PostHog.js] send "$autocapture" {uuid: 019d8895-eb2b-7435-9760-89ee6d598949, event: $autocapture, properties: Object, timestamp: Tue Apr 14 2026 02:13:39 GMT+0530 (India Standard Time)} @ webpack-internal:///(app-pages-browser)/../../node_modules/.pnpm/posthog-js@1.364.7/node_modules/posthog-js/dist/module.js:22
[  421542ms] [LOG] [PostHog.js] send "$$heatmap" {uuid: 019d8895-eb73-7485-b35e-a2fadd2c9b00, event: $$heatmap, properties: Object, timestamp: Tue Apr 14 2026 02:13:39 GMT+0530 (India Standard Time)} @ webpack-internal:///(app-pages-browser)/../../node_modules/.pnpm/posthog-js@1.364.7/node_modules/posthog-js/dist/module.js:22
[  422927ms] [LOG] [PostHog.js] send "$snapshot" {uuid: 019d8895-f0dd-7cac-9cd9-54152a6ca182, event: $snapshot, properties: Object, timestamp: Tue Apr 14 2026 02:13:41 GMT+0530 (India Standard Time)} @ webpack-internal:///(app-pages-browser)/../../node_modules/.pnpm/posthog-js@1.364.7/node_modules/posthog-js/dist/module.js:22
[  424983ms] [LOG] [PostHog.js] send "$snapshot" {uuid: 019d8895-f8e5-7755-b2dd-cb347238dd13, event: $snapshot, properties: Object, timestamp: Tue Apr 14 2026 02:13:43 GMT+0530 (India Standard Time)} @ webpack-internal:///(app-pages-browser)/../../node_modules/.pnpm/posthog-js@1.364.7/node_modules/posthog-js/dist/module.js:22
[  428204ms] [LOG] [PostHog.js] send "$snapshot" {uuid: 019d8896-057a-7194-86af-9c6d7104e6c9, event: $snapshot, properties: Object, timestamp: Tue Apr 14 2026 02:13:46 GMT+0530 (India Standard Time)} @ webpack-internal:///(app-pages-browser)/../../node_modules/.pnpm/posthog-js@1.364.7/node_modules/posthog-js/dist/module.js:22
[  431033ms] [LOG] [PostHog.js] send "$snapshot" {uuid: 019d8896-1087-7a15-beff-9ba44856d8f2, event: $snapshot, properties: Object, timestamp: Tue Apr 14 2026 02:13:49 GMT+0530 (India Standard Time)} @ webpack-internal:///(app-pages-browser)/../../node_modules/.pnpm/posthog-js@1.364.7/node_modules/posthog-js/dist/module.js:22
[  431543ms] [LOG] [PostHog.js] send "$$heatmap" {uuid: 019d8896-1284-7d65-9a67-34af49bcf5e2, event: $$heatmap, properties: Object, timestamp: Tue Apr 14 2026 02:13:49 GMT+0530 (India Standard Time)} @ webpack-internal:///(app-pages-browser)/../../node_modules/.pnpm/posthog-js@1.364.7/node_modules/posthog-js/dist/module.js:22
[  433038ms] [LOG] [PostHog.js] send "$snapshot" {uuid: 019d8896-185d-7c69-8db3-2bb5393a1cf6, event: $snapshot, properties: Object, timestamp: Tue Apr 14 2026 02:13:51 GMT+0530 (India Standard Time)} @ webpack-internal:///(app-pages-browser)/../../node_modules/.pnpm/posthog-js@1.364.7/node_modules/posthog-js/dist/module.js:22
[  435063ms] [LOG] [PostHog.js] send "$autocapture" {uuid: 019d8896-2045-792b-90d4-3842ade18058, event: $autocapture, properties: Object, timestamp: Tue Apr 14 2026 02:13:53 GMT+0530 (India Standard Time)} @ webpack-internal:///(app-pages-browser)/../../node_modules/.pnpm/posthog-js@1.364.7/node_modules/posthog-js/dist/module.js:22
[  435639ms] [LOG] [PostHog.js] send "$snapshot" {uuid: 019d8896-2285-7981-8a75-87ed784d2269, event: $snapshot, properties: Object, timestamp: Tue Apr 14 2026 02:13:53 GMT+0530 (India Standard Time)} @ webpack-internal:///(app-pages-browser)/../../node_modules/.pnpm/posthog-js@1.364.7/node_modules/posthog-js/dist/module.js:22
[  436543ms] [LOG] [PostHog.js] send "$$heatmap" {uuid: 019d8896-260c-7d12-9bbe-a2efb9a5cda0, event: $$heatmap, properties: Object, timestamp: Tue Apr 14 2026 02:13:54 GMT+0530 (India Standard Time)} @ webpack-internal:///(app-pages-browser)/../../node_modules/.pnpm/posthog-js@1.364.7/node_modules/posthog-js/dist/module.js:22
[  437699ms] [LOG] [PostHog.js] send "$snapshot" {uuid: 019d8896-2a91-75c5-a3ed-8c8b6cb7bb37, event: $snapshot, properties: Object, timestamp: Tue Apr 14 2026 02:13:55 GMT+0530 (India Standard Time)} @ webpack-internal:///(app-pages-browser)/../../node_modules/.pnpm/posthog-js@1.364.7/node_modules/posthog-js/dist/module.js:22
[  439715ms] [LOG] [PostHog.js] send "$snapshot" {uuid: 019d8896-3271-7b2e-a4fb-a512fec7ff7d, event: $snapshot, properties: Object, timestamp: Tue Apr 14 2026 02:13:57 GMT+0530 (India Standard Time)} @ webpack-internal:///(app-pages-browser)/../../node_modules/.pnpm/posthog-js@1.364.7/node_modules/posthog-js/dist/module.js:22
[  441542ms] [LOG] [PostHog.js] send "$$heatmap" {uuid: 019d8896-3993-7763-8397-85e71dbe5248, event: $$heatmap, properties: Object, timestamp: Tue Apr 14 2026 02:13:59 GMT+0530 (India Standard Time)} @ webpack-internal:///(app-pages-browser)/../../node_modules/.pnpm/posthog-js@1.364.7/node_modules/posthog-js/dist/module.js:22
[  441729ms] [LOG] [PostHog.js] send "$snapshot" {uuid: 019d8896-3a4f-7ceb-b8a6-0e1c9c895b4d, event: $snapshot, properties: Object, timestamp: Tue Apr 14 2026 02:13:59 GMT+0530 (India Standard Time)} @ webpack-internal:///(app-pages-browser)/../../node_modules/.pnpm/posthog-js@1.364.7/node_modules/posthog-js/dist/module.js:22
[  443752ms] [LOG] [PostHog.js] send "$snapshot" {uuid: 019d8896-4236-70c5-8620-67cb7e9f538e, event: $snapshot, properties: Object, timestamp: Tue Apr 14 2026 02:14:01 GMT+0530 (India Standard Time)} @ webpack-internal:///(app-pages-browser)/../../node_modules/.pnpm/posthog-js@1.364.7/node_modules/posthog-js/dist/module.js:22
[  445779ms] [LOG] [PostHog.js] send "$snapshot" {uuid: 019d8896-4a21-72c7-a747-f4a54c509140, event: $snapshot, properties: Object, timestamp: Tue Apr 14 2026 02:14:04 GMT+0530 (India Standard Time)} @ webpack-internal:///(app-pages-browser)/../../node_modules/.pnpm/posthog-js@1.364.7/node_modules/posthog-js/dist/module.js:22
[  447817ms] [LOG] [PostHog.js] send "$snapshot" {uuid: 019d8896-5218-7fc1-8e41-fccfbbf3af96, event: $snapshot, properties: Object, timestamp: Tue Apr 14 2026 02:14:06 GMT+0530 (India Standard Time)} @ webpack-internal:///(app-pages-browser)/../../node_modules/.pnpm/posthog-js@1.364.7/node_modules/posthog-js/dist/module.js:22
[  449852ms] [LOG] [PostHog.js] send "$snapshot" {uuid: 019d8896-5a0b-74a7-a8ea-d314d546d040, event: $snapshot, properties: Object, timestamp: Tue Apr 14 2026 02:14:08 GMT+0530 (India Standard Time)} @ webpack-internal:///(app-pages-browser)/../../node_modules/.pnpm/posthog-js@1.364.7/node_modules/posthog-js/dist/module.js:22
[  451930ms] [LOG] [PostHog.js] send "$snapshot" {uuid: 019d8896-6228-7b15-a498-aa56a7751113, event: $snapshot, properties: Object, timestamp: Tue Apr 14 2026 02:14:10 GMT+0530 (India Standard Time)} @ webpack-internal:///(app-pages-browser)/../../node_modules/.pnpm/posthog-js@1.364.7/node_modules/posthog-js/dist/module.js:22
[  453983ms] [LOG] [PostHog.js] send "$snapshot" {uuid: 019d8896-6a2d-73e8-85a8-b387a3d284b1, event: $snapshot, properties: Object, timestamp: Tue Apr 14 2026 02:14:12 GMT+0530 (India Standard Time)} @ webpack-internal:///(app-pages-browser)/../../node_modules/.pnpm/posthog-js@1.364.7/node_modules/posthog-js/dist/module.js:22
[  456053ms] [LOG] [PostHog.js] send "$snapshot" {uuid: 019d8896-7244-7da2-99b5-dc5cbb524798, event: $snapshot, properties: Object, timestamp: Tue Apr 14 2026 02:14:14 GMT+0530 (India Standard Time)} @ webpack-internal:///(app-pages-browser)/../../node_modules/.pnpm/posthog-js@1.364.7/node_modules/posthog-js/dist/module.js:22
[  458113ms] [LOG] [PostHog.js] send "$snapshot" {uuid: 019d8896-7a50-72c9-b091-0b15e9e3895d, event: $snapshot, properties: Object, timestamp: Tue Apr 14 2026 02:14:16 GMT+0530 (India Standard Time)} @ webpack-internal:///(app-pages-browser)/../../node_modules/.pnpm/posthog-js@1.364.7/node_modules/posthog-js/dist/module.js:22
[  460119ms] [LOG] [PostHog.js] send "$snapshot" {uuid: 019d8896-8225-7ff4-a601-0674083aa3b9, event: $snapshot, properties: Object, timestamp: Tue Apr 14 2026 02:14:18 GMT+0530 (India Standard Time)} @ webpack-internal:///(app-pages-browser)/../../node_modules/.pnpm/posthog-js@1.364.7/node_modules/posthog-js/dist/module.js:22
[  461544ms] [LOG] [PostHog.js] send "$$heatmap" {uuid: 019d8896-87b4-7f8c-b76b-623add0ae99f, event: $$heatmap, properties: Object, timestamp: Tue Apr 14 2026 02:14:19 GMT+0530 (India Standard Time)} @ webpack-internal:///(app-pages-browser)/../../node_modules/.pnpm/posthog-js@1.364.7/node_modules/posthog-js/dist/module.js:22
[  462136ms] [LOG] [PostHog.js] send "$snapshot" {uuid: 019d8896-8a06-773e-8044-2f7e90b7e3d0, event: $snapshot, properties: Object, timestamp: Tue Apr 14 2026 02:14:20 GMT+0530 (India Standard Time)} @ webpack-internal:///(app-pages-browser)/../../node_modules/.pnpm/posthog-js@1.364.7/node_modules/posthog-js/dist/module.js:22
[  464365ms] [LOG] [PostHog.js] send "$snapshot" {uuid: 019d8896-92bc-70c4-bda7-80f2331d63fd, event: $snapshot, properties: Object, timestamp: Tue Apr 14 2026 02:14:22 GMT+0530 (India Standard Time)} @ webpack-internal:///(app-pages-browser)/../../node_modules/.pnpm/posthog-js@1.364.7/node_modules/posthog-js/dist/module.js:22
[  523902ms] [LOG] [PostHog.js] send "$snapshot" {uuid: 019d8897-7b4c-77a5-99e8-03d8aae9b71c, event: $snapshot, properties: Object, timestamp: Tue Apr 14 2026 02:15:22 GMT+0530 (India Standard Time)} @ webpack-internal:///(app-pages-browser)/../../node_modules/.pnpm/posthog-js@1.364.7/node_modules/posthog-js/dist/module.js:22
[  525947ms] [LOG] [PostHog.js] send "$snapshot" {uuid: 019d8897-834a-77f8-93bd-e2a413c1497b, event: $snapshot, properties: Object, timestamp: Tue Apr 14 2026 02:15:24 GMT+0530 (India Standard Time)} @ webpack-internal:///(app-pages-browser)/../../node_modules/.pnpm/posthog-js@1.364.7/node_modules/posthog-js/dist/module.js:22
[  526544ms] [LOG] [PostHog.js] send "$$heatmap" {uuid: 019d8897-859c-7c1d-a40e-b0ede72b9405, event: $$heatmap, properties: Object, timestamp: Tue Apr 14 2026 02:15:24 GMT+0530 (India Standard Time)} @ webpack-internal:///(app-pages-browser)/../../node_modules/.pnpm/posthog-js@1.364.7/node_modules/posthog-js/dist/module.js:22
[  528586ms] [LOG] [PostHog.js] send "$snapshot" {uuid: 019d8897-8d98-731e-ae78-d55fb0c961d4, event: $snapshot, properties: Object, timestamp: Tue Apr 14 2026 02:15:26 GMT+0530 (India Standard Time)} @ webpack-internal:///(app-pages-browser)/../../node_modules/.pnpm/posthog-js@1.364.7/node_modules/posthog-js/dist/module.js:22
[  532815ms] [LOG] [PostHog.js] send "$snapshot" {uuid: 019d8897-9e1d-7919-8d0f-4a9b8841f9df, event: $snapshot, properties: Object, timestamp: Tue Apr 14 2026 02:15:31 GMT+0530 (India Standard Time)} @ webpack-internal:///(app-pages-browser)/../../node_modules/.pnpm/posthog-js@1.364.7/node_modules/posthog-js/dist/module.js:22
[  536543ms] [LOG] [PostHog.js] send "$$heatmap" {uuid: 019d8897-acac-78e2-b0db-ed299da57e33, event: $$heatmap, properties: Object, timestamp: Tue Apr 14 2026 02:15:34 GMT+0530 (India Standard Time)} @ webpack-internal:///(app-pages-browser)/../../node_modules/.pnpm/posthog-js@1.364.7/node_modules/posthog-js/dist/module.js:22
[  536675ms] [LOG] [PostHog.js] send "$snapshot" {uuid: 019d8897-ad31-70da-a4fb-ad29523fedf8, event: $snapshot, properties: Object, timestamp: Tue Apr 14 2026 02:15:34 GMT+0530 (India Standard Time)} @ webpack-internal:///(app-pages-browser)/../../node_modules/.pnpm/posthog-js@1.364.7/node_modules/posthog-js/dist/module.js:22
[  540048ms] [LOG] [PostHog.js] send "$snapshot" {uuid: 019d8897-ba5e-7908-a92a-988f2520342c, event: $snapshot, properties: Object, timestamp: Tue Apr 14 2026 02:15:38 GMT+0530 (India Standard Time)} @ webpack-internal:///(app-pages-browser)/../../node_modules/.pnpm/posthog-js@1.364.7/node_modules/posthog-js/dist/module.js:22
[  543617ms] [LOG] [PostHog.js] send "$snapshot" {uuid: 019d8897-c84f-78a8-9720-01c7a19244c8, event: $snapshot, properties: Object, timestamp: Tue Apr 14 2026 02:15:41 GMT+0530 (India Standard Time)} @ webpack-internal:///(app-pages-browser)/../../node_modules/.pnpm/posthog-js@1.364.7/node_modules/posthog-js/dist/module.js:22
[  545627ms] [LOG] [PostHog.js] send "$snapshot" {uuid: 019d8897-d029-7423-932a-20eb7ef9de84, event: $snapshot, properties: Object, timestamp: Tue Apr 14 2026 02:15:43 GMT+0530 (India Standard Time)} @ webpack-internal:///(app-pages-browser)/../../node_modules/.pnpm/posthog-js@1.364.7/node_modules/posthog-js/dist/module.js:22
[  548243ms] [LOG] [PostHog.js] send "$snapshot" {uuid: 019d8897-da61-70ad-91e2-42b9900c89c0, event: $snapshot, properties: Object, timestamp: Tue Apr 14 2026 02:15:46 GMT+0530 (India Standard Time)} @ webpack-internal:///(app-pages-browser)/../../node_modules/.pnpm/posthog-js@1.364.7/node_modules/posthog-js/dist/module.js:22
[  551544ms] [LOG] [PostHog.js] send "$$heatmap" {uuid: 019d8897-e744-78fa-920e-42a308fe212c, event: $$heatmap, properties: Object, timestamp: Tue Apr 14 2026 02:15:49 GMT+0530 (India Standard Time)} @ webpack-internal:///(app-pages-browser)/../../node_modules/.pnpm/posthog-js@1.364.7/node_modules/posthog-js/dist/module.js:22
[  556364ms] [LOG] [PostHog.js] send "$snapshot" {uuid: 019d8897-fa1b-7db1-a6c5-3dfdca1ffeac, event: $snapshot, properties: Object, timestamp: Tue Apr 14 2026 02:15:54 GMT+0530 (India Standard Time)} @ webpack-internal:///(app-pages-browser)/../../node_modules/.pnpm/posthog-js@1.364.7/node_modules/posthog-js/dist/module.js:22
[  556543ms] [LOG] [PostHog.js] send "$$heatmap" {uuid: 019d8897-facc-7aae-84b5-72800821a667, event: $$heatmap, properties: Object, timestamp: Tue Apr 14 2026 02:15:54 GMT+0530 (India Standard Time)} @ webpack-internal:///(app-pages-browser)/../../node_modules/.pnpm/posthog-js@1.364.7/node_modules/posthog-js/dist/module.js:22
[  565986ms] [LOG] [PostHog.js] send "$snapshot" {uuid: 019d8898-1fb0-774e-9fff-83ac20ec3ba0, event: $snapshot, properties: Object, timestamp: Tue Apr 14 2026 02:16:04 GMT+0530 (India Standard Time)} @ webpack-internal:///(app-pages-browser)/../../node_modules/.pnpm/posthog-js@1.364.7/node_modules/posthog-js/dist/module.js:22
[  566542ms] [LOG] [PostHog.js] send "$$heatmap" {uuid: 019d8898-21db-76a4-98af-eca3399a3afa, event: $$heatmap, properties: Object, timestamp: Tue Apr 14 2026 02:16:04 GMT+0530 (India Standard Time)} @ webpack-internal:///(app-pages-browser)/../../node_modules/.pnpm/posthog-js@1.364.7/node_modules/posthog-js/dist/module.js:22
[  568073ms] [LOG] [PostHog.js] send "$snapshot" {uuid: 019d8898-27d8-70ab-8892-606c948c0a17, event: $snapshot, properties: Object, timestamp: Tue Apr 14 2026 02:16:06 GMT+0530 (India Standard Time)} @ webpack-internal:///(app-pages-browser)/../../node_modules/.pnpm/posthog-js@1.364.7/node_modules/posthog-js/dist/module.js:22
[  570101ms] [LOG] [PostHog.js] send "$snapshot" {uuid: 019d8898-2fc3-7545-a962-809044f21b80, event: $snapshot, properties: Object, timestamp: Tue Apr 14 2026 02:16:08 GMT+0530 (India Standard Time)} @ webpack-internal:///(app-pages-browser)/../../node_modules/.pnpm/posthog-js@1.364.7/node_modules/posthog-js/dist/module.js:22
[  571544ms] [LOG] [PostHog.js] send "$$heatmap" {uuid: 019d8898-3564-7c98-8bf8-70e06ca1c645, event: $$heatmap, properties: Object, timestamp: Tue Apr 14 2026 02:16:09 GMT+0530 (India Standard Time)} @ webpack-internal:///(app-pages-browser)/../../node_modules/.pnpm/posthog-js@1.364.7/node_modules/posthog-js/dist/module.js:22
[  572423ms] [LOG] [PostHog.js] send "$snapshot" {uuid: 019d8898-38d5-79a7-aa77-3eca5d742300, event: $snapshot, properties: Object, timestamp: Tue Apr 14 2026 02:16:10 GMT+0530 (India Standard Time)} @ webpack-internal:///(app-pages-browser)/../../node_modules/.pnpm/posthog-js@1.364.7/node_modules/posthog-js/dist/module.js:22
[  585829ms] [LOG] [PostHog.js] send "$snapshot" {uuid: 019d8898-6d33-718f-a937-19976bfa235e, event: $snapshot, properties: Object, timestamp: Tue Apr 14 2026 02:16:24 GMT+0530 (India Standard Time)} @ webpack-internal:///(app-pages-browser)/../../node_modules/.pnpm/posthog-js@1.364.7/node_modules/posthog-js/dist/module.js:22
[  586542ms] [LOG] [PostHog.js] send "$$heatmap" {uuid: 019d8898-6ffc-7cec-b71c-8d6b51d073e1, event: $$heatmap, properties: Object, timestamp: Tue Apr 14 2026 02:16:24 GMT+0530 (India Standard Time)} @ webpack-internal:///(app-pages-browser)/../../node_modules/.pnpm/posthog-js@1.364.7/node_modules/posthog-js/dist/module.js:22
[  588863ms] [LOG] [PostHog.js] send "$snapshot" {uuid: 019d8898-790d-7a2a-8349-4a8838ac8c5c, event: $snapshot, properties: Object, timestamp: Tue Apr 14 2026 02:16:27 GMT+0530 (India Standard Time)} @ webpack-internal:///(app-pages-browser)/../../node_modules/.pnpm/posthog-js@1.364.7/node_modules/posthog-js/dist/module.js:22
[  591542ms] [LOG] [PostHog.js] send "$$heatmap" {uuid: 019d8898-8384-7ecf-bc40-eab894dbb80f, event: $$heatmap, properties: Object, timestamp: Tue Apr 14 2026 02:16:29 GMT+0530 (India Standard Time)} @ webpack-internal:///(app-pages-browser)/../../node_modules/.pnpm/posthog-js@1.364.7/node_modules/posthog-js/dist/module.js:22
[  591559ms] [LOG] [PostHog.js] send "$snapshot" {uuid: 019d8898-8396-70fd-8e53-a76e3e461356, event: $snapshot, properties: Object, timestamp: Tue Apr 14 2026 02:16:29 GMT+0530 (India Standard Time)} @ webpack-internal:///(app-pages-browser)/../../node_modules/.pnpm/posthog-js@1.364.7/node_modules/posthog-js/dist/module.js:22
[  595155ms] [LOG] [PostHog.js] send "$snapshot" {uuid: 019d8898-91a2-7374-8d5b-f87970edb4c5, event: $snapshot, properties: Object, timestamp: Tue Apr 14 2026 02:16:33 GMT+0530 (India Standard Time)} @ webpack-internal:///(app-pages-browser)/../../node_modules/.pnpm/posthog-js@1.364.7/node_modules/posthog-js/dist/module.js:22
[  596542ms] [LOG] [PostHog.js] send "$$heatmap" {uuid: 019d8898-970b-7704-b700-4611514bc193, event: $$heatmap, properties: Object, timestamp: Tue Apr 14 2026 02:16:34 GMT+0530 (India Standard Time)} @ webpack-internal:///(app-pages-browser)/../../node_modules/.pnpm/posthog-js@1.364.7/node_modules/posthog-js/dist/module.js:22
[  603580ms] [LOG] [PostHog.js] send "$snapshot" {uuid: 019d8898-b28b-7d6c-ac36-fc6cab2bbd98, event: $snapshot, properties: Object, timestamp: Tue Apr 14 2026 02:16:41 GMT+0530 (India Standard Time)} @ webpack-internal:///(app-pages-browser)/../../node_modules/.pnpm/posthog-js@1.364.7/node_modules/posthog-js/dist/module.js:22
[  663960ms] [LOG] [Fast Refresh] rebuilding @ https://us-assets.i.posthog.com/static/posthog-recorder.js?v=1.364.7:0
[  664538ms] [WARNING] [Fast Refresh] performing full reload

Fast Refresh will perform a full reload when you edit a file that's imported by modules outside of the React rendering tree.
You might have a file which exports a React component but also exports a value that is imported by a non-React component file.
Consider migrating the non-React component export to a separate file and importing it into both files.

It is also possible the parent component of the component you edited is a class component, which disables Fast Refresh.
Fast Refresh requires at least one parent function component in your React tree. @ https://us-assets.i.posthog.com/static/posthog-recorder.js?v=1.364.7:0
[  664538ms] [LOG] [PostHog.js] send "$snapshot" {uuid: 019d8899-a0a9-79aa-9499-79a4a18b05fc, event: $snapshot, properties: Object, timestamp: Tue Apr 14 2026 02:17:42 GMT+0530 (India Standard Time)} @ webpack-internal:///(app-pages-browser)/../../node_modules/.pnpm/posthog-js@1.364.7/node_modules/posthog-js/dist/module.js:22
[  664912ms] [LOG] [PostHog.js] send "$pageleave" {uuid: 019d8899-a21e-7fcf-8828-6f886273c875, event: $pageleave, properties: Object, timestamp: Tue Apr 14 2026 02:17:43 GMT+0530 (India Standard Time)} @ webpack-internal:///(app-pages-browser)/../../node_modules/.pnpm/posthog-js@1.364.7/node_modules/posthog-js/dist/module.js:22
[  665126ms] [INFO] %cDownload the React DevTools for a better development experience: https://react.dev/link/react-devtools font-weight:bold @ webpack-internal:///(app-pages-browser)/../../node_modules/.pnpm/next@15.5.14_@opentelemetry+api@1.9.1_react-dom@18.3.1_react@18.2.0__react@18.2.0/node_modules/next/dist/compiled/react-dom/cjs/react-dom-client.development.js:25630
[  665253ms] [LOG] [GTM Event] clear_ecommerce {ecommerce: null} @ webpack-internal:///(app-pages-browser)/./lib/hooks/useGTM.ts:16
[  665253ms] [LOG] [GTM Event] view_item {ecommerce: Object} @ webpack-internal:///(app-pages-browser)/./lib/hooks/useGTM.ts:16
[  665255ms] [LOG] [AuthProvider] Mounting, starting hydration @ webpack-internal:///(app-pages-browser)/./components/providers/AuthProvider.tsx:35
[  665255ms] [LOG] [auth-store] isFreshLogin: false URL: http://localhost:3000/services/gst-registration @ webpack-internal:///(app-pages-browser)/./lib/stores/auth-store.ts:205
[  665255ms] [LOG] [auth-store] refreshSession starting @ webpack-internal:///(app-pages-browser)/./lib/stores/auth-store.ts:209
[  665341ms] [LOG] [auth-store] getSession result: no session @ webpack-internal:///(app-pages-browser)/./lib/stores/auth-store.ts:213
[  665346ms] [LOG] [AuthProvider] Initial hydration complete @ webpack-internal:///(app-pages-browser)/./components/providers/AuthProvider.tsx:40
[  665346ms] [LOG] [AuthProvider] Auth event: INITIAL_SESSION @ webpack-internal:///(app-pages-browser)/./components/providers/AuthProvider.tsx:46
[  665347ms] [LOG] [PostHog.js] set_config {config: Object, oldConfig: Object, newConfig: Object} @ webpack-internal:///(app-pages-browser)/../../node_modules/.pnpm/posthog-js@1.364.7/node_modules/posthog-js/dist/module.js:22
[  665347ms] [LOG] [PostHog.js] Persistence loaded localStorage+cookie {$device_id: 019d5401-510f-7d21-a410-204e78f58700, distinct_id: 019d5401-510f-7d21-a410-204e78f58700, $sesid: Array(3), $initial_person_info: Object, $user_state: anonymous} @ webpack-internal:///(app-pages-browser)/../../node_modules/.pnpm/posthog-js@1.364.7/node_modules/posthog-js/dist/module.js:22
[  665348ms] [LOG] [PostHog.js] Persistence loaded sessionStorage {$sdk_debug_extensions_init_method: synchronous, $sdk_debug_extensions_init_time_ms: 2, $sdk_debug_replay_remote_trigger_matching_config: null, $sdk_debug_replay_event_trigger_status: trigger_disabled, $sdk_debug_replay_url_trigger_status: trigger_disabled} @ webpack-internal:///(app-pages-browser)/../../node_modules/.pnpm/posthog-js@1.364.7/node_modules/posthog-js/dist/module.js:22
[  665348ms] [LOG] [PostHog.js] Initializing extensions synchronously @ webpack-internal:///(app-pages-browser)/../../node_modules/.pnpm/posthog-js@1.364.7/node_modules/posthog-js/dist/module.js:22
[  665349ms] [LOG] [PostHog.js] [Web Vitals] enabled, starting... @ webpack-internal:///(app-pages-browser)/../../node_modules/.pnpm/posthog-js@1.364.7/node_modules/posthog-js/dist/module.js:22
[  665349ms] [LOG] [PostHog.js] [SessionRecording] starting @ webpack-internal:///(app-pages-browser)/../../node_modules/.pnpm/posthog-js@1.364.7/node_modules/posthog-js/dist/module.js:22
[  665349ms] [LOG] [PostHog.js] [Heatmaps] starting... @ webpack-internal:///(app-pages-browser)/../../node_modules/.pnpm/posthog-js@1.364.7/node_modules/posthog-js/dist/module.js:22
[  665350ms] [LOG] [PostHog.js] Starting in debug mode {this: _n, config: Object, thisC: Object, p: Object, s: Object} @ webpack-internal:///(app-pages-browser)/../../node_modules/.pnpm/posthog-js@1.364.7/node_modules/posthog-js/dist/module.js:22
[  665350ms] [LOG] You're now in debug mode. All calls to PostHog will be logged in your console.
You can disable this with `posthog.debug(false)`. @ webpack-internal:///(app-pages-browser)/../../node_modules/.pnpm/posthog-js@1.364.7/node_modules/posthog-js/dist/module.js:22
[  665350ms] [LOG] [PostHog.js] Persistence loaded sessionStorage {$sdk_debug_extensions_init_method: synchronous, $sdk_debug_extensions_init_time_ms: 1, $sdk_debug_replay_remote_trigger_matching_config: null, $sdk_debug_replay_event_trigger_status: trigger_disabled, $sdk_debug_replay_url_trigger_status: trigger_disabled} @ webpack-internal:///(app-pages-browser)/../../node_modules/.pnpm/posthog-js@1.364.7/node_modules/posthog-js/dist/module.js:22
[  665350ms] [LOG] [PostHog.js] set_config {config: Object, oldConfig: Object, newConfig: Object} @ webpack-internal:///(app-pages-browser)/../../node_modules/.pnpm/posthog-js@1.364.7/node_modules/posthog-js/dist/module.js:22
[  665350ms] [LOG] [PostHog.js] [SessionRecording] starting @ webpack-internal:///(app-pages-browser)/../../node_modules/.pnpm/posthog-js@1.364.7/node_modules/posthog-js/dist/module.js:22
[  665350ms] [LOG] [PostHog.js] [Dead Clicks] starting... @ webpack-internal:///(app-pages-browser)/../../node_modules/.pnpm/posthog-js@1.364.7/node_modules/posthog-js/dist/module.js:22
[  666147ms] [LOG] [PostHog.js] Persistence loaded sessionStorage {$sdk_debug_extensions_init_method: synchronous, $sdk_debug_extensions_init_time_ms: 1, $sdk_debug_replay_remote_trigger_matching_config: null, $sdk_debug_replay_event_trigger_status: trigger_disabled, $sdk_debug_replay_url_trigger_status: trigger_disabled} @ webpack-internal:///(app-pages-browser)/../../node_modules/.pnpm/posthog-js@1.364.7/node_modules/posthog-js/dist/module.js:22
[  666147ms] [LOG] [PostHog.js] set_config {config: Object, oldConfig: Object, newConfig: Object} @ webpack-internal:///(app-pages-browser)/../../node_modules/.pnpm/posthog-js@1.364.7/node_modules/posthog-js/dist/module.js:22
[  666148ms] [LOG] [PostHog.js] [Surveys] flags response received, isSurveysEnabled: false @ webpack-internal:///(app-pages-browser)/../../node_modules/.pnpm/posthog-js@1.364.7/node_modules/posthog-js/dist/module.js:22
[  666148ms] [LOG] [PostHog.js] [Web Vitals] enabled, starting... @ webpack-internal:///(app-pages-browser)/../../node_modules/.pnpm/posthog-js@1.364.7/node_modules/posthog-js/dist/module.js:22
[  666425ms] [LOG] [PostHog.js] [Surveys] Surveys loaded successfully @ webpack-internal:///(app-pages-browser)/../../node_modules/.pnpm/posthog-js@1.364.7/node_modules/posthog-js/dist/module.js:22
[  671195ms] [LOG] [PostHog.js] send "$web_vitals" {uuid: 019d8899-baa8-78a8-95cb-f81acda84d2b, event: $web_vitals, properties: Object, timestamp: Tue Apr 14 2026 02:17:49 GMT+0530 (India Standard Time)} @ webpack-internal:///(app-pages-browser)/../../node_modules/.pnpm/posthog-js@1.364.7/node_modules/posthog-js/dist/module.js:22
[  673759ms] [LOG] [PostHog.js] send "$snapshot" {uuid: 019d8899-c4ae-72d3-b3d9-f28d71224035, event: $snapshot, properties: Object, timestamp: Tue Apr 14 2026 02:17:51 GMT+0530 (India Standard Time)} @ webpack-internal:///(app-pages-browser)/../../node_modules/.pnpm/posthog-js@1.364.7/node_modules/posthog-js/dist/module.js:22
[  675352ms] [LOG] [PostHog.js] send "$$heatmap" {uuid: 019d8899-cae6-793b-b3d0-4d3d17d30438, event: $$heatmap, properties: Object, timestamp: Tue Apr 14 2026 02:17:53 GMT+0530 (India Standard Time)} @ webpack-internal:///(app-pages-browser)/../../node_modules/.pnpm/posthog-js@1.364.7/node_modules/posthog-js/dist/module.js:22
[  676597ms] [LOG] [PostHog.js] send "$snapshot" {uuid: 019d8899-cfc4-740a-9eed-ecaa80d19cba, event: $snapshot, properties: Object, timestamp: Tue Apr 14 2026 02:17:54 GMT+0530 (India Standard Time)} @ webpack-internal:///(app-pages-browser)/../../node_modules/.pnpm/posthog-js@1.364.7/node_modules/posthog-js/dist/module.js:22
[  702526ms] [LOG] [Fast Refresh] rebuilding @ https://us-assets.i.posthog.com/static/posthog-recorder.js?v=1.364.7:0
[  702912ms] [LOG] [Fast Refresh] done in 385ms @ https://us-assets.i.posthog.com/static/posthog-recorder.js?v=1.364.7:0
[  704529ms] [LOG] [PostHog.js] send "$snapshot" {uuid: 019d889a-3cdf-7ea8-a3d8-faddf9237c00, event: $snapshot, properties: Object, timestamp: Tue Apr 14 2026 02:18:22 GMT+0530 (India Standard Time)} @ webpack-internal:///(app-pages-browser)/../../node_modules/.pnpm/posthog-js@1.364.7/node_modules/posthog-js/dist/module.js:22
[  710013ms] [LOG] [PostHog.js] send "$snapshot" {uuid: 019d889a-524b-7e29-b097-ea1c24af321e, event: $snapshot, properties: Object, timestamp: Tue Apr 14 2026 02:18:28 GMT+0530 (India Standard Time)} @ webpack-internal:///(app-pages-browser)/../../node_modules/.pnpm/posthog-js@1.364.7/node_modules/posthog-js/dist/module.js:22
