[    8849ms] [INFO] %cDownload the React DevTools for a better development experience: https://react.dev/link/react-devtools font-weight:bold @ webpack-internal:///(app-pages-browser)/../../node_modules/.pnpm/next@15.5.14_@opentelemetry+api@1.9.1_react-dom@18.3.1_react@18.2.0__react@18.2.0/node_modules/next/dist/compiled/react-dom/cjs/react-dom-client.development.js:25630
[    9006ms] [LOG] [GTM Event] clear_ecommerce {ecommerce: null} @ webpack-internal:///(app-pages-browser)/./lib/hooks/useGTM.ts:16
[    9006ms] [LOG] [GTM Event] view_item {ecommerce: Object} @ webpack-internal:///(app-pages-browser)/./lib/hooks/useGTM.ts:16
[    9008ms] [LOG] [AuthProvider] Mounting, starting hydration @ webpack-internal:///(app-pages-browser)/./components/providers/AuthProvider.tsx:35
[    9009ms] [LOG] [auth-store] isFreshLogin: false URL: http://localhost:3000/services/gst-registration @ webpack-internal:///(app-pages-browser)/./lib/stores/auth-store.ts:205
[    9009ms] [LOG] [auth-store] refreshSession starting @ webpack-internal:///(app-pages-browser)/./lib/stores/auth-store.ts:209
[    9055ms] [LOG] [auth-store] getSession result: no session @ webpack-internal:///(app-pages-browser)/./lib/stores/auth-store.ts:213
[    9060ms] [LOG] [AuthProvider] Initial hydration complete @ webpack-internal:///(app-pages-browser)/./components/providers/AuthProvider.tsx:40
[    9060ms] [LOG] [AuthProvider] Auth event: INITIAL_SESSION @ webpack-internal:///(app-pages-browser)/./components/providers/AuthProvider.tsx:46
[    9079ms] [LOG] [PostHog.js] set_config {config: Object, oldConfig: Object, newConfig: Object} @ webpack-internal:///(app-pages-browser)/../../node_modules/.pnpm/posthog-js@1.364.7/node_modules/posthog-js/dist/module.js:22
[    9080ms] [LOG] [PostHog.js] Persistence loaded localStorage+cookie {$device_id: 019d5401-510f-7d21-a410-204e78f58700, distinct_id: 019d5401-510f-7d21-a410-204e78f58700, $sesid: Array(3), $initial_person_info: Object, $user_state: anonymous} @ webpack-internal:///(app-pages-browser)/../../node_modules/.pnpm/posthog-js@1.364.7/node_modules/posthog-js/dist/module.js:22
[    9081ms] [LOG] [PostHog.js] Persistence loaded sessionStorage {} @ webpack-internal:///(app-pages-browser)/../../node_modules/.pnpm/posthog-js@1.364.7/node_modules/posthog-js/dist/module.js:22
[    9081ms] [LOG] [PostHog.js] Initializing extensions synchronously @ webpack-internal:///(app-pages-browser)/../../node_modules/.pnpm/posthog-js@1.364.7/node_modules/posthog-js/dist/module.js:22
[    9081ms] [LOG] [PostHog.js] [Web Vitals] enabled, starting... @ webpack-internal:///(app-pages-browser)/../../node_modules/.pnpm/posthog-js@1.364.7/node_modules/posthog-js/dist/module.js:22
[    9082ms] [LOG] [PostHog.js] [SessionRecording] starting @ webpack-internal:///(app-pages-browser)/../../node_modules/.pnpm/posthog-js@1.364.7/node_modules/posthog-js/dist/module.js:22
[    9082ms] [LOG] [PostHog.js] [Heatmaps] starting... @ webpack-internal:///(app-pages-browser)/../../node_modules/.pnpm/posthog-js@1.364.7/node_modules/posthog-js/dist/module.js:22
[    9082ms] [LOG] [PostHog.js] Starting in debug mode {this: _n, config: Object, thisC: Object, p: Object, s: Object} @ webpack-internal:///(app-pages-browser)/../../node_modules/.pnpm/posthog-js@1.364.7/node_modules/posthog-js/dist/module.js:22
[    9083ms] [LOG] You're now in debug mode. All calls to PostHog will be logged in your console.
You can disable this with `posthog.debug(false)`. @ webpack-internal:///(app-pages-browser)/../../node_modules/.pnpm/posthog-js@1.364.7/node_modules/posthog-js/dist/module.js:22
[    9083ms] [LOG] [PostHog.js] Persistence loaded sessionStorage {$sdk_debug_extensions_init_method: synchronous, $sdk_debug_extensions_init_time_ms: 1} @ webpack-internal:///(app-pages-browser)/../../node_modules/.pnpm/posthog-js@1.364.7/node_modules/posthog-js/dist/module.js:22
[    9083ms] [LOG] [PostHog.js] set_config {config: Object, oldConfig: Object, newConfig: Object} @ webpack-internal:///(app-pages-browser)/../../node_modules/.pnpm/posthog-js@1.364.7/node_modules/posthog-js/dist/module.js:22
[    9083ms] [LOG] [PostHog.js] [SessionRecording] starting @ webpack-internal:///(app-pages-browser)/../../node_modules/.pnpm/posthog-js@1.364.7/node_modules/posthog-js/dist/module.js:22
[    9904ms] [LOG] [PostHog.js] [Dead Clicks] starting... @ webpack-internal:///(app-pages-browser)/../../node_modules/.pnpm/posthog-js@1.364.7/node_modules/posthog-js/dist/module.js:22
[    9908ms] [LOG] [PostHog.js] Persistence loaded sessionStorage {$sdk_debug_extensions_init_method: synchronous, $sdk_debug_extensions_init_time_ms: 1} @ webpack-internal:///(app-pages-browser)/../../node_modules/.pnpm/posthog-js@1.364.7/node_modules/posthog-js/dist/module.js:22
[    9908ms] [LOG] [PostHog.js] set_config {config: Object, oldConfig: Object, newConfig: Object} @ webpack-internal:///(app-pages-browser)/../../node_modules/.pnpm/posthog-js@1.364.7/node_modules/posthog-js/dist/module.js:22
[    9908ms] [LOG] [PostHog.js] [SessionRecording] starting @ webpack-internal:///(app-pages-browser)/../../node_modules/.pnpm/posthog-js@1.364.7/node_modules/posthog-js/dist/module.js:22
[    9908ms] [LOG] [PostHog.js] [SessionRecording] starting @ webpack-internal:///(app-pages-browser)/../../node_modules/.pnpm/posthog-js@1.364.7/node_modules/posthog-js/dist/module.js:22
[    9908ms] [LOG] [PostHog.js] [Surveys] flags response received, isSurveysEnabled: false @ webpack-internal:///(app-pages-browser)/../../node_modules/.pnpm/posthog-js@1.364.7/node_modules/posthog-js/dist/module.js:22
[    9908ms] [LOG] [PostHog.js] [Web Vitals] enabled, starting... @ webpack-internal:///(app-pages-browser)/../../node_modules/.pnpm/posthog-js@1.364.7/node_modules/posthog-js/dist/module.js:22
[    9943ms] [LOG] [PostHog.js] [SessionId] new session ID generated {sessionId: 019d888a-de1c-7438-ad37-8cac460bf1eb, windowId: 019d888a-de1c-7438-ad37-8cad8d554d76, changeReason: Object} @ webpack-internal:///(app-pages-browser)/../../node_modules/.pnpm/posthog-js@1.364.7/node_modules/posthog-js/dist/module.js:22
[   10456ms] [LOG] [PostHog.js] [Surveys] Surveys loaded successfully @ webpack-internal:///(app-pages-browser)/../../node_modules/.pnpm/posthog-js@1.364.7/node_modules/posthog-js/dist/module.js:22
[   13836ms] [LOG] [PostHog.js] send "$snapshot" {uuid: 019d888a-ed51-7441-82f3-09786870194e, event: $snapshot, properties: Object, timestamp: Tue Apr 14 2026 02:01:39 GMT+0530 (India Standard Time)} @ webpack-internal:///(app-pages-browser)/../../node_modules/.pnpm/posthog-js@1.364.7/node_modules/posthog-js/dist/module.js:22
[   14086ms] [LOG] [PostHog.js] send "$$heatmap" {uuid: 019d888a-ee48-7eb5-aee6-1287a40f5a87, event: $$heatmap, properties: Object, timestamp: Tue Apr 14 2026 02:01:39 GMT+0530 (India Standard Time)} @ webpack-internal:///(app-pages-browser)/../../node_modules/.pnpm/posthog-js@1.364.7/node_modules/posthog-js/dist/module.js:22
[   14945ms] [LOG] [PostHog.js] send "$web_vitals" {uuid: 019d888a-f1a5-756a-839e-53d327612e46, event: $web_vitals, properties: Object, timestamp: Tue Apr 14 2026 02:01:40 GMT+0530 (India Standard Time)} @ webpack-internal:///(app-pages-browser)/../../node_modules/.pnpm/posthog-js@1.364.7/node_modules/posthog-js/dist/module.js:22
[   16152ms] [LOG] [PostHog.js] send "$snapshot" {uuid: 019d888a-f65d-7fbe-a7db-1d7d6bea8467, event: $snapshot, properties: Object, timestamp: Tue Apr 14 2026 02:01:41 GMT+0530 (India Standard Time)} @ webpack-internal:///(app-pages-browser)/../../node_modules/.pnpm/posthog-js@1.364.7/node_modules/posthog-js/dist/module.js:22
[   18674ms] [LOG] [PostHog.js] send "$snapshot" {uuid: 019d888b-0036-765a-9bb8-ec7e969ca321, event: $snapshot, properties: Object, timestamp: Tue Apr 14 2026 02:01:44 GMT+0530 (India Standard Time)} @ webpack-internal:///(app-pages-browser)/../../node_modules/.pnpm/posthog-js@1.364.7/node_modules/posthog-js/dist/module.js:22
[   20768ms] [LOG] [PostHog.js] send "$snapshot" {uuid: 019d888b-0864-7e05-b759-ce717d28df12, event: $snapshot, properties: Object, timestamp: Tue Apr 14 2026 02:01:46 GMT+0530 (India Standard Time)} @ webpack-internal:///(app-pages-browser)/../../node_modules/.pnpm/posthog-js@1.364.7/node_modules/posthog-js/dist/module.js:22
[   22800ms] [LOG] [PostHog.js] send "$snapshot" {uuid: 019d888b-1054-7835-9385-553245d38c06, event: $snapshot, properties: Object, timestamp: Tue Apr 14 2026 02:01:48 GMT+0530 (India Standard Time)} @ webpack-internal:///(app-pages-browser)/../../node_modules/.pnpm/posthog-js@1.364.7/node_modules/posthog-js/dist/module.js:22
[   24084ms] [LOG] [PostHog.js] send "$$heatmap" {uuid: 019d888b-1558-7dd2-97e7-192576d2258a, event: $$heatmap, properties: Object, timestamp: Tue Apr 14 2026 02:01:49 GMT+0530 (India Standard Time)} @ webpack-internal:///(app-pages-browser)/../../node_modules/.pnpm/posthog-js@1.364.7/node_modules/posthog-js/dist/module.js:22
[   24814ms] [LOG] [PostHog.js] send "$snapshot" {uuid: 019d888b-1833-7186-8a37-2f89b6aeb4d9, event: $snapshot, properties: Object, timestamp: Tue Apr 14 2026 02:01:50 GMT+0530 (India Standard Time)} @ webpack-internal:///(app-pages-browser)/../../node_modules/.pnpm/posthog-js@1.364.7/node_modules/posthog-js/dist/module.js:22
[   26893ms] [LOG] [PostHog.js] send "$snapshot" {uuid: 019d888b-2051-766b-b03c-cd16de0c5a75, event: $snapshot, properties: Object, timestamp: Tue Apr 14 2026 02:01:52 GMT+0530 (India Standard Time)} @ webpack-internal:///(app-pages-browser)/../../node_modules/.pnpm/posthog-js@1.364.7/node_modules/posthog-js/dist/module.js:22
[   29200ms] [LOG] [PostHog.js] send "$snapshot" {uuid: 019d888b-2954-7c27-b246-c904b0f8e4f5, event: $snapshot, properties: Object, timestamp: Tue Apr 14 2026 02:01:54 GMT+0530 (India Standard Time)} @ webpack-internal:///(app-pages-browser)/../../node_modules/.pnpm/posthog-js@1.364.7/node_modules/posthog-js/dist/module.js:22
[   31265ms] [LOG] [PostHog.js] send "$snapshot" {uuid: 019d888b-3165-7dbc-947f-3d75d29ad035, event: $snapshot, properties: Object, timestamp: Tue Apr 14 2026 02:01:56 GMT+0530 (India Standard Time)} @ webpack-internal:///(app-pages-browser)/../../node_modules/.pnpm/posthog-js@1.364.7/node_modules/posthog-js/dist/module.js:22
[   33362ms] [LOG] [PostHog.js] send "$snapshot" {uuid: 019d888b-3997-765d-8c0c-1f7210a041a1, event: $snapshot, properties: Object, timestamp: Tue Apr 14 2026 02:01:58 GMT+0530 (India Standard Time)} @ webpack-internal:///(app-pages-browser)/../../node_modules/.pnpm/posthog-js@1.364.7/node_modules/posthog-js/dist/module.js:22
[   35410ms] [LOG] [PostHog.js] send "$snapshot" {uuid: 019d888b-4197-700c-aff2-358d39d0004a, event: $snapshot, properties: Object, timestamp: Tue Apr 14 2026 02:02:00 GMT+0530 (India Standard Time)} @ webpack-internal:///(app-pages-browser)/../../node_modules/.pnpm/posthog-js@1.364.7/node_modules/posthog-js/dist/module.js:22
[   37412ms] [LOG] [PostHog.js] send "$snapshot" {uuid: 019d888b-4968-7cdc-b73e-ecb431834773, event: $snapshot, properties: Object, timestamp: Tue Apr 14 2026 02:02:02 GMT+0530 (India Standard Time)} @ webpack-internal:///(app-pages-browser)/../../node_modules/.pnpm/posthog-js@1.364.7/node_modules/posthog-js/dist/module.js:22
[   39483ms] [LOG] [PostHog.js] send "$snapshot" {uuid: 019d888b-517f-7916-af54-ae15e68c2e9c, event: $snapshot, properties: Object, timestamp: Tue Apr 14 2026 02:02:04 GMT+0530 (India Standard Time)} @ webpack-internal:///(app-pages-browser)/../../node_modules/.pnpm/posthog-js@1.364.7/node_modules/posthog-js/dist/module.js:22
[   41526ms] [LOG] [PostHog.js] send "$snapshot" {uuid: 019d888b-597b-7441-b99d-8ccd9b9fe02d, event: $snapshot, properties: Object, timestamp: Tue Apr 14 2026 02:02:07 GMT+0530 (India Standard Time)} @ webpack-internal:///(app-pages-browser)/../../node_modules/.pnpm/posthog-js@1.364.7/node_modules/posthog-js/dist/module.js:22
[   43640ms] [LOG] [PostHog.js] send "$snapshot" {uuid: 019d888b-61bd-70aa-abcc-f14680a484b9, event: $snapshot, properties: Object, timestamp: Tue Apr 14 2026 02:02:09 GMT+0530 (India Standard Time)} @ webpack-internal:///(app-pages-browser)/../../node_modules/.pnpm/posthog-js@1.364.7/node_modules/posthog-js/dist/module.js:22
[   44085ms] [LOG] [PostHog.js] send "$$heatmap" {uuid: 019d888b-6378-75e0-a1be-9e898a19f4f3, event: $$heatmap, properties: Object, timestamp: Tue Apr 14 2026 02:02:09 GMT+0530 (India Standard Time)} @ webpack-internal:///(app-pages-browser)/../../node_modules/.pnpm/posthog-js@1.364.7/node_modules/posthog-js/dist/module.js:22
[   46130ms] [LOG] [PostHog.js] send "$snapshot" {uuid: 019d888b-6b76-7375-8de3-1f5c4acf67c1, event: $snapshot, properties: Object, timestamp: Tue Apr 14 2026 02:02:11 GMT+0530 (India Standard Time)} @ webpack-internal:///(app-pages-browser)/../../node_modules/.pnpm/posthog-js@1.364.7/node_modules/posthog-js/dist/module.js:22
[   48172ms] [LOG] [PostHog.js] send "$snapshot" {uuid: 019d888b-7370-7a01-8273-9858eb8aa703, event: $snapshot, properties: Object, timestamp: Tue Apr 14 2026 02:02:13 GMT+0530 (India Standard Time)} @ webpack-internal:///(app-pages-browser)/../../node_modules/.pnpm/posthog-js@1.364.7/node_modules/posthog-js/dist/module.js:22
[   50743ms] [LOG] [PostHog.js] send "$snapshot" {uuid: 019d888b-7d7c-75e6-ba2f-b45a6abadeaa, event: $snapshot, properties: Object, timestamp: Tue Apr 14 2026 02:02:16 GMT+0530 (India Standard Time)} @ webpack-internal:///(app-pages-browser)/../../node_modules/.pnpm/posthog-js@1.364.7/node_modules/posthog-js/dist/module.js:22
[   51295ms] [LOG] [PostHog.js] send "$autocapture" {uuid: 019d888b-7fa3-7b29-a100-1dbf91875101, event: $autocapture, properties: Object, timestamp: Tue Apr 14 2026 02:02:16 GMT+0530 (India Standard Time)} @ webpack-internal:///(app-pages-browser)/../../node_modules/.pnpm/posthog-js@1.364.7/node_modules/posthog-js/dist/module.js:22
[   52600ms] [LOG] [PostHog.js] send "$autocapture" {uuid: 019d888b-84bc-7a61-9f38-61a444c24d57, event: $autocapture, properties: Object, timestamp: Tue Apr 14 2026 02:02:18 GMT+0530 (India Standard Time)} @ webpack-internal:///(app-pages-browser)/../../node_modules/.pnpm/posthog-js@1.364.7/node_modules/posthog-js/dist/module.js:22
[   53101ms] [LOG] [PostHog.js] send "$snapshot" {uuid: 019d888b-86b2-7f32-bda2-967113ad521e, event: $snapshot, properties: Object, timestamp: Tue Apr 14 2026 02:02:18 GMT+0530 (India Standard Time)} @ webpack-internal:///(app-pages-browser)/../../node_modules/.pnpm/posthog-js@1.364.7/node_modules/posthog-js/dist/module.js:22
[   54083ms] [LOG] [PostHog.js] send "$$heatmap" {uuid: 019d888b-8a87-73f5-a33d-763f32f3e451, event: $$heatmap, properties: Object, timestamp: Tue Apr 14 2026 02:02:19 GMT+0530 (India Standard Time)} @ webpack-internal:///(app-pages-browser)/../../node_modules/.pnpm/posthog-js@1.364.7/node_modules/posthog-js/dist/module.js:22
[   55329ms] [LOG] [PostHog.js] send "$snapshot" {uuid: 019d888b-8f66-7e4a-bb5d-c971d61826e2, event: $snapshot, properties: Object, timestamp: Tue Apr 14 2026 02:02:20 GMT+0530 (India Standard Time)} @ webpack-internal:///(app-pages-browser)/../../node_modules/.pnpm/posthog-js@1.364.7/node_modules/posthog-js/dist/module.js:22
[   56225ms] [LOG] [PostHog.js] send "$autocapture" {uuid: 019d888b-92e5-7819-b4f0-eb9f36ab625e, event: $autocapture, properties: Object, timestamp: Tue Apr 14 2026 02:02:21 GMT+0530 (India Standard Time)} @ webpack-internal:///(app-pages-browser)/../../node_modules/.pnpm/posthog-js@1.364.7/node_modules/posthog-js/dist/module.js:22
[   56304ms] [LOG] [PostHog.js] send "$web_vitals" {uuid: 019d888b-9334-7fc7-ae96-36e66e2ff999, event: $web_vitals, properties: Object, timestamp: Tue Apr 14 2026 02:02:21 GMT+0530 (India Standard Time)} @ webpack-internal:///(app-pages-browser)/../../node_modules/.pnpm/posthog-js@1.364.7/node_modules/posthog-js/dist/module.js:22
[   56850ms] [LOG] [PostHog.js] send "$autocapture" {uuid: 019d888b-9556-7092-8c5f-f6b94515dd2f, event: $autocapture, properties: Object, timestamp: Tue Apr 14 2026 02:02:22 GMT+0530 (India Standard Time)} @ webpack-internal:///(app-pages-browser)/../../node_modules/.pnpm/posthog-js@1.364.7/node_modules/posthog-js/dist/module.js:22
[   57392ms] [LOG] [PostHog.js] send "$snapshot" {uuid: 019d888b-9774-7c7e-a555-c14b94d9fb21, event: $snapshot, properties: Object, timestamp: Tue Apr 14 2026 02:02:22 GMT+0530 (India Standard Time)} @ webpack-internal:///(app-pages-browser)/../../node_modules/.pnpm/posthog-js@1.364.7/node_modules/posthog-js/dist/module.js:22
[   59084ms] [LOG] [PostHog.js] send "$$heatmap" {uuid: 019d888b-9e10-7550-a015-76d9de43b954, event: $$heatmap, properties: Object, timestamp: Tue Apr 14 2026 02:02:24 GMT+0530 (India Standard Time)} @ webpack-internal:///(app-pages-browser)/../../node_modules/.pnpm/posthog-js@1.364.7/node_modules/posthog-js/dist/module.js:22
[   59472ms] [LOG] [PostHog.js] send "$snapshot" {uuid: 019d888b-9f94-7fba-adaf-e3c06ea933c8, event: $snapshot, properties: Object, timestamp: Tue Apr 14 2026 02:02:24 GMT+0530 (India Standard Time)} @ webpack-internal:///(app-pages-browser)/../../node_modules/.pnpm/posthog-js@1.364.7/node_modules/posthog-js/dist/module.js:22
[   61546ms] [LOG] [PostHog.js] send "$snapshot" {uuid: 019d888b-a7af-724b-b765-363be824a089, event: $snapshot, properties: Object, timestamp: Tue Apr 14 2026 02:02:27 GMT+0530 (India Standard Time)} @ webpack-internal:///(app-pages-browser)/../../node_modules/.pnpm/posthog-js@1.364.7/node_modules/posthog-js/dist/module.js:22
[   63590ms] [LOG] [PostHog.js] send "$snapshot" {uuid: 019d888b-afaa-7176-a40d-a877cdc11ce5, event: $snapshot, properties: Object, timestamp: Tue Apr 14 2026 02:02:29 GMT+0530 (India Standard Time)} @ webpack-internal:///(app-pages-browser)/../../node_modules/.pnpm/posthog-js@1.364.7/node_modules/posthog-js/dist/module.js:22
[   64085ms] [LOG] [PostHog.js] send "$$heatmap" {uuid: 019d888b-b198-7028-bf02-f12096b27138, event: $$heatmap, properties: Object, timestamp: Tue Apr 14 2026 02:02:29 GMT+0530 (India Standard Time)} @ webpack-internal:///(app-pages-browser)/../../node_modules/.pnpm/posthog-js@1.364.7/node_modules/posthog-js/dist/module.js:22
[   65596ms] [LOG] [PostHog.js] send "$snapshot" {uuid: 019d888b-b781-774d-a23a-e03d45879bea, event: $snapshot, properties: Object, timestamp: Tue Apr 14 2026 02:02:31 GMT+0530 (India Standard Time)} @ webpack-internal:///(app-pages-browser)/../../node_modules/.pnpm/posthog-js@1.364.7/node_modules/posthog-js/dist/module.js:22
[   65600ms] [LOG] [PostHog.js] send "$autocapture" {uuid: 019d888b-b784-7fce-870c-c77fdd2d8bf8, event: $autocapture, properties: Object, timestamp: Tue Apr 14 2026 02:02:31 GMT+0530 (India Standard Time)} @ webpack-internal:///(app-pages-browser)/../../node_modules/.pnpm/posthog-js@1.364.7/node_modules/posthog-js/dist/module.js:22
[   66083ms] [LOG] [PostHog.js] send "$autocapture" {uuid: 019d888b-b968-7e76-a4bb-4d5f70d94d67, event: $autocapture, properties: Object, timestamp: Tue Apr 14 2026 02:02:31 GMT+0530 (India Standard Time)} @ webpack-internal:///(app-pages-browser)/../../node_modules/.pnpm/posthog-js@1.364.7/node_modules/posthog-js/dist/module.js:22
[   67600ms] [LOG] [PostHog.js] send "$snapshot" {uuid: 019d888b-bf55-7228-8f10-1aa6de1bbbcf, event: $snapshot, properties: Object, timestamp: Tue Apr 14 2026 02:02:33 GMT+0530 (India Standard Time)} @ webpack-internal:///(app-pages-browser)/../../node_modules/.pnpm/posthog-js@1.364.7/node_modules/posthog-js/dist/module.js:22
[   69084ms] [LOG] [PostHog.js] send "$$heatmap" {uuid: 019d888b-c520-7bcb-b7ab-032cdb0668c6, event: $$heatmap, properties: Object, timestamp: Tue Apr 14 2026 02:02:34 GMT+0530 (India Standard Time)} @ webpack-internal:///(app-pages-browser)/../../node_modules/.pnpm/posthog-js@1.364.7/node_modules/posthog-js/dist/module.js:22
[   69673ms] [LOG] [PostHog.js] send "$snapshot" {uuid: 019d888b-c76d-7dd7-804f-7e4dd9ee7f9f, event: $snapshot, properties: Object, timestamp: Tue Apr 14 2026 02:02:35 GMT+0530 (India Standard Time)} @ webpack-internal:///(app-pages-browser)/../../node_modules/.pnpm/posthog-js@1.364.7/node_modules/posthog-js/dist/module.js:22
[   71075ms] [LOG] [PostHog.js] send "$autocapture" {uuid: 019d888b-cce7-70f5-9cd1-e7192bb4832f, event: $autocapture, properties: Object, timestamp: Tue Apr 14 2026 02:02:36 GMT+0530 (India Standard Time)} @ webpack-internal:///(app-pages-browser)/../../node_modules/.pnpm/posthog-js@1.364.7/node_modules/posthog-js/dist/module.js:22
[   71517ms] [LOG] [PostHog.js] send "$autocapture" {uuid: 019d888b-cea2-77ee-9f1f-c930dcdba71c, event: $autocapture, properties: Object, timestamp: Tue Apr 14 2026 02:02:37 GMT+0530 (India Standard Time)} @ webpack-internal:///(app-pages-browser)/../../node_modules/.pnpm/posthog-js@1.364.7/node_modules/posthog-js/dist/module.js:22
[   71765ms] [LOG] [PostHog.js] send "$snapshot" {uuid: 019d888b-cf9a-7b43-bcda-536f3f0204e3, event: $snapshot, properties: Object, timestamp: Tue Apr 14 2026 02:02:37 GMT+0530 (India Standard Time)} @ webpack-internal:///(app-pages-browser)/../../node_modules/.pnpm/posthog-js@1.364.7/node_modules/posthog-js/dist/module.js:22
[   73817ms] [LOG] [PostHog.js] send "$snapshot" {uuid: 019d888b-d79d-7831-9527-eb59e6ebedca, event: $snapshot, properties: Object, timestamp: Tue Apr 14 2026 02:02:39 GMT+0530 (India Standard Time)} @ webpack-internal:///(app-pages-browser)/../../node_modules/.pnpm/posthog-js@1.364.7/node_modules/posthog-js/dist/module.js:22
[   74084ms] [LOG] [PostHog.js] send "$$heatmap" {uuid: 019d888b-d8a8-7cc9-b38a-d902f8128d61, event: $$heatmap, properties: Object, timestamp: Tue Apr 14 2026 02:02:39 GMT+0530 (India Standard Time)} @ webpack-internal:///(app-pages-browser)/../../node_modules/.pnpm/posthog-js@1.364.7/node_modules/posthog-js/dist/module.js:22
[   75863ms] [LOG] [PostHog.js] send "$snapshot" {uuid: 019d888b-df9c-7b5d-9582-a5ff1c0fb71d, event: $snapshot, properties: Object, timestamp: Tue Apr 14 2026 02:02:41 GMT+0530 (India Standard Time)} @ webpack-internal:///(app-pages-browser)/../../node_modules/.pnpm/posthog-js@1.364.7/node_modules/posthog-js/dist/module.js:22
[   78442ms] [LOG] [PostHog.js] send "$snapshot" {uuid: 019d888b-e9ae-7742-815a-a18c5ed7b541, event: $snapshot, properties: Object, timestamp: Tue Apr 14 2026 02:02:43 GMT+0530 (India Standard Time)} @ webpack-internal:///(app-pages-browser)/../../node_modules/.pnpm/posthog-js@1.364.7/node_modules/posthog-js/dist/module.js:22
[   80664ms] [LOG] [PostHog.js] send "$snapshot" {uuid: 019d888b-f25d-7629-afa0-40f519ea540d, event: $snapshot, properties: Object, timestamp: Tue Apr 14 2026 02:02:46 GMT+0530 (India Standard Time)} @ webpack-internal:///(app-pages-browser)/../../node_modules/.pnpm/posthog-js@1.364.7/node_modules/posthog-js/dist/module.js:22
[   84084ms] [LOG] [PostHog.js] send "$$heatmap" {uuid: 019d888b-ffb8-7266-8763-61c44bf20bf4, event: $$heatmap, properties: Object, timestamp: Tue Apr 14 2026 02:02:49 GMT+0530 (India Standard Time)} @ webpack-internal:///(app-pages-browser)/../../node_modules/.pnpm/posthog-js@1.364.7/node_modules/posthog-js/dist/module.js:22
[   85318ms] [LOG] [PostHog.js] send "$snapshot" {uuid: 019d888c-048b-7150-879c-062056b94a6a, event: $snapshot, properties: Object, timestamp: Tue Apr 14 2026 02:02:50 GMT+0530 (India Standard Time)} @ webpack-internal:///(app-pages-browser)/../../node_modules/.pnpm/posthog-js@1.364.7/node_modules/posthog-js/dist/module.js:22
[   87420ms] [LOG] [PostHog.js] send "$snapshot" {uuid: 019d888c-0cc0-749e-ba7f-71a9ffe764a1, event: $snapshot, properties: Object, timestamp: Tue Apr 14 2026 02:02:52 GMT+0530 (India Standard Time)} @ webpack-internal:///(app-pages-browser)/../../node_modules/.pnpm/posthog-js@1.364.7/node_modules/posthog-js/dist/module.js:22
[   89085ms] [LOG] [PostHog.js] send "$$heatmap" {uuid: 019d888c-1341-751d-98f6-63682dceeb20, event: $$heatmap, properties: Object, timestamp: Tue Apr 14 2026 02:02:54 GMT+0530 (India Standard Time)} @ webpack-internal:///(app-pages-browser)/../../node_modules/.pnpm/posthog-js@1.364.7/node_modules/posthog-js/dist/module.js:22
[   89655ms] [LOG] [PostHog.js] send "$snapshot" {uuid: 019d888c-157c-7d72-8e67-91b8f4cfa18e, event: $snapshot, properties: Object, timestamp: Tue Apr 14 2026 02:02:55 GMT+0530 (India Standard Time)} @ webpack-internal:///(app-pages-browser)/../../node_modules/.pnpm/posthog-js@1.364.7/node_modules/posthog-js/dist/module.js:22
[  122994ms] [LOG] [PostHog.js] send "$snapshot" {uuid: 019d888c-97b6-7117-9abb-4f2b8c156c81, event: $snapshot, properties: Object, timestamp: Tue Apr 14 2026 02:03:28 GMT+0530 (India Standard Time)} @ webpack-internal:///(app-pages-browser)/../../node_modules/.pnpm/posthog-js@1.364.7/node_modules/posthog-js/dist/module.js:22
[  124087ms] [LOG] [PostHog.js] send "$$heatmap" {uuid: 019d888c-9bf9-79f4-a7a4-23064fefd8db, event: $$heatmap, properties: Object, timestamp: Tue Apr 14 2026 02:03:29 GMT+0530 (India Standard Time)} @ webpack-internal:///(app-pages-browser)/../../node_modules/.pnpm/posthog-js@1.364.7/node_modules/posthog-js/dist/module.js:22
[  125013ms] [LOG] [PostHog.js] send "$snapshot" {uuid: 019d888c-9f99-7f08-b161-8f92d092293c, event: $snapshot, properties: Object, timestamp: Tue Apr 14 2026 02:03:30 GMT+0530 (India Standard Time)} @ webpack-internal:///(app-pages-browser)/../../node_modules/.pnpm/posthog-js@1.364.7/node_modules/posthog-js/dist/module.js:22
[  127023ms] [LOG] [PostHog.js] send "$snapshot" {uuid: 019d888c-a773-7419-a699-374f3c768f1e, event: $snapshot, properties: Object, timestamp: Tue Apr 14 2026 02:03:32 GMT+0530 (India Standard Time)} @ webpack-internal:///(app-pages-browser)/../../node_modules/.pnpm/posthog-js@1.364.7/node_modules/posthog-js/dist/module.js:22
[  129086ms] [LOG] [PostHog.js] send "$$heatmap" {uuid: 019d888c-af81-76cd-8ae5-2539497ce44c, event: $$heatmap, properties: Object, timestamp: Tue Apr 14 2026 02:03:34 GMT+0530 (India Standard Time)} @ webpack-internal:///(app-pages-browser)/../../node_modules/.pnpm/posthog-js@1.364.7/node_modules/posthog-js/dist/module.js:22
[  129329ms] [LOG] [PostHog.js] send "$snapshot" {uuid: 019d888c-b076-7955-97e0-5bbfcac542fa, event: $snapshot, properties: Object, timestamp: Tue Apr 14 2026 02:03:34 GMT+0530 (India Standard Time)} @ webpack-internal:///(app-pages-browser)/../../node_modules/.pnpm/posthog-js@1.364.7/node_modules/posthog-js/dist/module.js:22
[  145852ms] [LOG] [PostHog.js] send "$snapshot" {uuid: 019d888c-f100-7ed3-b60c-3908c660007d, event: $snapshot, properties: Object, timestamp: Tue Apr 14 2026 02:03:51 GMT+0530 (India Standard Time)} @ webpack-internal:///(app-pages-browser)/../../node_modules/.pnpm/posthog-js@1.364.7/node_modules/posthog-js/dist/module.js:22
[  149086ms] [LOG] [PostHog.js] send "$$heatmap" {uuid: 019d888c-fda1-797a-9b71-842aa87b6d25, event: $$heatmap, properties: Object, timestamp: Tue Apr 14 2026 02:03:54 GMT+0530 (India Standard Time)} @ webpack-internal:///(app-pages-browser)/../../node_modules/.pnpm/posthog-js@1.364.7/node_modules/posthog-js/dist/module.js:22
[  149994ms] [LOG] [PostHog.js] send "$snapshot" {uuid: 019d888d-012f-7aff-93fc-36103dc1e9c8, event: $snapshot, properties: Object, timestamp: Tue Apr 14 2026 02:03:55 GMT+0530 (India Standard Time)} @ webpack-internal:///(app-pages-browser)/../../node_modules/.pnpm/posthog-js@1.364.7/node_modules/posthog-js/dist/module.js:22
[  154777ms] [LOG] [PostHog.js] send "$$heatmap" {uuid: 019d888d-13dd-759e-8d5c-7695d97f8407, event: $$heatmap, properties: Object, timestamp: Tue Apr 14 2026 02:04:00 GMT+0530 (India Standard Time)} @ webpack-internal:///(app-pages-browser)/../../node_modules/.pnpm/posthog-js@1.364.7/node_modules/posthog-js/dist/module.js:22
[  154777ms] [LOG] [PostHog.js] send "$snapshot" {uuid: 019d888d-13dd-759e-8d5c-7696094a2b1d, event: $snapshot, properties: Object, timestamp: Tue Apr 14 2026 02:04:00 GMT+0530 (India Standard Time)} @ webpack-internal:///(app-pages-browser)/../../node_modules/.pnpm/posthog-js@1.364.7/node_modules/posthog-js/dist/module.js:22
[  156871ms] [LOG] [PostHog.js] send "$snapshot" {uuid: 019d888d-1c0b-7e73-8eaa-849a37f1a10e, event: $snapshot, properties: Object, timestamp: Tue Apr 14 2026 02:04:02 GMT+0530 (India Standard Time)} @ webpack-internal:///(app-pages-browser)/../../node_modules/.pnpm/posthog-js@1.364.7/node_modules/posthog-js/dist/module.js:22
[  158949ms] [LOG] [PostHog.js] send "$snapshot" {uuid: 019d888d-2429-7703-aa58-42494aaf0855, event: $snapshot, properties: Object, timestamp: Tue Apr 14 2026 02:04:04 GMT+0530 (India Standard Time)} @ webpack-internal:///(app-pages-browser)/../../node_modules/.pnpm/posthog-js@1.364.7/node_modules/posthog-js/dist/module.js:22
[  159085ms] [LOG] [PostHog.js] send "$$heatmap" {uuid: 019d888d-24b1-784c-af5a-36a8b428b7fc, event: $$heatmap, properties: Object, timestamp: Tue Apr 14 2026 02:04:04 GMT+0530 (India Standard Time)} @ webpack-internal:///(app-pages-browser)/../../node_modules/.pnpm/posthog-js@1.364.7/node_modules/posthog-js/dist/module.js:22
[  161793ms] [LOG] [PostHog.js] send "$snapshot" {uuid: 019d888d-2f45-720c-83a2-043c4d5a0007, event: $snapshot, properties: Object, timestamp: Tue Apr 14 2026 02:04:07 GMT+0530 (India Standard Time)} @ webpack-internal:///(app-pages-browser)/../../node_modules/.pnpm/posthog-js@1.364.7/node_modules/posthog-js/dist/module.js:22
[  166275ms] [LOG] [PostHog.js] send "$snapshot" {uuid: 019d888d-40c7-7b7a-ba86-f6125a8dc1e4, event: $snapshot, properties: Object, timestamp: Tue Apr 14 2026 02:04:11 GMT+0530 (India Standard Time)} @ webpack-internal:///(app-pages-browser)/../../node_modules/.pnpm/posthog-js@1.364.7/node_modules/posthog-js/dist/module.js:22
[  168312ms] [LOG] [PostHog.js] send "$snapshot" {uuid: 019d888d-48bc-71dd-8cd7-acb43df0b22c, event: $snapshot, properties: Object, timestamp: Tue Apr 14 2026 02:04:13 GMT+0530 (India Standard Time)} @ webpack-internal:///(app-pages-browser)/../../node_modules/.pnpm/posthog-js@1.364.7/node_modules/posthog-js/dist/module.js:22
[  169086ms] [LOG] [PostHog.js] send "$$heatmap" {uuid: 019d888d-4bc1-7f8e-baba-6ae5f62a3fa8, event: $$heatmap, properties: Object, timestamp: Tue Apr 14 2026 02:04:14 GMT+0530 (India Standard Time)} @ webpack-internal:///(app-pages-browser)/../../node_modules/.pnpm/posthog-js@1.364.7/node_modules/posthog-js/dist/module.js:22
[  172087ms] [LOG] [PostHog.js] send "$snapshot" {uuid: 019d888d-577b-7016-91a8-c779e87328df, event: $snapshot, properties: Object, timestamp: Tue Apr 14 2026 02:04:17 GMT+0530 (India Standard Time)} @ webpack-internal:///(app-pages-browser)/../../node_modules/.pnpm/posthog-js@1.364.7/node_modules/posthog-js/dist/module.js:22
[  174084ms] [LOG] [PostHog.js] send "$$heatmap" {uuid: 019d888d-5f48-7ddd-a30f-30e0c37e9fd6, event: $$heatmap, properties: Object, timestamp: Tue Apr 14 2026 02:04:19 GMT+0530 (India Standard Time)} @ webpack-internal:///(app-pages-browser)/../../node_modules/.pnpm/posthog-js@1.364.7/node_modules/posthog-js/dist/module.js:22
[  191538ms] [LOG] [PostHog.js] send "$snapshot" {uuid: 019d888d-a377-706a-8374-37b44d7bc3c4, event: $snapshot, properties: Object, timestamp: Tue Apr 14 2026 02:04:37 GMT+0530 (India Standard Time)} @ webpack-internal:///(app-pages-browser)/../../node_modules/.pnpm/posthog-js@1.364.7/node_modules/posthog-js/dist/module.js:22
[  194036ms] [LOG] [PostHog.js] send "$snapshot" {uuid: 019d888d-ad38-7471-8a94-29573defc54c, event: $snapshot, properties: Object, timestamp: Tue Apr 14 2026 02:04:39 GMT+0530 (India Standard Time)} @ webpack-internal:///(app-pages-browser)/../../node_modules/.pnpm/posthog-js@1.364.7/node_modules/posthog-js/dist/module.js:22
[  194098ms] [LOG] [PostHog.js] send "$$heatmap" {uuid: 019d888d-ad76-73d1-9017-1127124d317a, event: $$heatmap, properties: Object, timestamp: Tue Apr 14 2026 02:04:39 GMT+0530 (India Standard Time)} @ webpack-internal:///(app-pages-browser)/../../node_modules/.pnpm/posthog-js@1.364.7/node_modules/posthog-js/dist/module.js:22
[  196095ms] [LOG] [PostHog.js] send "$snapshot" {uuid: 019d888d-b543-7749-86db-8283c9c93062, event: $snapshot, properties: Object, timestamp: Tue Apr 14 2026 02:04:41 GMT+0530 (India Standard Time)} @ webpack-internal:///(app-pages-browser)/../../node_modules/.pnpm/posthog-js@1.364.7/node_modules/posthog-js/dist/module.js:22
[  196846ms] [LOG] [PostHog.js] send "$autocapture" {uuid: 019d888d-b831-71a6-abe8-04eb38a4c020, event: $autocapture, properties: Object, timestamp: Tue Apr 14 2026 02:04:42 GMT+0530 (India Standard Time)} @ webpack-internal:///(app-pages-browser)/../../node_modules/.pnpm/posthog-js@1.364.7/node_modules/posthog-js/dist/module.js:22
[  197022ms] [LOG] [Fast Refresh] rebuilding @ https://us-assets.i.posthog.com/static/posthog-recorder.js?v=1.364.7:0
[  197306ms] [LOG] [Fast Refresh] done in 285ms @ https://us-assets.i.posthog.com/static/posthog-recorder.js?v=1.364.7:0
[  198223ms] [LOG] [PostHog.js] send "$snapshot" {uuid: 019d888d-bd94-7236-98f4-0fad0952dc0e, event: $snapshot, properties: Object, timestamp: Tue Apr 14 2026 02:04:43 GMT+0530 (India Standard Time)} @ webpack-internal:///(app-pages-browser)/../../node_modules/.pnpm/posthog-js@1.364.7/node_modules/posthog-js/dist/module.js:22
[  199084ms] [LOG] [PostHog.js] send "$$heatmap" {uuid: 019d888d-c0f0-7f72-9961-ec38752ef252, event: $$heatmap, properties: Object, timestamp: Tue Apr 14 2026 02:04:44 GMT+0530 (India Standard Time)} @ webpack-internal:///(app-pages-browser)/../../node_modules/.pnpm/posthog-js@1.364.7/node_modules/posthog-js/dist/module.js:22
[  200247ms] [LOG] [PostHog.js] send "$pageview" {uuid: 019d888d-c57b-7c45-9d22-ba88ef4ca4b0, event: $pageview, properties: Object, timestamp: Tue Apr 14 2026 02:04:45 GMT+0530 (India Standard Time)} @ webpack-internal:///(app-pages-browser)/../../node_modules/.pnpm/posthog-js@1.364.7/node_modules/posthog-js/dist/module.js:22
[  200275ms] [LOG] [PostHog.js] send "$snapshot" {uuid: 019d888d-c597-72d1-acfe-4d06e40bff30, event: $snapshot, properties: Object, timestamp: Tue Apr 14 2026 02:04:45 GMT+0530 (India Standard Time)} @ webpack-internal:///(app-pages-browser)/../../node_modules/.pnpm/posthog-js@1.364.7/node_modules/posthog-js/dist/module.js:22
[  202611ms] [LOG] [PostHog.js] send "$snapshot" {uuid: 019d888d-ceb7-77c4-952d-869a4c288029, event: $snapshot, properties: Object, timestamp: Tue Apr 14 2026 02:04:48 GMT+0530 (India Standard Time)} @ webpack-internal:///(app-pages-browser)/../../node_modules/.pnpm/posthog-js@1.364.7/node_modules/posthog-js/dist/module.js:22
[  248640ms] [LOG] [Fast Refresh] rebuilding @ https://us-assets.i.posthog.com/static/posthog-recorder.js?v=1.364.7:0
[  248991ms] [LOG] [Fast Refresh] done in 351ms @ https://us-assets.i.posthog.com/static/posthog-recorder.js?v=1.364.7:0
[  250643ms] [LOG] [PostHog.js] send "$snapshot" {uuid: 019d888e-8a58-780a-9712-edd455872bff, event: $snapshot, properties: Object, timestamp: Tue Apr 14 2026 02:05:36 GMT+0530 (India Standard Time)} @ webpack-internal:///(app-pages-browser)/../../node_modules/.pnpm/posthog-js@1.364.7/node_modules/posthog-js/dist/module.js:22
[  256100ms] [LOG] [PostHog.js] send "$snapshot" {uuid: 019d888e-9fa9-78b2-94ca-ec6d9cb7d496, event: $snapshot, properties: Object, timestamp: Tue Apr 14 2026 02:05:41 GMT+0530 (India Standard Time)} @ webpack-internal:///(app-pages-browser)/../../node_modules/.pnpm/posthog-js@1.364.7/node_modules/posthog-js/dist/module.js:22
[  274774ms] [LOG] [Fast Refresh] rebuilding @ https://us-assets.i.posthog.com/static/posthog-recorder.js?v=1.364.7:0
[  275140ms] [LOG] [Fast Refresh] done in 366ms @ https://us-assets.i.posthog.com/static/posthog-recorder.js?v=1.364.7:0
[  276776ms] [LOG] [PostHog.js] send "$snapshot" {uuid: 019d888e-f06d-76df-a044-f22ad035c3cd, event: $snapshot, properties: Object, timestamp: Tue Apr 14 2026 02:06:02 GMT+0530 (India Standard Time)} @ webpack-internal:///(app-pages-browser)/../../node_modules/.pnpm/posthog-js@1.364.7/node_modules/posthog-js/dist/module.js:22
[  282230ms] [LOG] [PostHog.js] send "$snapshot" {uuid: 019d888f-05ba-7288-a55a-95c054902462, event: $snapshot, properties: Object, timestamp: Tue Apr 14 2026 02:06:07 GMT+0530 (India Standard Time)} @ webpack-internal:///(app-pages-browser)/../../node_modules/.pnpm/posthog-js@1.364.7/node_modules/posthog-js/dist/module.js:22
[  290876ms] [LOG] [Fast Refresh] rebuilding @ https://us-assets.i.posthog.com/static/posthog-recorder.js?v=1.364.7:0
[  291167ms] [LOG] [Fast Refresh] done in 292ms @ https://us-assets.i.posthog.com/static/posthog-recorder.js?v=1.364.7:0
[  292877ms] [LOG] [PostHog.js] send "$snapshot" {uuid: 019d888f-2f52-7ce0-90f3-84af5910b96e, event: $snapshot, properties: Object, timestamp: Tue Apr 14 2026 02:06:18 GMT+0530 (India Standard Time)} @ webpack-internal:///(app-pages-browser)/../../node_modules/.pnpm/posthog-js@1.364.7/node_modules/posthog-js/dist/module.js:22
[  297783ms] [LOG] [Fast Refresh] rebuilding @ https://us-assets.i.posthog.com/static/posthog-recorder.js?v=1.364.7:0
[  298075ms] [LOG] [Fast Refresh] done in 293ms @ https://us-assets.i.posthog.com/static/posthog-recorder.js?v=1.364.7:0
[  298274ms] [LOG] [PostHog.js] send "$snapshot" {uuid: 019d888f-4466-7cc4-8111-d999bd5a700c, event: $snapshot, properties: Object, timestamp: Tue Apr 14 2026 02:06:23 GMT+0530 (India Standard Time)} @ webpack-internal:///(app-pages-browser)/../../node_modules/.pnpm/posthog-js@1.364.7/node_modules/posthog-js/dist/module.js:22
[  300536ms] [LOG] [PostHog.js] send "$snapshot" {uuid: 019d888f-4d3d-7a35-8f78-7d45a1ea67f3, event: $snapshot, properties: Object, timestamp: Tue Apr 14 2026 02:06:26 GMT+0530 (India Standard Time)} @ webpack-internal:///(app-pages-browser)/../../node_modules/.pnpm/posthog-js@1.364.7/node_modules/posthog-js/dist/module.js:22
[  305186ms] [LOG] [PostHog.js] send "$snapshot" {uuid: 019d888f-5f66-766b-977f-055da55b5cf2, event: $snapshot, properties: Object, timestamp: Tue Apr 14 2026 02:06:30 GMT+0530 (India Standard Time)} @ webpack-internal:///(app-pages-browser)/../../node_modules/.pnpm/posthog-js@1.364.7/node_modules/posthog-js/dist/module.js:22
[  312529ms] [LOG] [PostHog.js] send "$snapshot" {uuid: 019d888f-7c15-7f96-8821-f559ed8b408b, event: $snapshot, properties: Object, timestamp: Tue Apr 14 2026 02:06:38 GMT+0530 (India Standard Time)} @ webpack-internal:///(app-pages-browser)/../../node_modules/.pnpm/posthog-js@1.364.7/node_modules/posthog-js/dist/module.js:22
