[      62ms] [LOG] [PostHog.js] send "$snapshot" {uuid: 019d88ca-6ca8-7520-ba6e-27d7a2fd88ce, event: $snapshot, properties: Object, timestamp: Tue Apr 14 2026 03:11:00 GMT+0530 (India Standard Time)} @ webpack-internal:///(app-pages-browser)/../../node_modules/.pnpm/posthog-js@1.364.7/node_modules/posthog-js/dist/module.js:22
[     494ms] [LOG] [PostHog.js] send "$pageleave" {uuid: 019d88ca-6e57-7148-b863-a69755d8a0f1, event: $pageleave, properties: Object, timestamp: Tue Apr 14 2026 03:11:01 GMT+0530 (India Standard Time)} @ webpack-internal:///(app-pages-browser)/../../node_modules/.pnpm/posthog-js@1.364.7/node_modules/posthog-js/dist/module.js:22
[    1077ms] [INFO] %cDownload the React DevTools for a better development experience: https://react.dev/link/react-devtools font-weight:bold @ webpack-internal:///(app-pages-browser)/../../node_modules/.pnpm/next@15.5.14_@opentelemetry+api@1.9.1_react-dom@18.3.1_react@18.2.0__react@18.2.0/node_modules/next/dist/compiled/react-dom/cjs/react-dom-client.development.js:25630
[    1370ms] [LOG] [GTM Event] clear_ecommerce {ecommerce: null} @ webpack-internal:///(app-pages-browser)/./lib/hooks/useGTM.ts:16
[    1370ms] [LOG] [GTM Event] view_item {ecommerce: Object} @ webpack-internal:///(app-pages-browser)/./lib/hooks/useGTM.ts:16
[    1373ms] [LOG] [AuthProvider] Mounting, starting hydration @ webpack-internal:///(app-pages-browser)/./components/providers/AuthProvider.tsx:35
[    1373ms] [LOG] [auth-store] isFreshLogin: false URL: http://localhost:3000/services/gst-registration @ webpack-internal:///(app-pages-browser)/./lib/stores/auth-store.ts:205
[    1373ms] [LOG] [auth-store] refreshSession starting @ webpack-internal:///(app-pages-browser)/./lib/stores/auth-store.ts:209
[    1494ms] [LOG] [auth-store] getSession result: no session @ webpack-internal:///(app-pages-browser)/./lib/stores/auth-store.ts:213
[    1504ms] [LOG] [AuthProvider] Initial hydration complete @ webpack-internal:///(app-pages-browser)/./components/providers/AuthProvider.tsx:40
[    1507ms] [LOG] [AuthProvider] Auth event: INITIAL_SESSION @ webpack-internal:///(app-pages-browser)/./components/providers/AuthProvider.tsx:46
[    1555ms] [LOG] [PostHog.js] set_config {config: Object, oldConfig: Object, newConfig: Object} @ webpack-internal:///(app-pages-browser)/../../node_modules/.pnpm/posthog-js@1.364.7/node_modules/posthog-js/dist/module.js:22
[    1556ms] [LOG] [PostHog.js] Persistence loaded localStorage+cookie {$device_id: 019d5401-510f-7d21-a410-204e78f58700, distinct_id: 019d5401-510f-7d21-a410-204e78f58700, $sesid: Array(3), $initial_person_info: Object, $user_state: anonymous} @ webpack-internal:///(app-pages-browser)/../../node_modules/.pnpm/posthog-js@1.364.7/node_modules/posthog-js/dist/module.js:22
[    1556ms] [LOG] [PostHog.js] Persistence loaded sessionStorage {$sdk_debug_extensions_init_method: synchronous, $sdk_debug_extensions_init_time_ms: 1, $sdk_debug_replay_remote_trigger_matching_config: null, $sdk_debug_replay_event_trigger_status: trigger_disabled, $sdk_debug_replay_url_trigger_status: trigger_disabled} @ webpack-internal:///(app-pages-browser)/../../node_modules/.pnpm/posthog-js@1.364.7/node_modules/posthog-js/dist/module.js:22
[    1557ms] [LOG] [PostHog.js] Initializing extensions synchronously @ webpack-internal:///(app-pages-browser)/../../node_modules/.pnpm/posthog-js@1.364.7/node_modules/posthog-js/dist/module.js:22
[    1557ms] [LOG] [PostHog.js] [Web Vitals] enabled, starting... @ webpack-internal:///(app-pages-browser)/../../node_modules/.pnpm/posthog-js@1.364.7/node_modules/posthog-js/dist/module.js:22
[    1558ms] [LOG] [PostHog.js] [SessionRecording] starting @ webpack-internal:///(app-pages-browser)/../../node_modules/.pnpm/posthog-js@1.364.7/node_modules/posthog-js/dist/module.js:22
[    1558ms] [LOG] [PostHog.js] [Heatmaps] starting... @ webpack-internal:///(app-pages-browser)/../../node_modules/.pnpm/posthog-js@1.364.7/node_modules/posthog-js/dist/module.js:22
[    1559ms] [LOG] [PostHog.js] Starting in debug mode {this: _n, config: Object, thisC: Object, p: Object, s: Object} @ webpack-internal:///(app-pages-browser)/../../node_modules/.pnpm/posthog-js@1.364.7/node_modules/posthog-js/dist/module.js:22
[    1559ms] [LOG] You're now in debug mode. All calls to PostHog will be logged in your console.
You can disable this with `posthog.debug(false)`. @ webpack-internal:///(app-pages-browser)/../../node_modules/.pnpm/posthog-js@1.364.7/node_modules/posthog-js/dist/module.js:22
[    1559ms] [LOG] [PostHog.js] Persistence loaded sessionStorage {$sdk_debug_extensions_init_method: synchronous, $sdk_debug_extensions_init_time_ms: 2, $sdk_debug_replay_remote_trigger_matching_config: null, $sdk_debug_replay_event_trigger_status: trigger_disabled, $sdk_debug_replay_url_trigger_status: trigger_disabled} @ webpack-internal:///(app-pages-browser)/../../node_modules/.pnpm/posthog-js@1.364.7/node_modules/posthog-js/dist/module.js:22
[    1559ms] [LOG] [PostHog.js] set_config {config: Object, oldConfig: Object, newConfig: Object} @ webpack-internal:///(app-pages-browser)/../../node_modules/.pnpm/posthog-js@1.364.7/node_modules/posthog-js/dist/module.js:22
[    1559ms] [LOG] [PostHog.js] [SessionRecording] starting @ webpack-internal:///(app-pages-browser)/../../node_modules/.pnpm/posthog-js@1.364.7/node_modules/posthog-js/dist/module.js:22
[    1593ms] [LOG] [PostHog.js] [Dead Clicks] starting... @ webpack-internal:///(app-pages-browser)/../../node_modules/.pnpm/posthog-js@1.364.7/node_modules/posthog-js/dist/module.js:22
[    1594ms] [LOG] [PostHog.js] Persistence loaded sessionStorage {$sdk_debug_extensions_init_method: synchronous, $sdk_debug_extensions_init_time_ms: 2, $sdk_debug_replay_remote_trigger_matching_config: null, $sdk_debug_replay_event_trigger_status: trigger_disabled, $sdk_debug_replay_url_trigger_status: trigger_disabled} @ webpack-internal:///(app-pages-browser)/../../node_modules/.pnpm/posthog-js@1.364.7/node_modules/posthog-js/dist/module.js:22
[    1594ms] [LOG] [PostHog.js] set_config {config: Object, oldConfig: Object, newConfig: Object} @ webpack-internal:///(app-pages-browser)/../../node_modules/.pnpm/posthog-js@1.364.7/node_modules/posthog-js/dist/module.js:22
[    1594ms] [LOG] [PostHog.js] [Surveys] flags response received, isSurveysEnabled: false @ webpack-internal:///(app-pages-browser)/../../node_modules/.pnpm/posthog-js@1.364.7/node_modules/posthog-js/dist/module.js:22
[    1596ms] [LOG] [PostHog.js] [Surveys] Surveys loaded successfully @ webpack-internal:///(app-pages-browser)/../../node_modules/.pnpm/posthog-js@1.364.7/node_modules/posthog-js/dist/module.js:22
[    6564ms] [LOG] [PostHog.js] send "$web_vitals" {uuid: 019d88ca-860c-77c3-a2d6-3d3ced564589, event: $web_vitals, properties: Object, timestamp: Tue Apr 14 2026 03:11:07 GMT+0530 (India Standard Time)} @ webpack-internal:///(app-pages-browser)/../../node_modules/.pnpm/posthog-js@1.364.7/node_modules/posthog-js/dist/module.js:22
[   15727ms] [LOG] [PostHog.js] send "$snapshot" {uuid: 019d88ca-a9d9-78ef-a2f5-e7d9fd385762, event: $snapshot, properties: Object, timestamp: Tue Apr 14 2026 03:11:16 GMT+0530 (India Standard Time)} @ webpack-internal:///(app-pages-browser)/../../node_modules/.pnpm/posthog-js@1.364.7/node_modules/posthog-js/dist/module.js:22
[   16562ms] [LOG] [PostHog.js] send "$$heatmap" {uuid: 019d88ca-ad1a-75b9-85f0-3b13be568952, event: $$heatmap, properties: Object, timestamp: Tue Apr 14 2026 03:11:17 GMT+0530 (India Standard Time)} @ webpack-internal:///(app-pages-browser)/../../node_modules/.pnpm/posthog-js@1.364.7/node_modules/posthog-js/dist/module.js:22
[   17818ms] [LOG] [PostHog.js] send "$snapshot" {uuid: 019d88ca-b204-77d0-9c01-efd24a7b5685, event: $snapshot, properties: Object, timestamp: Tue Apr 14 2026 03:11:18 GMT+0530 (India Standard Time)} @ webpack-internal:///(app-pages-browser)/../../node_modules/.pnpm/posthog-js@1.364.7/node_modules/posthog-js/dist/module.js:22
[   19518ms] [LOG] [PostHog.js] send "$web_vitals" {uuid: 019d88ca-b8a7-7d64-a523-753bf87ef291, event: $web_vitals, properties: Object, timestamp: Tue Apr 14 2026 03:11:20 GMT+0530 (India Standard Time)} @ webpack-internal:///(app-pages-browser)/../../node_modules/.pnpm/posthog-js@1.364.7/node_modules/posthog-js/dist/module.js:22
[   19881ms] [LOG] [PostHog.js] send "$snapshot" {uuid: 019d88ca-ba12-78cc-8894-4bac5f4f04d1, event: $snapshot, properties: Object, timestamp: Tue Apr 14 2026 03:11:20 GMT+0530 (India Standard Time)} @ webpack-internal:///(app-pages-browser)/../../node_modules/.pnpm/posthog-js@1.364.7/node_modules/posthog-js/dist/module.js:22
[   22003ms] [LOG] [PostHog.js] send "$snapshot" {uuid: 019d88ca-c25c-746e-8db2-8e7bad629397, event: $snapshot, properties: Object, timestamp: Tue Apr 14 2026 03:11:22 GMT+0530 (India Standard Time)} @ webpack-internal:///(app-pages-browser)/../../node_modules/.pnpm/posthog-js@1.364.7/node_modules/posthog-js/dist/module.js:22
[   24005ms] [LOG] [PostHog.js] send "$snapshot" {uuid: 019d88ca-ca2e-76a8-9958-9e8b4b52cb83, event: $snapshot, properties: Object, timestamp: Tue Apr 14 2026 03:11:24 GMT+0530 (India Standard Time)} @ webpack-internal:///(app-pages-browser)/../../node_modules/.pnpm/posthog-js@1.364.7/node_modules/posthog-js/dist/module.js:22
[   26435ms] [LOG] [PostHog.js] send "$snapshot" {uuid: 019d88ca-d3ac-7925-9768-31ac63e4028a, event: $snapshot, properties: Object, timestamp: Tue Apr 14 2026 03:11:27 GMT+0530 (India Standard Time)} @ webpack-internal:///(app-pages-browser)/../../node_modules/.pnpm/posthog-js@1.364.7/node_modules/posthog-js/dist/module.js:22
[   26562ms] [LOG] [PostHog.js] send "$$heatmap" {uuid: 019d88ca-d42a-7243-971e-3590a4e0b837, event: $$heatmap, properties: Object, timestamp: Tue Apr 14 2026 03:11:27 GMT+0530 (India Standard Time)} @ webpack-internal:///(app-pages-browser)/../../node_modules/.pnpm/posthog-js@1.364.7/node_modules/posthog-js/dist/module.js:22
[   29050ms] [LOG] [PostHog.js] send "$snapshot" {uuid: 019d88ca-dde3-7876-8ef1-cd238c051414, event: $snapshot, properties: Object, timestamp: Tue Apr 14 2026 03:11:29 GMT+0530 (India Standard Time)} @ webpack-internal:///(app-pages-browser)/../../node_modules/.pnpm/posthog-js@1.364.7/node_modules/posthog-js/dist/module.js:22
[   31232ms] [LOG] [PostHog.js] send "$snapshot" {uuid: 019d88ca-e669-7f18-8a6b-63f3a3c7d494, event: $snapshot, properties: Object, timestamp: Tue Apr 14 2026 03:11:31 GMT+0530 (India Standard Time)} @ webpack-internal:///(app-pages-browser)/../../node_modules/.pnpm/posthog-js@1.364.7/node_modules/posthog-js/dist/module.js:22
[   33247ms] [LOG] [PostHog.js] send "$snapshot" {uuid: 019d88ca-ee48-79cc-8a24-98d51e178f97, event: $snapshot, properties: Object, timestamp: Tue Apr 14 2026 03:11:33 GMT+0530 (India Standard Time)} @ webpack-internal:///(app-pages-browser)/../../node_modules/.pnpm/posthog-js@1.364.7/node_modules/posthog-js/dist/module.js:22
[   35309ms] [LOG] [PostHog.js] send "$snapshot" {uuid: 019d88ca-f656-7862-8b9f-f71fc53ee595, event: $snapshot, properties: Object, timestamp: Tue Apr 14 2026 03:11:35 GMT+0530 (India Standard Time)} @ webpack-internal:///(app-pages-browser)/../../node_modules/.pnpm/posthog-js@1.364.7/node_modules/posthog-js/dist/module.js:22
[   37764ms] [LOG] [PostHog.js] send "$snapshot" {uuid: 019d88ca-ffed-7428-bfae-45438ce58bc5, event: $snapshot, properties: Object, timestamp: Tue Apr 14 2026 03:11:38 GMT+0530 (India Standard Time)} @ webpack-internal:///(app-pages-browser)/../../node_modules/.pnpm/posthog-js@1.364.7/node_modules/posthog-js/dist/module.js:22
[   40888ms] [LOG] [PostHog.js] send "$snapshot" {uuid: 019d88cb-0c21-7ced-8187-40efc38f6a75, event: $snapshot, properties: Object, timestamp: Tue Apr 14 2026 03:11:41 GMT+0530 (India Standard Time)} @ webpack-internal:///(app-pages-browser)/../../node_modules/.pnpm/posthog-js@1.364.7/node_modules/posthog-js/dist/module.js:22
[   42892ms] [LOG] [PostHog.js] send "$snapshot" {uuid: 019d88cb-13f5-7396-af7d-49abef73b5cb, event: $snapshot, properties: Object, timestamp: Tue Apr 14 2026 03:11:43 GMT+0530 (India Standard Time)} @ webpack-internal:///(app-pages-browser)/../../node_modules/.pnpm/posthog-js@1.364.7/node_modules/posthog-js/dist/module.js:22
[   46638ms] [LOG] [PostHog.js] send "$snapshot" {uuid: 019d88cb-2297-78da-99e4-aeb2ad254bd4, event: $snapshot, properties: Object, timestamp: Tue Apr 14 2026 03:11:47 GMT+0530 (India Standard Time)} @ webpack-internal:///(app-pages-browser)/../../node_modules/.pnpm/posthog-js@1.364.7/node_modules/posthog-js/dist/module.js:22
[   48712ms] [LOG] [PostHog.js] send "$snapshot" {uuid: 019d88cb-2ab1-7fd8-b3a6-05872d24285b, event: $snapshot, properties: Object, timestamp: Tue Apr 14 2026 03:11:49 GMT+0530 (India Standard Time)} @ webpack-internal:///(app-pages-browser)/../../node_modules/.pnpm/posthog-js@1.364.7/node_modules/posthog-js/dist/module.js:22
[   56789ms] [LOG] [PostHog.js] send "$snapshot" {uuid: 019d88cb-4a3f-7b48-ab12-92f1b6aab27f, event: $snapshot, properties: Object, timestamp: Tue Apr 14 2026 03:11:57 GMT+0530 (India Standard Time)} @ webpack-internal:///(app-pages-browser)/../../node_modules/.pnpm/posthog-js@1.364.7/node_modules/posthog-js/dist/module.js:22
[   58853ms] [LOG] [PostHog.js] send "$snapshot" {uuid: 019d88cb-524f-770a-914f-9c360b4d43dd, event: $snapshot, properties: Object, timestamp: Tue Apr 14 2026 03:11:59 GMT+0530 (India Standard Time)} @ webpack-internal:///(app-pages-browser)/../../node_modules/.pnpm/posthog-js@1.364.7/node_modules/posthog-js/dist/module.js:22
[   77361ms] [LOG] [PostHog.js] send "$autocapture" {uuid: 019d88cb-9a99-731d-ba7c-dfbf0ae0625f, event: $autocapture, properties: Object, timestamp: Tue Apr 14 2026 03:12:18 GMT+0530 (India Standard Time)} @ webpack-internal:///(app-pages-browser)/../../node_modules/.pnpm/posthog-js@1.364.7/node_modules/posthog-js/dist/module.js:22
[   77913ms] [LOG] [PostHog.js] send "$autocapture" {uuid: 019d88cb-9cc2-74b3-b9d9-e05247c383fb, event: $autocapture, properties: Object, timestamp: Tue Apr 14 2026 03:12:18 GMT+0530 (India Standard Time)} @ webpack-internal:///(app-pages-browser)/../../node_modules/.pnpm/posthog-js@1.364.7/node_modules/posthog-js/dist/module.js:22
[   78051ms] [LOG] [PostHog.js] send "$snapshot" {uuid: 019d88cb-9d4c-7617-8b8c-c0a16e0048a0, event: $snapshot, properties: Object, timestamp: Tue Apr 14 2026 03:12:18 GMT+0530 (India Standard Time)} @ webpack-internal:///(app-pages-browser)/../../node_modules/.pnpm/posthog-js@1.364.7/node_modules/posthog-js/dist/module.js:22
[   78441ms] [LOG] [PostHog.js] send "$rageclick" {uuid: 019d88cb-9ed2-7e5e-8791-52ed5cd845dd, event: $rageclick, properties: Object, timestamp: Tue Apr 14 2026 03:12:19 GMT+0530 (India Standard Time)} @ webpack-internal:///(app-pages-browser)/../../node_modules/.pnpm/posthog-js@1.364.7/node_modules/posthog-js/dist/module.js:22
[   78442ms] [LOG] [PostHog.js] send "$autocapture" {uuid: 019d88cb-9ed3-77ed-b34d-e11f75111ae7, event: $autocapture, properties: Object, timestamp: Tue Apr 14 2026 03:12:19 GMT+0530 (India Standard Time)} @ webpack-internal:///(app-pages-browser)/../../node_modules/.pnpm/posthog-js@1.364.7/node_modules/posthog-js/dist/module.js:22
[   78992ms] [LOG] [PostHog.js] send "$autocapture" {uuid: 019d88cb-a0f9-7d18-997a-004c9061209b, event: $autocapture, properties: Object, timestamp: Tue Apr 14 2026 03:12:19 GMT+0530 (India Standard Time)} @ webpack-internal:///(app-pages-browser)/../../node_modules/.pnpm/posthog-js@1.364.7/node_modules/posthog-js/dist/module.js:22
[   80263ms] [LOG] [PostHog.js] send "$autocapture" {uuid: 019d88cb-a5f0-72ad-a204-ec5178225613, event: $autocapture, properties: Object, timestamp: Tue Apr 14 2026 03:12:20 GMT+0530 (India Standard Time)} @ webpack-internal:///(app-pages-browser)/../../node_modules/.pnpm/posthog-js@1.364.7/node_modules/posthog-js/dist/module.js:22
[   80332ms] [LOG] [PostHog.js] send "$snapshot" {uuid: 019d88cb-a635-7a99-9e04-d9fcc89d0337, event: $snapshot, properties: Object, timestamp: Tue Apr 14 2026 03:12:20 GMT+0530 (India Standard Time)} @ webpack-internal:///(app-pages-browser)/../../node_modules/.pnpm/posthog-js@1.364.7/node_modules/posthog-js/dist/module.js:22
[   80499ms] [LOG] [PostHog.js] send "$autocapture" {uuid: 019d88cb-a6dc-7c02-8462-29398073aca7, event: $autocapture, properties: Object, timestamp: Tue Apr 14 2026 03:12:21 GMT+0530 (India Standard Time)} @ webpack-internal:///(app-pages-browser)/../../node_modules/.pnpm/posthog-js@1.364.7/node_modules/posthog-js/dist/module.js:22
[   80685ms] [LOG] [PostHog.js] send "$rageclick" {uuid: 019d88cb-a796-7531-872a-1d953b81da75, event: $rageclick, properties: Object, timestamp: Tue Apr 14 2026 03:12:21 GMT+0530 (India Standard Time)} @ webpack-internal:///(app-pages-browser)/../../node_modules/.pnpm/posthog-js@1.364.7/node_modules/posthog-js/dist/module.js:22
[   80686ms] [LOG] [PostHog.js] send "$autocapture" {uuid: 019d88cb-a797-7df9-80fe-3c8d54e5b452, event: $autocapture, properties: Object, timestamp: Tue Apr 14 2026 03:12:21 GMT+0530 (India Standard Time)} @ webpack-internal:///(app-pages-browser)/../../node_modules/.pnpm/posthog-js@1.364.7/node_modules/posthog-js/dist/module.js:22
[   80892ms] [LOG] [PostHog.js] send "$autocapture" {uuid: 019d88cb-a865-75e8-826f-18d1b42c7c5f, event: $autocapture, properties: Object, timestamp: Tue Apr 14 2026 03:12:21 GMT+0530 (India Standard Time)} @ webpack-internal:///(app-pages-browser)/../../node_modules/.pnpm/posthog-js@1.364.7/node_modules/posthog-js/dist/module.js:22
[   81561ms] [LOG] [PostHog.js] send "$$heatmap" {uuid: 019d88cb-ab02-7709-9273-23244c7fe01e, event: $$heatmap, properties: Object, timestamp: Tue Apr 14 2026 03:12:22 GMT+0530 (India Standard Time)} @ webpack-internal:///(app-pages-browser)/../../node_modules/.pnpm/posthog-js@1.364.7/node_modules/posthog-js/dist/module.js:22
[   82409ms] [LOG] [PostHog.js] send "$snapshot" {uuid: 019d88cb-ae53-78df-85aa-a3432245f7d7, event: $snapshot, properties: Object, timestamp: Tue Apr 14 2026 03:12:23 GMT+0530 (India Standard Time)} @ webpack-internal:///(app-pages-browser)/../../node_modules/.pnpm/posthog-js@1.364.7/node_modules/posthog-js/dist/module.js:22
[   84459ms] [LOG] [PostHog.js] send "$snapshot" {uuid: 019d88cb-b654-7621-ba04-fdcdc8cde3d0, event: $snapshot, properties: Object, timestamp: Tue Apr 14 2026 03:12:25 GMT+0530 (India Standard Time)} @ webpack-internal:///(app-pages-browser)/../../node_modules/.pnpm/posthog-js@1.364.7/node_modules/posthog-js/dist/module.js:22
[   87255ms] [LOG] [PostHog.js] send "$snapshot" {uuid: 019d88cb-c140-7108-8c6d-af8d33c0a160, event: $snapshot, properties: Object, timestamp: Tue Apr 14 2026 03:12:27 GMT+0530 (India Standard Time)} @ webpack-internal:///(app-pages-browser)/../../node_modules/.pnpm/posthog-js@1.364.7/node_modules/posthog-js/dist/module.js:22
[   88473ms] [LOG] [PostHog.js] send "$autocapture" {uuid: 019d88cb-c601-7832-bb75-2a5cdc0f033b, event: $autocapture, properties: Object, timestamp: Tue Apr 14 2026 03:12:29 GMT+0530 (India Standard Time)} @ webpack-internal:///(app-pages-browser)/../../node_modules/.pnpm/posthog-js@1.364.7/node_modules/posthog-js/dist/module.js:22
[   90415ms] [LOG] [PostHog.js] send "$snapshot" {uuid: 019d88cb-cd98-796a-bb80-efb77b047cbf, event: $snapshot, properties: Object, timestamp: Tue Apr 14 2026 03:12:31 GMT+0530 (India Standard Time)} @ webpack-internal:///(app-pages-browser)/../../node_modules/.pnpm/posthog-js@1.364.7/node_modules/posthog-js/dist/module.js:22
[   91562ms] [LOG] [PostHog.js] send "$$heatmap" {uuid: 019d88cb-d212-7d45-a516-4de9c30fa1a0, event: $$heatmap, properties: Object, timestamp: Tue Apr 14 2026 03:12:32 GMT+0530 (India Standard Time)} @ webpack-internal:///(app-pages-browser)/../../node_modules/.pnpm/posthog-js@1.364.7/node_modules/posthog-js/dist/module.js:22
[   93849ms] [LOG] [PostHog.js] send "$snapshot" {uuid: 019d88cb-db02-7d66-bd80-cb29a9880f6a, event: $snapshot, properties: Object, timestamp: Tue Apr 14 2026 03:12:34 GMT+0530 (India Standard Time)} @ webpack-internal:///(app-pages-browser)/../../node_modules/.pnpm/posthog-js@1.364.7/node_modules/posthog-js/dist/module.js:22
[   96562ms] [LOG] [PostHog.js] send "$$heatmap" {uuid: 019d88cb-e59a-7635-a387-cf119d624f88, event: $$heatmap, properties: Object, timestamp: Tue Apr 14 2026 03:12:37 GMT+0530 (India Standard Time)} @ webpack-internal:///(app-pages-browser)/../../node_modules/.pnpm/posthog-js@1.364.7/node_modules/posthog-js/dist/module.js:22
[   97051ms] [LOG] [PostHog.js] send "$snapshot" {uuid: 019d88cb-e785-7015-9bcd-4637accdc44f, event: $snapshot, properties: Object, timestamp: Tue Apr 14 2026 03:12:37 GMT+0530 (India Standard Time)} @ webpack-internal:///(app-pages-browser)/../../node_modules/.pnpm/posthog-js@1.364.7/node_modules/posthog-js/dist/module.js:22
[   99055ms] [LOG] [PostHog.js] send "$snapshot" {uuid: 019d88cb-ef58-7555-990b-9d7e70f495fe, event: $snapshot, properties: Object, timestamp: Tue Apr 14 2026 03:12:39 GMT+0530 (India Standard Time)} @ webpack-internal:///(app-pages-browser)/../../node_modules/.pnpm/posthog-js@1.364.7/node_modules/posthog-js/dist/module.js:22
[  101561ms] [LOG] [PostHog.js] send "$$heatmap" {uuid: 019d88cb-f922-787f-af5e-a47f659f755d, event: $$heatmap, properties: Object, timestamp: Tue Apr 14 2026 03:12:42 GMT+0530 (India Standard Time)} @ webpack-internal:///(app-pages-browser)/../../node_modules/.pnpm/posthog-js@1.364.7/node_modules/posthog-js/dist/module.js:22
[  111560ms] [LOG] [PostHog.js] send "$$heatmap" {uuid: 019d88cc-2031-7a25-a221-a9585ce02bd7, event: $$heatmap, properties: Object, timestamp: Tue Apr 14 2026 03:12:52 GMT+0530 (India Standard Time)} @ webpack-internal:///(app-pages-browser)/../../node_modules/.pnpm/posthog-js@1.364.7/node_modules/posthog-js/dist/module.js:22
[  112748ms] [LOG] [PostHog.js] send "$snapshot" {uuid: 019d88cc-24d6-7da9-b6bb-10426f8643ec, event: $snapshot, properties: Object, timestamp: Tue Apr 14 2026 03:12:53 GMT+0530 (India Standard Time)} @ webpack-internal:///(app-pages-browser)/../../node_modules/.pnpm/posthog-js@1.364.7/node_modules/posthog-js/dist/module.js:22
[  114800ms] [LOG] [PostHog.js] send "$snapshot" {uuid: 019d88cc-2cd9-7e8e-8005-fd7cf102128c, event: $snapshot, properties: Object, timestamp: Tue Apr 14 2026 03:12:55 GMT+0530 (India Standard Time)} @ webpack-internal:///(app-pages-browser)/../../node_modules/.pnpm/posthog-js@1.364.7/node_modules/posthog-js/dist/module.js:22
[  116562ms] [LOG] [PostHog.js] send "$$heatmap" {uuid: 019d88cc-33bb-75e9-823e-bbf5b5d1bdf7, event: $$heatmap, properties: Object, timestamp: Tue Apr 14 2026 03:12:57 GMT+0530 (India Standard Time)} @ webpack-internal:///(app-pages-browser)/../../node_modules/.pnpm/posthog-js@1.364.7/node_modules/posthog-js/dist/module.js:22
[  125917ms] [LOG] [Fast Refresh] rebuilding @ https://us-assets.i.posthog.com/static/posthog-recorder.js?v=1.364.7:0
[  127918ms] [LOG] [PostHog.js] send "$snapshot" {uuid: 019d88cc-6018-7853-b955-d1849ab65671, event: $snapshot, properties: Object, timestamp: Tue Apr 14 2026 03:13:08 GMT+0530 (India Standard Time)} @ webpack-internal:///(app-pages-browser)/../../node_modules/.pnpm/posthog-js@1.364.7/node_modules/posthog-js/dist/module.js:22
[  128235ms] [WARNING] [Fast Refresh] performing full reload

Fast Refresh will perform a full reload when you edit a file that's imported by modules outside of the React rendering tree.
You might have a file which exports a React component but also exports a value that is imported by a non-React component file.
Consider migrating the non-React component export to a separate file and importing it into both files.

It is also possible the parent component of the component you edited is a class component, which disables Fast Refresh.
Fast Refresh requires at least one parent function component in your React tree. @ https://us-assets.i.posthog.com/static/posthog-recorder.js?v=1.364.7:0
[  128235ms] [LOG] [PostHog.js] send "$snapshot" {uuid: 019d88cc-6155-723a-8d53-14634ff5a795, event: $snapshot, properties: Object, timestamp: Tue Apr 14 2026 03:13:08 GMT+0530 (India Standard Time)} @ webpack-internal:///(app-pages-browser)/../../node_modules/.pnpm/posthog-js@1.364.7/node_modules/posthog-js/dist/module.js:22
[  129380ms] [LOG] [PostHog.js] send "$pageleave" {uuid: 019d88cc-65cd-7012-9e1a-5a7b50e96b7b, event: $pageleave, properties: Object, timestamp: Tue Apr 14 2026 03:13:10 GMT+0530 (India Standard Time)} @ webpack-internal:///(app-pages-browser)/../../node_modules/.pnpm/posthog-js@1.364.7/node_modules/posthog-js/dist/module.js:22
[  129931ms] [INFO] %cDownload the React DevTools for a better development experience: https://react.dev/link/react-devtools font-weight:bold @ webpack-internal:///(app-pages-browser)/../../node_modules/.pnpm/next@15.5.14_@opentelemetry+api@1.9.1_react-dom@18.3.1_react@18.2.0__react@18.2.0/node_modules/next/dist/compiled/react-dom/cjs/react-dom-client.development.js:25630
[  130071ms] [LOG] [GTM Event] clear_ecommerce {ecommerce: null} @ webpack-internal:///(app-pages-browser)/./lib/hooks/useGTM.ts:16
[  130072ms] [LOG] [GTM Event] view_item {ecommerce: Object} @ webpack-internal:///(app-pages-browser)/./lib/hooks/useGTM.ts:16
[  130074ms] [LOG] [AuthProvider] Mounting, starting hydration @ webpack-internal:///(app-pages-browser)/./components/providers/AuthProvider.tsx:35
[  130074ms] [LOG] [auth-store] isFreshLogin: false URL: http://localhost:3000/services/gst-registration @ webpack-internal:///(app-pages-browser)/./lib/stores/auth-store.ts:205
[  130074ms] [LOG] [auth-store] refreshSession starting @ webpack-internal:///(app-pages-browser)/./lib/stores/auth-store.ts:209
[  130176ms] [LOG] [auth-store] getSession result: no session @ webpack-internal:///(app-pages-browser)/./lib/stores/auth-store.ts:213
[  130181ms] [LOG] [AuthProvider] Initial hydration complete @ webpack-internal:///(app-pages-browser)/./components/providers/AuthProvider.tsx:40
[  130182ms] [LOG] [AuthProvider] Auth event: INITIAL_SESSION @ webpack-internal:///(app-pages-browser)/./components/providers/AuthProvider.tsx:46
[  130183ms] [LOG] [PostHog.js] set_config {config: Object, oldConfig: Object, newConfig: Object} @ webpack-internal:///(app-pages-browser)/../../node_modules/.pnpm/posthog-js@1.364.7/node_modules/posthog-js/dist/module.js:22
[  130183ms] [LOG] [PostHog.js] Persistence loaded localStorage+cookie {$device_id: 019d5401-510f-7d21-a410-204e78f58700, distinct_id: 019d5401-510f-7d21-a410-204e78f58700, $sesid: Array(3), $initial_person_info: Object, $user_state: anonymous} @ webpack-internal:///(app-pages-browser)/../../node_modules/.pnpm/posthog-js@1.364.7/node_modules/posthog-js/dist/module.js:22
[  130183ms] [LOG] [PostHog.js] Persistence loaded sessionStorage {$sdk_debug_extensions_init_method: synchronous, $sdk_debug_extensions_init_time_ms: 2, $sdk_debug_replay_remote_trigger_matching_config: null, $sdk_debug_replay_event_trigger_status: trigger_disabled, $sdk_debug_replay_url_trigger_status: trigger_disabled} @ webpack-internal:///(app-pages-browser)/../../node_modules/.pnpm/posthog-js@1.364.7/node_modules/posthog-js/dist/module.js:22
[  130184ms] [LOG] [PostHog.js] Initializing extensions synchronously @ webpack-internal:///(app-pages-browser)/../../node_modules/.pnpm/posthog-js@1.364.7/node_modules/posthog-js/dist/module.js:22
[  130184ms] [LOG] [PostHog.js] [Web Vitals] enabled, starting... @ webpack-internal:///(app-pages-browser)/../../node_modules/.pnpm/posthog-js@1.364.7/node_modules/posthog-js/dist/module.js:22
[  130185ms] [LOG] [PostHog.js] [SessionRecording] starting @ webpack-internal:///(app-pages-browser)/../../node_modules/.pnpm/posthog-js@1.364.7/node_modules/posthog-js/dist/module.js:22
[  130185ms] [LOG] [PostHog.js] [Heatmaps] starting... @ webpack-internal:///(app-pages-browser)/../../node_modules/.pnpm/posthog-js@1.364.7/node_modules/posthog-js/dist/module.js:22
[  130185ms] [LOG] [PostHog.js] Starting in debug mode {this: _n, config: Object, thisC: Object, p: Object, s: Object} @ webpack-internal:///(app-pages-browser)/../../node_modules/.pnpm/posthog-js@1.364.7/node_modules/posthog-js/dist/module.js:22
[  130185ms] [LOG] You're now in debug mode. All calls to PostHog will be logged in your console.
You can disable this with `posthog.debug(false)`. @ webpack-internal:///(app-pages-browser)/../../node_modules/.pnpm/posthog-js@1.364.7/node_modules/posthog-js/dist/module.js:22
[  130185ms] [LOG] [PostHog.js] Persistence loaded sessionStorage {$sdk_debug_extensions_init_method: synchronous, $sdk_debug_extensions_init_time_ms: 2, $sdk_debug_replay_remote_trigger_matching_config: null, $sdk_debug_replay_event_trigger_status: trigger_disabled, $sdk_debug_replay_url_trigger_status: trigger_disabled} @ webpack-internal:///(app-pages-browser)/../../node_modules/.pnpm/posthog-js@1.364.7/node_modules/posthog-js/dist/module.js:22
[  130186ms] [LOG] [PostHog.js] set_config {config: Object, oldConfig: Object, newConfig: Object} @ webpack-internal:///(app-pages-browser)/../../node_modules/.pnpm/posthog-js@1.364.7/node_modules/posthog-js/dist/module.js:22
[  130186ms] [LOG] [PostHog.js] [SessionRecording] starting @ webpack-internal:///(app-pages-browser)/../../node_modules/.pnpm/posthog-js@1.364.7/node_modules/posthog-js/dist/module.js:22
[  130187ms] [LOG] [PostHog.js] [Dead Clicks] starting... @ webpack-internal:///(app-pages-browser)/../../node_modules/.pnpm/posthog-js@1.364.7/node_modules/posthog-js/dist/module.js:22
[  130187ms] [LOG] [PostHog.js] Persistence loaded sessionStorage {$sdk_debug_extensions_init_method: synchronous, $sdk_debug_extensions_init_time_ms: 2, $sdk_debug_replay_remote_trigger_matching_config: null, $sdk_debug_replay_event_trigger_status: trigger_disabled, $sdk_debug_replay_url_trigger_status: trigger_disabled} @ webpack-internal:///(app-pages-browser)/../../node_modules/.pnpm/posthog-js@1.364.7/node_modules/posthog-js/dist/module.js:22
[  130187ms] [LOG] [PostHog.js] set_config {config: Object, oldConfig: Object, newConfig: Object} @ webpack-internal:///(app-pages-browser)/../../node_modules/.pnpm/posthog-js@1.364.7/node_modules/posthog-js/dist/module.js:22
[  130187ms] [LOG] [PostHog.js] [SessionRecording] starting @ webpack-internal:///(app-pages-browser)/../../node_modules/.pnpm/posthog-js@1.364.7/node_modules/posthog-js/dist/module.js:22
[  130187ms] [LOG] [PostHog.js] [SessionRecording] starting @ webpack-internal:///(app-pages-browser)/../../node_modules/.pnpm/posthog-js@1.364.7/node_modules/posthog-js/dist/module.js:22
[  130187ms] [LOG] [PostHog.js] [Surveys] flags response received, isSurveysEnabled: false @ webpack-internal:///(app-pages-browser)/../../node_modules/.pnpm/posthog-js@1.364.7/node_modules/posthog-js/dist/module.js:22
[  130214ms] [LOG] [PostHog.js] [Surveys] Surveys loaded successfully @ webpack-internal:///(app-pages-browser)/../../node_modules/.pnpm/posthog-js@1.364.7/node_modules/posthog-js/dist/module.js:22
[  135190ms] [LOG] [PostHog.js] send "$web_vitals" {uuid: 019d88cc-7c7e-7892-9b18-1f355c4aa359, event: $web_vitals, properties: Object, timestamp: Tue Apr 14 2026 03:13:15 GMT+0530 (India Standard Time)} @ webpack-internal:///(app-pages-browser)/../../node_modules/.pnpm/posthog-js@1.364.7/node_modules/posthog-js/dist/module.js:22
[  151055ms] [LOG] [Fast Refresh] rebuilding @ https://us-assets.i.posthog.com/static/posthog-recorder.js?v=1.364.7:0
[  155057ms] [LOG] [Fast Refresh] done in 4003ms @ https://us-assets.i.posthog.com/static/posthog-recorder.js?v=1.364.7:0
