[      37ms] [LOG] [PostHog.js] send "$snapshot" {uuid: 019d6f19-6494-7642-850a-d0f2382f0ca5, event: $snapshot, properties: Object, timestamp: Thu Apr 09 2026 03:27:08 GMT+0530 (India Standard Time)} @ webpack-internal:///(app-pages-browser)/../../node_modules/.pnpm/posthog-js@1.364.7/node_modules/posthog-js/dist/module.js:22
[     175ms] [LOG] [Fast Refresh] rebuilding @ https://us-assets.i.posthog.com/static/posthog-recorder.js?v=1.364.7:0
[     399ms] [LOG] [Fast Refresh] done in 224ms @ https://us-assets.i.posthog.com/static/posthog-recorder.js?v=1.364.7:0
[    1034ms] [LOG] [PostHog.js] send "$pageleave" {uuid: 019d6f19-6878-7e27-8637-8c9dfb666108, event: $pageleave, properties: Object, timestamp: Thu Apr 09 2026 03:27:09 GMT+0530 (India Standard Time)} @ webpack-internal:///(app-pages-browser)/../../node_modules/.pnpm/posthog-js@1.364.7/node_modules/posthog-js/dist/module.js:22
[    1286ms] [INFO] %cDownload the React DevTools for a better development experience: https://react.dev/link/react-devtools font-weight:bold @ webpack-internal:///(app-pages-browser)/../../node_modules/.pnpm/next@15.5.14_@opentelemetry+api@1.9.1_react-dom@18.3.1_react@18.2.0__react@18.2.0/node_modules/next/dist/compiled/react-dom/cjs/react-dom-client.development.js:25630
[    1302ms] [LOG] [PostHog.js] set_config {config: Object, oldConfig: Object, newConfig: Object} @ webpack-internal:///(app-pages-browser)/../../node_modules/.pnpm/posthog-js@1.364.7/node_modules/posthog-js/dist/module.js:22
[    1302ms] [LOG] [PostHog.js] Persistence loaded localStorage+cookie {$device_id: 019d5401-510f-7d21-a410-204e78f58700, distinct_id: 019d5401-510f-7d21-a410-204e78f58700, $sesid: Array(3), $initial_person_info: Object, $user_state: anonymous} @ webpack-internal:///(app-pages-browser)/../../node_modules/.pnpm/posthog-js@1.364.7/node_modules/posthog-js/dist/module.js:22
[    1303ms] [LOG] [PostHog.js] Persistence loaded sessionStorage {$sdk_debug_extensions_init_method: synchronous, $sdk_debug_extensions_init_time_ms: 1, $referrer: $direct, $referring_domain: $direct, $sdk_debug_replay_remote_trigger_matching_config: null} @ webpack-internal:///(app-pages-browser)/../../node_modules/.pnpm/posthog-js@1.364.7/node_modules/posthog-js/dist/module.js:22
[    1303ms] [LOG] [PostHog.js] Initializing extensions synchronously @ webpack-internal:///(app-pages-browser)/../../node_modules/.pnpm/posthog-js@1.364.7/node_modules/posthog-js/dist/module.js:22
[    1303ms] [LOG] [PostHog.js] [Web Vitals] enabled, starting... @ webpack-internal:///(app-pages-browser)/../../node_modules/.pnpm/posthog-js@1.364.7/node_modules/posthog-js/dist/module.js:22
[    1303ms] [LOG] [PostHog.js] [SessionRecording] starting @ webpack-internal:///(app-pages-browser)/../../node_modules/.pnpm/posthog-js@1.364.7/node_modules/posthog-js/dist/module.js:22
[    1303ms] [LOG] [PostHog.js] [Heatmaps] starting... @ webpack-internal:///(app-pages-browser)/../../node_modules/.pnpm/posthog-js@1.364.7/node_modules/posthog-js/dist/module.js:22
[    1304ms] [LOG] [PostHog.js] Starting in debug mode {this: _n, config: Object, thisC: Object, p: Object, s: Object} @ webpack-internal:///(app-pages-browser)/../../node_modules/.pnpm/posthog-js@1.364.7/node_modules/posthog-js/dist/module.js:22
[    1304ms] [LOG] You're now in debug mode. All calls to PostHog will be logged in your console.
You can disable this with `posthog.debug(false)`. @ webpack-internal:///(app-pages-browser)/../../node_modules/.pnpm/posthog-js@1.364.7/node_modules/posthog-js/dist/module.js:22
[    1304ms] [LOG] [PostHog.js] Persistence loaded sessionStorage {$sdk_debug_extensions_init_method: synchronous, $sdk_debug_extensions_init_time_ms: 1, $referrer: $direct, $referring_domain: $direct, $sdk_debug_replay_remote_trigger_matching_config: null} @ webpack-internal:///(app-pages-browser)/../../node_modules/.pnpm/posthog-js@1.364.7/node_modules/posthog-js/dist/module.js:22
[    1304ms] [LOG] [PostHog.js] set_config {config: Object, oldConfig: Object, newConfig: Object} @ webpack-internal:///(app-pages-browser)/../../node_modules/.pnpm/posthog-js@1.364.7/node_modules/posthog-js/dist/module.js:22
[    1304ms] [LOG] [PostHog.js] [SessionRecording] starting @ webpack-internal:///(app-pages-browser)/../../node_modules/.pnpm/posthog-js@1.364.7/node_modules/posthog-js/dist/module.js:22
[    1355ms] [LOG] [AuthProvider] Mounting, starting hydration @ webpack-internal:///(app-pages-browser)/./components/providers/AuthProvider.tsx:27
[    1355ms] [LOG] [auth-store] isFreshLogin: false URL: http://localhost:3000/tools/documents @ webpack-internal:///(app-pages-browser)/./lib/stores/auth-store.ts:206
[    1355ms] [LOG] [auth-store] refreshSession starting @ webpack-internal:///(app-pages-browser)/./lib/stores/auth-store.ts:210
[    1373ms] [LOG] [PostHog.js] send "$pageview" {uuid: 019d6f19-69cb-7139-96db-d113989c3942, event: $pageview, properties: Object, timestamp: Thu Apr 09 2026 03:27:09 GMT+0530 (India Standard Time)} @ webpack-internal:///(app-pages-browser)/../../node_modules/.pnpm/posthog-js@1.364.7/node_modules/posthog-js/dist/module.js:22
[    1398ms] [LOG] [auth-store] getSession result: no session @ https://us-assets.i.posthog.com/static/posthog-recorder.js?v=1.364.7:0
[    1406ms] [LOG] [AuthProvider] Initial hydration complete @ https://us-assets.i.posthog.com/static/posthog-recorder.js?v=1.364.7:0
[    1407ms] [LOG] [AuthProvider] Auth event: INITIAL_SESSION @ https://us-assets.i.posthog.com/static/posthog-recorder.js?v=1.364.7:0
[    1407ms] [LOG] [PostHog.js] [Dead Clicks] starting... @ webpack-internal:///(app-pages-browser)/../../node_modules/.pnpm/posthog-js@1.364.7/node_modules/posthog-js/dist/module.js:22
[    1407ms] [LOG] [PostHog.js] Persistence loaded sessionStorage {$sdk_debug_extensions_init_method: synchronous, $sdk_debug_extensions_init_time_ms: 1, $referrer: $direct, $referring_domain: $direct, $sdk_debug_replay_remote_trigger_matching_config: null} @ webpack-internal:///(app-pages-browser)/../../node_modules/.pnpm/posthog-js@1.364.7/node_modules/posthog-js/dist/module.js:22
[    1407ms] [LOG] [PostHog.js] set_config {config: Object, oldConfig: Object, newConfig: Object} @ webpack-internal:///(app-pages-browser)/../../node_modules/.pnpm/posthog-js@1.364.7/node_modules/posthog-js/dist/module.js:22
[    1408ms] [LOG] [PostHog.js] [Surveys] flags response received, isSurveysEnabled: false @ webpack-internal:///(app-pages-browser)/../../node_modules/.pnpm/posthog-js@1.364.7/node_modules/posthog-js/dist/module.js:22
[    1411ms] [LOG] [PostHog.js] [Surveys] Surveys loaded successfully @ webpack-internal:///(app-pages-browser)/../../node_modules/.pnpm/posthog-js@1.364.7/node_modules/posthog-js/dist/module.js:22
[    6376ms] [LOG] [PostHog.js] send "$web_vitals" {uuid: 019d6f19-7d56-7073-b0d9-cd6701bc37d7, event: $web_vitals, properties: Object, timestamp: Thu Apr 09 2026 03:27:14 GMT+0530 (India Standard Time)} @ webpack-internal:///(app-pages-browser)/../../node_modules/.pnpm/posthog-js@1.364.7/node_modules/posthog-js/dist/module.js:22
