[     348ms] [ERROR] Failed to load resource: the server responded with a status of 404 (Not Found) @ http://localhost:3500/favicon.ico:0
[     368ms] [ERROR] Failed to load resource: the server responded with a status of 404 (Not Found) @ http://localhost:3500/functions/v1/get-public-profile:0
[     382ms] [ERROR] Failed to load resource: the server responded with a status of 404 (Not Found) @ http://localhost:3500/functions/v1/get-public-profile:0
[   36887ms] [ERROR] Warning: Function components cannot be given refs. Attempts to access this ref will fail. Did you mean to use React.forwardRef()?%s%s 

Check the render method of `Primitive.div.SlotClone`. 
    at SheetOverlay (webpack-internal:///(app-pages-browser)/./components/ui/sheet.tsx:72:11)
    at eval (webpack-internal:///(app-pages-browser)/../../node_modules/.pnpm/@radix-ui+react-slot@1.2.3_@types+react@18.2.79_react@18.2.0/node_modules/@radix-ui/react-slot/dist/index.mjs:44:13)
    at eval (webpack-internal:///(app-pages-browser)/../../node_modules/.pnpm/@radix-ui+react-slot@1.2.3_@types+react@18.2.79_react@18.2.0/node_modules/@radix-ui/react-slot/dist/index.mjs:20:13)
    at eval (webpack-internal:///(app-pages-browser)/../../node_modules/.pnpm/@radix-ui+react-primitive@2.1.3_@types+react-dom@18.3.7_@types+react@18.2.79__@types+re_f4e1e719c05f6e94f43bb4376a08a97f/node_modules/@radix-ui/react-primitive/dist/index.mjs:38:13)
    at eval (webpack-internal:///(app-pages-browser)/../../node_modules/.pnpm/@radix-ui+react-portal@1.1.9_@types+react-dom@18.3.7_@types+react@18.2.79__@types+react_b13adcccbf4fcebeee9213cdfab49c5f/node_modules/@radix-ui/react-portal/dist/index.mjs:22:24)
    at Presence (webpack-internal:///(app-pages-browser)/../../node_modules/.pnpm/@radix-ui+react-presence@1.1.5_@types+react-dom@18.3.7_@types+react@18.2.79__@types+rea_87338c0b2d6a7c00086ed8a03a0a8df1/node_modules/@radix-ui/react-presence/dist/index.mjs:27:13)
    at Provider (webpack-internal:///(app-pages-browser)/../../node_modules/.pnpm/@radix-ui+react-context@1.1.2_@types+react@18.2.79_react@18.2.0/node_modules/@radix-ui/react-context/dist/index.mjs:34:15)
    at DialogPortal (webpack-internal:///(app-pages-browser)/../../node_modules/.pnpm/@radix-ui+react-dialog@1.1.15_@types+react-dom@18.3.7_@types+react@18.2.79__@types+reac_69d33ac9bd169b1e9c3d21c403e24021/node_modules/@radix-ui/react-dialog/dist/index.mjs:131:13)
    at SheetPortal (webpack-internal:///(app-pages-browser)/./components/ui/sheet.tsx:60:14)
    at SheetContent (webpack-internal:///(app-pages-browser)/./components/ui/sheet.tsx:85:11)
    at Provider (webpack-internal:///(app-pages-browser)/../../node_modules/.pnpm/@radix-ui+react-context@1.1.2_@types+react@18.2.79_react@18.2.0/node_modules/@radix-ui/react-context/dist/index.mjs:34:15)
    at Dialog (webpack-internal:///(app-pages-browser)/../../node_modules/.pnpm/@radix-ui+react-dialog@1.1.15_@types+react-dom@18.3.7_@types+react@18.2.79__@types+reac_69d33ac9bd169b1e9c3d21c403e24021/node_modules/@radix-ui/react-dialog/dist/index.mjs:61:13)
    at Sheet (webpack-internal:///(app-pages-browser)/./components/ui/sheet.tsx:24:14)
    at div
    at header
    at Navbar (webpack-internal:///(app-pages-browser)/./components/landing/Navbar.tsx:91:78)
    at div
    at LandingPage (Server)
    at InnerLayoutRouter (webpack-internal:///(app-pages-browser)/../../node_modules/.pnpm/next@14.2.18_react-dom@18.3.1_react@18.2.0__react@18.2.0/node_modules/next/dist/client/components/layout-router.js:243:11)
    at RedirectErrorBoundary (webpack-internal:///(app-pages-browser)/../../node_modules/.pnpm/next@14.2.18_react-dom@18.3.1_react@18.2.0__react@18.2.0/node_modules/next/dist/client/components/redirect-boundary.js:74:9)
    at RedirectBoundary (webpack-internal:///(app-pages-browser)/../../node_modules/.pnpm/next@14.2.18_react-dom@18.3.1_react@18.2.0__react@18.2.0/node_modules/next/dist/client/components/redirect-boundary.js:82:11)
    at NotFoundErrorBoundary (webpack-internal:///(app-pages-browser)/../../node_modules/.pnpm/next@14.2.18_react-dom@18.3.1_react@18.2.0__react@18.2.0/node_modules/next/dist/client/components/not-found-boundary.js:76:9)
    at NotFoundBoundary (webpack-internal:///(app-pages-browser)/../../node_modules/.pnpm/next@14.2.18_react-dom@18.3.1_react@18.2.0__react@18.2.0/node_modules/next/dist/client/components/not-found-boundary.js:84:11)
    at LoadingBoundary (webpack-internal:///(app-pages-browser)/../../node_modules/.pnpm/next@14.2.18_react-dom@18.3.1_react@18.2.0__react@18.2.0/node_modules/next/dist/client/components/layout-router.js:349:11)
    at ErrorBoundary (webpack-internal:///(app-pages-browser)/../../node_modules/.pnpm/next@14.2.18_react-dom@18.3.1_react@18.2.0__react@18.2.0/node_modules/next/dist/client/components/error-boundary.js:160:11)
    at InnerScrollAndFocusHandler (webpack-internal:///(app-pages-browser)/../../node_modules/.pnpm/next@14.2.18_react-dom@18.3.1_react@18.2.0__react@18.2.0/node_modules/next/dist/client/components/layout-router.js:153:9)
    at ScrollAndFocusHandler (webpack-internal:///(app-pages-browser)/../../node_modules/.pnpm/next@14.2.18_react-dom@18.3.1_react@18.2.0__react@18.2.0/node_modules/next/dist/client/components/layout-router.js:228:11)
    at RenderFromTemplateContext (webpack-internal:///(app-pages-browser)/../../node_modules/.pnpm/next@14.2.18_react-dom@18.3.1_react@18.2.0__react@18.2.0/node_modules/next/dist/client/components/render-from-template-context.js:16:44)
    at OuterLayoutRouter (webpack-internal:///(app-pages-browser)/../../node_modules/.pnpm/next@14.2.18_react-dom@18.3.1_react@18.2.0__react@18.2.0/node_modules/next/dist/client/components/layout-router.js:370:11)
    at UTMProvider (webpack-internal:///(app-pages-browser)/./components/providers/UTMProvider.tsx:20:11)
    at V (webpack-internal:///(app-pages-browser)/../../node_modules/.pnpm/next-themes@0.4.6_react-dom@18.3.1_react@18.2.0__react@18.2.0/node_modules/next-themes/dist/index.mjs:54:24)
    at J (webpack-internal:///(app-pages-browser)/../../node_modules/.pnpm/next-themes@0.4.6_react-dom@18.3.1_react@18.2.0__react@18.2.0/node_modules/next-themes/dist/index.mjs:47:47)
    at ThemeProvider (webpack-internal:///(app-pages-browser)/./components/providers/ThemeProvider.tsx:10:11)
    at body
    at html
    at RootLayout (Server)
    at RedirectErrorBoundary (webpack-internal:///(app-pages-browser)/../../node_modules/.pnpm/next@14.2.18_react-dom@18.3.1_react@18.2.0__react@18.2.0/node_modules/next/dist/client/components/redirect-boundary.js:74:9)
    at RedirectBoundary (webpack-internal:///(app-pages-browser)/../../node_modules/.pnpm/next@14.2.18_react-dom@18.3.1_react@18.2.0__react@18.2.0/node_modules/next/dist/client/components/redirect-boundary.js:82:11)
    at NotFoundErrorBoundary (webpack-internal:///(app-pages-browser)/../../node_modules/.pnpm/next@14.2.18_react-dom@18.3.1_react@18.2.0__react@18.2.0/node_modules/next/dist/client/components/not-found-boundary.js:76:9)
    at NotFoundBoundary (webpack-internal:///(app-pages-browser)/../../node_modules/.pnpm/next@14.2.18_react-dom@18.3.1_react@18.2.0__react@18.2.0/node_modules/next/dist/client/components/not-found-boundary.js:84:11)
    at DevRootNotFoundBoundary (webpack-internal:///(app-pages-browser)/../../node_modules/.pnpm/next@14.2.18_react-dom@18.3.1_react@18.2.0__react@18.2.0/node_modules/next/dist/client/components/dev-root-not-found-boundary.js:33:11)
    at ReactDevOverlay (webpack-internal:///(app-pages-browser)/../../node_modules/.pnpm/next@14.2.18_react-dom@18.3.1_react@18.2.0__react@18.2.0/node_modules/next/dist/client/components/react-dev-overlay/app/ReactDevOverlay.js:87:9)
    at HotReload (webpack-internal:///(app-pages-browser)/../../node_modules/.pnpm/next@14.2.18_react-dom@18.3.1_react@18.2.0__react@18.2.0/node_modules/next/dist/client/components/react-dev-overlay/app/hot-reloader-client.js:321:11)
    at Router (webpack-internal:///(app-pages-browser)/../../node_modules/.pnpm/next@14.2.18_react-dom@18.3.1_react@18.2.0__react@18.2.0/node_modules/next/dist/client/components/app-router.js:207:11)
    at ErrorBoundaryHandler (webpack-internal:///(app-pages-browser)/../../node_modules/.pnpm/next@14.2.18_react-dom@18.3.1_react@18.2.0__react@18.2.0/node_modules/next/dist/client/components/error-boundary.js:113:9)
    at ErrorBoundary (webpack-internal:///(app-pages-browser)/../../node_modules/.pnpm/next@14.2.18_react-dom@18.3.1_react@18.2.0__react@18.2.0/node_modules/next/dist/client/components/error-boundary.js:160:11)
    at AppRouter (webpack-internal:///(app-pages-browser)/../../node_modules/.pnpm/next@14.2.18_react-dom@18.3.1_react@18.2.0__react@18.2.0/node_modules/next/dist/client/components/app-router.js:585:13)
    at ServerRoot (webpack-internal:///(app-pages-browser)/../../node_modules/.pnpm/next@14.2.18_react-dom@18.3.1_react@18.2.0__react@18.2.0/node_modules/next/dist/client/app-index.js:112:27)
    at Root (webpack-internal:///(app-pages-browser)/../../node_modules/.pnpm/next@14.2.18_react-dom@18.3.1_react@18.2.0__react@18.2.0/node_modules/next/dist/client/app-index.js:117:11) @ webpack-internal:///(app-pages-browser)/../../node_modules/.pnpm/next@14.2.18_react-dom@18.3.1_react@18.2.0__react@18.2.0/node_modules/next/dist/client/app-index.js:32
[   36893ms] [WARNING] Warning: Missing `Description` or `aria-describedby={undefined}` for {DialogContent}. @ webpack-internal:///(app-pages-browser)/../../node_modules/.pnpm/@radix-ui+react-dialog@1.1.15_@types+react-dom@18.3.7_@types+react@18.2.79__@types+reac_69d33ac9bd169b1e9c3d21c403e24021/node_modules/@radix-ui/react-dialog/dist/index.mjs:467
[   36894ms] [WARNING] Warning: Missing `Description` or `aria-describedby={undefined}` for {DialogContent}. @ webpack-internal:///(app-pages-browser)/../../node_modules/.pnpm/@radix-ui+react-dialog@1.1.15_@types+react-dom@18.3.7_@types+react@18.2.79__@types+reac_69d33ac9bd169b1e9c3d21c403e24021/node_modules/@radix-ui/react-dialog/dist/index.mjs:467
[   79532ms] [ERROR] Failed to load resource: the server responded with a status of 400 () @ https://wsuleaypyjazcmmntcru.supabase.co/functions/v1/send-otp:0
