[      60ms] [ERROR] Failed to load resource: the server responded with a status of 500 (Internal Server Error) @ http://localhost:3000/tools/penalty-calculator/shops-establishment-penalty:0
[     200ms] ModuleBuildError: Module build failed (from ../../node_modules/.pnpm/next@14.2.18_react-dom@18.3.1_react@18.2.0__react@18.2.0/node_modules/next/dist/build/webpack/loaders/next-swc-loader.js):
Error: 
  x You are attempting to export "metadata" from a component marked with "use client", which is disallowed. Either remove the export, or the "use client" directive. Read more: https://nextjs.org/
  | docs/getting-started/react-essentials#the-use-client-directive
  | 
  | 
     ,-[/Users/apple/Downloads/Ollvy-main.123/ollvy/apps/customer/app/tools/penalty-calculator/shops-establishment-penalty/page.tsx:591:1]
 591 |   )
 592 | }
 593 | 
 594 | export const metadata = {
     :              ^^^^^^^^
 595 |   title: 'Shops & Establishment Act Penalty Calculator 2025 | Ollvy',
 596 |   description:
 597 |     'Calculate penalty for non-registration or late renewal under Shops and Establishment Act. State-wise rates for MH, KA, DL, TN, GJ, WB and more.',
     `----

    at processResult (file:///Users/apple/Downloads/Ollvy-main.123/ollvy/node_modules/.pnpm/next@14.2.18_react-dom@18.3.1_react@18.2.0__react@18.2.0/node_modules/next/dist/compiled/webpack/bundle5.js:28:400590)
    at <unknown> (file:///Users/apple/Downloads/Ollvy-main.123/ollvy/node_modules/.pnpm/next@14.2.18_react-dom@18.3.1_react@18.2.0__react@18.2.0/node_modules/next/dist/compiled/webpack/bundle5.js:28:402302)
    at <unknown> (file:///Users/apple/Downloads/Ollvy-main.123/ollvy/node_modules/.pnpm/next@14.2.18_react-dom@18.3.1_react@18.2.0__react@18.2.0/node_modules/next/dist/compiled/loader-runner/LoaderRunner.js:1:8645)
    at <unknown> (file:///Users/apple/Downloads/Ollvy-main.123/ollvy/node_modules/.pnpm/next@14.2.18_react-dom@18.3.1_react@18.2.0__react@18.2.0/node_modules/next/dist/compiled/loader-runner/LoaderRunner.js:1:5019)
    at r.callback (file:///Users/apple/Downloads/Ollvy-main.123/ollvy/node_modules/.pnpm/next@14.2.18_react-dom@18.3.1_react@18.2.0__react@18.2.0/node_modules/next/dist/compiled/loader-runner/LoaderRunner.js:1:4039)
[     200ms] [ERROR] ./app/tools/penalty-calculator/shops-establishment-penalty/page.tsx
Error: 
  x You are attempting to export "metadata" from a component marked with "use client", which is disallowed. Either remove the export, or the "use client" directive. Read more: https://nextjs.org/
  | docs/getting-started/react-essentials#the-use-client-directive
  | 
  | 
     ,-[/Users/apple/Downloads/Ollvy-main.123/ollvy/apps/customer/app/tools/penalty-calculator/shops-establishment-penalty/page.tsx:591:1]
 591 |   )
 592 | }
 593 | 
 594 | export const metadata = {
     :              ^^^^^^^^
 595 |   title: 'Shops & Establishment Act Penalty Calculator 2025 | Ollvy',
 596 |   description:
 597 |     'Calculate penalty for non-registration or late renewal under Shops and Establishment Act. State-wise rates for MH, KA, DL, TN, GJ, WB and more.',
     `---- @ webpack-internal:///../../node_modules/.pnpm/next@14.2.18_react-dom@18.3.1_react@18.2.0__react@18.2.0/node_modules/next/dist/client/components/react-dev-overlay/internal/helpers/hydration-error-info.js:62
[     201ms] [ERROR] Failed to load resource: the server responded with a status of 404 (Not Found) @ http://localhost:3000/favicon.ico:0
[   43681ms] [ERROR] ./app/tools/penalty-calculator/shops-establishment-penalty/page.tsx
Error: 
  x You are attempting to export "metadata" from a component marked with "use client", which is disallowed. Either remove the export, or the "use client" directive. Read more: https://nextjs.org/
  | docs/getting-started/react-essentials#the-use-client-directive
  | 
  | 
     ,-[/Users/apple/Downloads/Ollvy-main.123/ollvy/apps/customer/app/tools/penalty-calculator/shops-establishment-penalty/page.tsx:591:1]
 591 |   )
 592 | }
 593 | 
 594 | export const metadata = {
     :              ^^^^^^^^
 595 |   title: 'Shops & Establishment Act Penalty Calculator 2025 | Ollvy',
 596 |   description:
 597 |     'Calculate penalty for non-registration or late renewal under Shops and Establishment Act. State-wise rates for MH, KA, DL, TN, GJ, WB and more.',
     `----

Import trace for requested module:
./app/tools/penalty-calculator/shops-establishment-penalty/page.tsx @ webpack-internal:///../../node_modules/.pnpm/next@14.2.18_react-dom@18.3.1_react@18.2.0__react@18.2.0/node_modules/next/dist/client/components/react-dev-overlay/internal/helpers/hydration-error-info.js:62
[   44454ms] [ERROR] Failed to load resource: the server responded with a status of 404 (Not Found) @ http://localhost:3000/_next/static/webpack/54d3ce50bad5d871.webpack.hot-update.json:0
[   44454ms] [WARNING] [Fast Refresh] performing full reload because your application had an unrecoverable error @ webpack-internal:///../../node_modules/.pnpm/next@14.2.18_react-dom@18.3.1_react@18.2.0__react@18.2.0/node_modules/next/dist/client/components/react-dev-overlay/pages/hot-reloader-client.js:349
