[      33ms] [LOG] [PostHog.js] send "$snapshot" {uuid: 019d8930-173f-77e2-83e6-88bd6ac63983, event: $snapshot, properties: Object, timestamp: Tue Apr 14 2026 05:02:03 GMT+0530 (India Standard Time)} @ webpack-internal:///(app-pages-browser)/../../node_modules/.pnpm/posthog-js@1.364.7/node_modules/posthog-js/dist/module.js:22
[     250ms] [LOG] [PostHog.js] send "$pageleave" {uuid: 019d8930-1818-7db5-ab14-acc040b07198, event: $pageleave, properties: Object, timestamp: Tue Apr 14 2026 05:02:03 GMT+0530 (India Standard Time)} @ webpack-internal:///(app-pages-browser)/../../node_modules/.pnpm/posthog-js@1.364.7/node_modules/posthog-js/dist/module.js:22
[     477ms] [INFO] %cDownload the React DevTools for a better development experience: https://react.dev/link/react-devtools font-weight:bold @ webpack-internal:///(app-pages-browser)/../../node_modules/.pnpm/next@15.5.14_@opentelemetry+api@1.9.1_react-dom@18.3.1_react@18.2.0__react@18.2.0/node_modules/next/dist/compiled/react-dom/cjs/react-dom-client.development.js:25630
[     599ms] [LOG] [GTM Event] clear_ecommerce {ecommerce: null} @ webpack-internal:///(app-pages-browser)/./lib/hooks/useGTM.ts:16
[     600ms] [LOG] [GTM Event] view_item {ecommerce: Object} @ webpack-internal:///(app-pages-browser)/./lib/hooks/useGTM.ts:16
[     601ms] [LOG] [AuthProvider] Mounting, starting hydration @ webpack-internal:///(app-pages-browser)/./components/providers/AuthProvider.tsx:35
[     601ms] [LOG] [auth-store] isFreshLogin: false URL: http://localhost:3000/services/gst-registration @ webpack-internal:///(app-pages-browser)/./lib/stores/auth-store.ts:205
[     601ms] [LOG] [auth-store] refreshSession starting @ webpack-internal:///(app-pages-browser)/./lib/stores/auth-store.ts:209
[     660ms] [LOG] [auth-store] getSession result: no session @ webpack-internal:///(app-pages-browser)/./lib/stores/auth-store.ts:213
[     665ms] [LOG] [AuthProvider] Initial hydration complete @ webpack-internal:///(app-pages-browser)/./components/providers/AuthProvider.tsx:40
[     666ms] [LOG] [AuthProvider] Auth event: INITIAL_SESSION @ webpack-internal:///(app-pages-browser)/./components/providers/AuthProvider.tsx:46
[     670ms] [LOG] [PostHog.js] set_config {config: Object, oldConfig: Object, newConfig: Object} @ webpack-internal:///(app-pages-browser)/../../node_modules/.pnpm/posthog-js@1.364.7/node_modules/posthog-js/dist/module.js:22
[     671ms] [LOG] [PostHog.js] Persistence loaded localStorage+cookie {$device_id: 019d5401-510f-7d21-a410-204e78f58700, distinct_id: 019d5401-510f-7d21-a410-204e78f58700, $sesid: Array(3), $initial_person_info: Object, $user_state: anonymous} @ webpack-internal:///(app-pages-browser)/../../node_modules/.pnpm/posthog-js@1.364.7/node_modules/posthog-js/dist/module.js:22
[     671ms] [LOG] [PostHog.js] Persistence loaded sessionStorage {$sdk_debug_extensions_init_method: synchronous, $sdk_debug_extensions_init_time_ms: 1, $sdk_debug_replay_remote_trigger_matching_config: null, $sdk_debug_replay_event_trigger_status: trigger_disabled, $sdk_debug_replay_url_trigger_status: trigger_disabled} @ webpack-internal:///(app-pages-browser)/../../node_modules/.pnpm/posthog-js@1.364.7/node_modules/posthog-js/dist/module.js:22
[     671ms] [LOG] [PostHog.js] Initializing extensions synchronously @ webpack-internal:///(app-pages-browser)/../../node_modules/.pnpm/posthog-js@1.364.7/node_modules/posthog-js/dist/module.js:22
[     672ms] [LOG] [PostHog.js] [Web Vitals] enabled, starting... @ webpack-internal:///(app-pages-browser)/../../node_modules/.pnpm/posthog-js@1.364.7/node_modules/posthog-js/dist/module.js:22
[     672ms] [LOG] [PostHog.js] [SessionRecording] starting @ webpack-internal:///(app-pages-browser)/../../node_modules/.pnpm/posthog-js@1.364.7/node_modules/posthog-js/dist/module.js:22
[     673ms] [LOG] [PostHog.js] [Heatmaps] starting... @ webpack-internal:///(app-pages-browser)/../../node_modules/.pnpm/posthog-js@1.364.7/node_modules/posthog-js/dist/module.js:22
[     673ms] [LOG] [PostHog.js] Starting in debug mode {this: _n, config: Object, thisC: Object, p: Object, s: Object} @ webpack-internal:///(app-pages-browser)/../../node_modules/.pnpm/posthog-js@1.364.7/node_modules/posthog-js/dist/module.js:22
[     673ms] [LOG] You're now in debug mode. All calls to PostHog will be logged in your console.
You can disable this with `posthog.debug(false)`. @ webpack-internal:///(app-pages-browser)/../../node_modules/.pnpm/posthog-js@1.364.7/node_modules/posthog-js/dist/module.js:22
[     673ms] [LOG] [PostHog.js] Persistence loaded sessionStorage {$sdk_debug_extensions_init_method: synchronous, $sdk_debug_extensions_init_time_ms: 1, $sdk_debug_replay_remote_trigger_matching_config: null, $sdk_debug_replay_event_trigger_status: trigger_disabled, $sdk_debug_replay_url_trigger_status: trigger_disabled} @ webpack-internal:///(app-pages-browser)/../../node_modules/.pnpm/posthog-js@1.364.7/node_modules/posthog-js/dist/module.js:22
[     673ms] [LOG] [PostHog.js] set_config {config: Object, oldConfig: Object, newConfig: Object} @ webpack-internal:///(app-pages-browser)/../../node_modules/.pnpm/posthog-js@1.364.7/node_modules/posthog-js/dist/module.js:22
[     673ms] [LOG] [PostHog.js] [SessionRecording] starting @ webpack-internal:///(app-pages-browser)/../../node_modules/.pnpm/posthog-js@1.364.7/node_modules/posthog-js/dist/module.js:22
[     698ms] [LOG] [PostHog.js] [Dead Clicks] starting... @ webpack-internal:///(app-pages-browser)/../../node_modules/.pnpm/posthog-js@1.364.7/node_modules/posthog-js/dist/module.js:22
[     698ms] [LOG] [PostHog.js] Persistence loaded sessionStorage {$sdk_debug_extensions_init_method: synchronous, $sdk_debug_extensions_init_time_ms: 1, $sdk_debug_replay_remote_trigger_matching_config: null, $sdk_debug_replay_event_trigger_status: trigger_disabled, $sdk_debug_replay_url_trigger_status: trigger_disabled} @ webpack-internal:///(app-pages-browser)/../../node_modules/.pnpm/posthog-js@1.364.7/node_modules/posthog-js/dist/module.js:22
[     698ms] [LOG] [PostHog.js] set_config {config: Object, oldConfig: Object, newConfig: Object} @ webpack-internal:///(app-pages-browser)/../../node_modules/.pnpm/posthog-js@1.364.7/node_modules/posthog-js/dist/module.js:22
[     698ms] [LOG] [PostHog.js] [Surveys] flags response received, isSurveysEnabled: false @ webpack-internal:///(app-pages-browser)/../../node_modules/.pnpm/posthog-js@1.364.7/node_modules/posthog-js/dist/module.js:22
[     699ms] [LOG] [PostHog.js] [Surveys] Surveys loaded successfully @ webpack-internal:///(app-pages-browser)/../../node_modules/.pnpm/posthog-js@1.364.7/node_modules/posthog-js/dist/module.js:22
[    5678ms] [LOG] [PostHog.js] send "$web_vitals" {uuid: 019d8930-2d4b-708b-afab-e883800d5e6e, event: $web_vitals, properties: Object, timestamp: Tue Apr 14 2026 05:02:09 GMT+0530 (India Standard Time)} @ webpack-internal:///(app-pages-browser)/../../node_modules/.pnpm/posthog-js@1.364.7/node_modules/posthog-js/dist/module.js:22
[    9396ms] [LOG] [PostHog.js] send "$snapshot" {uuid: 019d8930-3bd3-79ae-95df-9eb337b180c4, event: $snapshot, properties: Object, timestamp: Tue Apr 14 2026 05:02:12 GMT+0530 (India Standard Time)} @ webpack-internal:///(app-pages-browser)/../../node_modules/.pnpm/posthog-js@1.364.7/node_modules/posthog-js/dist/module.js:22
[   20722ms] [LOG] [PostHog.js] send "$snapshot" {uuid: 019d8930-6811-72e9-a053-140fe2c339e0, event: $snapshot, properties: Object, timestamp: Tue Apr 14 2026 05:02:24 GMT+0530 (India Standard Time)} @ webpack-internal:///(app-pages-browser)/../../node_modules/.pnpm/posthog-js@1.364.7/node_modules/posthog-js/dist/module.js:22
[   25213ms] [LOG] [PostHog.js] send "$snapshot" {uuid: 019d8930-799b-776f-9499-88c1bf22f5b1, event: $snapshot, properties: Object, timestamp: Tue Apr 14 2026 05:02:28 GMT+0530 (India Standard Time)} @ webpack-internal:///(app-pages-browser)/../../node_modules/.pnpm/posthog-js@1.364.7/node_modules/posthog-js/dist/module.js:22
[   25675ms] [LOG] [PostHog.js] send "$$heatmap" {uuid: 019d8930-7b69-7fef-8ecd-dac1ea0cdbff, event: $$heatmap, properties: Object, timestamp: Tue Apr 14 2026 05:02:29 GMT+0530 (India Standard Time)} @ webpack-internal:///(app-pages-browser)/../../node_modules/.pnpm/posthog-js@1.364.7/node_modules/posthog-js/dist/module.js:22
[   27232ms] [LOG] [PostHog.js] send "$snapshot" {uuid: 019d8930-817e-718e-8735-79e39b228024, event: $snapshot, properties: Object, timestamp: Tue Apr 14 2026 05:02:30 GMT+0530 (India Standard Time)} @ webpack-internal:///(app-pages-browser)/../../node_modules/.pnpm/posthog-js@1.364.7/node_modules/posthog-js/dist/module.js:22
[   30139ms] [LOG] [PostHog.js] send "$snapshot" {uuid: 019d8930-8cd9-78d7-84cc-beb3c1d23257, event: $snapshot, properties: Object, timestamp: Tue Apr 14 2026 05:02:33 GMT+0530 (India Standard Time)} @ webpack-internal:///(app-pages-browser)/../../node_modules/.pnpm/posthog-js@1.364.7/node_modules/posthog-js/dist/module.js:22
[   34048ms] [LOG] [PostHog.js] send "$snapshot" {uuid: 019d8930-9c1e-7e21-be21-15f5897d3a58, event: $snapshot, properties: Object, timestamp: Tue Apr 14 2026 05:02:37 GMT+0530 (India Standard Time)} @ webpack-internal:///(app-pages-browser)/../../node_modules/.pnpm/posthog-js@1.364.7/node_modules/posthog-js/dist/module.js:22
[   35674ms] [LOG] [PostHog.js] send "$$heatmap" {uuid: 019d8930-a278-7bf2-8e79-e832006244ee, event: $$heatmap, properties: Object, timestamp: Tue Apr 14 2026 05:02:39 GMT+0530 (India Standard Time)} @ webpack-internal:///(app-pages-browser)/../../node_modules/.pnpm/posthog-js@1.364.7/node_modules/posthog-js/dist/module.js:22
[   36112ms] [LOG] [PostHog.js] send "$snapshot" {uuid: 019d8930-a42f-7d9a-be81-2d76fe672d80, event: $snapshot, properties: Object, timestamp: Tue Apr 14 2026 05:02:39 GMT+0530 (India Standard Time)} @ webpack-internal:///(app-pages-browser)/../../node_modules/.pnpm/posthog-js@1.364.7/node_modules/posthog-js/dist/module.js:22
[   40359ms] [LOG] [PostHog.js] send "$snapshot" {uuid: 019d8930-b4c5-7c56-9899-1f8ea481d0ab, event: $snapshot, properties: Object, timestamp: Tue Apr 14 2026 05:02:43 GMT+0530 (India Standard Time)} @ webpack-internal:///(app-pages-browser)/../../node_modules/.pnpm/posthog-js@1.364.7/node_modules/posthog-js/dist/module.js:22
[   42785ms] [LOG] [PostHog.js] send "$snapshot" {uuid: 019d8930-be3f-7e0e-ad8d-510d00ff926f, event: $snapshot, properties: Object, timestamp: Tue Apr 14 2026 05:02:46 GMT+0530 (India Standard Time)} @ webpack-internal:///(app-pages-browser)/../../node_modules/.pnpm/posthog-js@1.364.7/node_modules/posthog-js/dist/module.js:22
[   52349ms] [LOG] [PostHog.js] send "$snapshot" {uuid: 019d8930-e39c-7bc1-a4fd-401dfd862b79, event: $snapshot, properties: Object, timestamp: Tue Apr 14 2026 05:02:55 GMT+0530 (India Standard Time)} @ webpack-internal:///(app-pages-browser)/../../node_modules/.pnpm/posthog-js@1.364.7/node_modules/posthog-js/dist/module.js:22
[   83489ms] [LOG] [PostHog.js] send "$snapshot" {uuid: 019d8931-5d3f-7707-91ce-96236f816fd3, event: $snapshot, properties: Object, timestamp: Tue Apr 14 2026 05:03:26 GMT+0530 (India Standard Time)} @ webpack-internal:///(app-pages-browser)/../../node_modules/.pnpm/posthog-js@1.364.7/node_modules/posthog-js/dist/module.js:22
[   83496ms] [LOG] [PostHog.js] send "$autocapture" {uuid: 019d8931-5d46-70cd-b63e-208cec16a614, event: $autocapture, properties: Object, timestamp: Tue Apr 14 2026 05:03:26 GMT+0530 (India Standard Time)} @ webpack-internal:///(app-pages-browser)/../../node_modules/.pnpm/posthog-js@1.364.7/node_modules/posthog-js/dist/module.js:22
[   83905ms] [LOG] [PostHog.js] send "$autocapture" {uuid: 019d8931-5edf-7cc1-9084-3219ce0693bf, event: $autocapture, properties: Object, timestamp: Tue Apr 14 2026 05:03:27 GMT+0530 (India Standard Time)} @ webpack-internal:///(app-pages-browser)/../../node_modules/.pnpm/posthog-js@1.364.7/node_modules/posthog-js/dist/module.js:22
[   84407ms] [LOG] [PostHog.js] send "$rageclick" {uuid: 019d8931-60d5-7758-8e46-50c788638e00, event: $rageclick, properties: Object, timestamp: Tue Apr 14 2026 05:03:27 GMT+0530 (India Standard Time)} @ webpack-internal:///(app-pages-browser)/../../node_modules/.pnpm/posthog-js@1.364.7/node_modules/posthog-js/dist/module.js:22
[   84409ms] [LOG] [PostHog.js] send "$autocapture" {uuid: 019d8931-60d7-783f-99ee-7af2e6437494, event: $autocapture, properties: Object, timestamp: Tue Apr 14 2026 05:03:27 GMT+0530 (India Standard Time)} @ webpack-internal:///(app-pages-browser)/../../node_modules/.pnpm/posthog-js@1.364.7/node_modules/posthog-js/dist/module.js:22
[   85495ms] [LOG] [PostHog.js] send "$snapshot" {uuid: 019d8931-6516-702b-8bbc-91defd706b47, event: $snapshot, properties: Object, timestamp: Tue Apr 14 2026 05:03:28 GMT+0530 (India Standard Time)} @ webpack-internal:///(app-pages-browser)/../../node_modules/.pnpm/posthog-js@1.364.7/node_modules/posthog-js/dist/module.js:22
[   86978ms] [LOG] [PostHog.js] send "$$heatmap" {uuid: 019d8931-6ae0-74df-93df-6fd02497714c, event: $$heatmap, properties: Object, timestamp: Tue Apr 14 2026 05:03:30 GMT+0530 (India Standard Time)} @ webpack-internal:///(app-pages-browser)/../../node_modules/.pnpm/posthog-js@1.364.7/node_modules/posthog-js/dist/module.js:22
[   88505ms] [LOG] [PostHog.js] send "$web_vitals" {uuid: 019d8931-70d6-76c0-9369-1f7514ec03e8, event: $web_vitals, properties: Object, timestamp: Tue Apr 14 2026 05:03:31 GMT+0530 (India Standard Time)} @ webpack-internal:///(app-pages-browser)/../../node_modules/.pnpm/posthog-js@1.364.7/node_modules/posthog-js/dist/module.js:22
[   88870ms] [LOG] [PostHog.js] send "$snapshot" {uuid: 019d8931-7244-7c9b-9dc9-979a4fe84c7e, event: $snapshot, properties: Object, timestamp: Tue Apr 14 2026 05:03:32 GMT+0530 (India Standard Time)} @ webpack-internal:///(app-pages-browser)/../../node_modules/.pnpm/posthog-js@1.364.7/node_modules/posthog-js/dist/module.js:22
[   89973ms] [LOG] [PostHog.js] send "$autocapture" {uuid: 019d8931-7693-7e55-8ec8-2849c3629e32, event: $autocapture, properties: Object, timestamp: Tue Apr 14 2026 05:03:33 GMT+0530 (India Standard Time)} @ webpack-internal:///(app-pages-browser)/../../node_modules/.pnpm/posthog-js@1.364.7/node_modules/posthog-js/dist/module.js:22
[   90447ms] [LOG] [PostHog.js] send "$autocapture" {uuid: 019d8931-786d-7d92-bfd2-8b2801b022a6, event: $autocapture, properties: Object, timestamp: Tue Apr 14 2026 05:03:33 GMT+0530 (India Standard Time)} @ webpack-internal:///(app-pages-browser)/../../node_modules/.pnpm/posthog-js@1.364.7/node_modules/posthog-js/dist/module.js:22
[   90675ms] [LOG] [PostHog.js] send "$$heatmap" {uuid: 019d8931-7951-7c86-b4ed-d374d24a86bc, event: $$heatmap, properties: Object, timestamp: Tue Apr 14 2026 05:03:34 GMT+0530 (India Standard Time)} @ webpack-internal:///(app-pages-browser)/../../node_modules/.pnpm/posthog-js@1.364.7/node_modules/posthog-js/dist/module.js:22
[   90784ms] [LOG] [PostHog.js] send "$rageclick" {uuid: 019d8931-79be-7e0a-a516-e263a1298f57, event: $rageclick, properties: Object, timestamp: Tue Apr 14 2026 05:03:34 GMT+0530 (India Standard Time)} @ webpack-internal:///(app-pages-browser)/../../node_modules/.pnpm/posthog-js@1.364.7/node_modules/posthog-js/dist/module.js:22
[   90785ms] [LOG] [PostHog.js] send "$autocapture" {uuid: 019d8931-79bf-7875-a1de-89c4254b8600, event: $autocapture, properties: Object, timestamp: Tue Apr 14 2026 05:03:34 GMT+0530 (India Standard Time)} @ webpack-internal:///(app-pages-browser)/../../node_modules/.pnpm/posthog-js@1.364.7/node_modules/posthog-js/dist/module.js:22
[   90890ms] [LOG] [PostHog.js] send "$snapshot" {uuid: 019d8931-7a28-7a7e-8e95-1211a8376d7c, event: $snapshot, properties: Object, timestamp: Tue Apr 14 2026 05:03:34 GMT+0530 (India Standard Time)} @ webpack-internal:///(app-pages-browser)/../../node_modules/.pnpm/posthog-js@1.364.7/node_modules/posthog-js/dist/module.js:22
[   92779ms] [LOG] [PostHog.js] send "$autocapture" {uuid: 019d8931-8188-75c2-afe0-510dad04d6ea, event: $autocapture, properties: Object, timestamp: Tue Apr 14 2026 05:03:36 GMT+0530 (India Standard Time)} @ webpack-internal:///(app-pages-browser)/../../node_modules/.pnpm/posthog-js@1.364.7/node_modules/posthog-js/dist/module.js:22
[   92974ms] [LOG] [PostHog.js] send "$snapshot" {uuid: 019d8931-824c-7ae0-8c1a-b1c7db0b3473, event: $snapshot, properties: Object, timestamp: Tue Apr 14 2026 05:03:36 GMT+0530 (India Standard Time)} @ webpack-internal:///(app-pages-browser)/../../node_modules/.pnpm/posthog-js@1.364.7/node_modules/posthog-js/dist/module.js:22
[   93310ms] [LOG] [PostHog.js] send "$autocapture" {uuid: 019d8931-839c-7736-9bc5-4dde8814b11f, event: $autocapture, properties: Object, timestamp: Tue Apr 14 2026 05:03:36 GMT+0530 (India Standard Time)} @ webpack-internal:///(app-pages-browser)/../../node_modules/.pnpm/posthog-js@1.364.7/node_modules/posthog-js/dist/module.js:22
[   93791ms] [LOG] [PostHog.js] send "$rageclick" {uuid: 019d8931-857c-7c37-8c91-ee1dd97d73c9, event: $rageclick, properties: Object, timestamp: Tue Apr 14 2026 05:03:37 GMT+0530 (India Standard Time)} @ webpack-internal:///(app-pages-browser)/../../node_modules/.pnpm/posthog-js@1.364.7/node_modules/posthog-js/dist/module.js:22
[   93791ms] [LOG] [PostHog.js] send "$autocapture" {uuid: 019d8931-857e-72ff-9129-334efb764179, event: $autocapture, properties: Object, timestamp: Tue Apr 14 2026 05:03:37 GMT+0530 (India Standard Time)} @ webpack-internal:///(app-pages-browser)/../../node_modules/.pnpm/posthog-js@1.364.7/node_modules/posthog-js/dist/module.js:22
[   94403ms] [LOG] [PostHog.js] send "$autocapture" {uuid: 019d8931-87e1-7129-9733-20ae5321526b, event: $autocapture, properties: Object, timestamp: Tue Apr 14 2026 05:03:37 GMT+0530 (India Standard Time)} @ webpack-internal:///(app-pages-browser)/../../node_modules/.pnpm/posthog-js@1.364.7/node_modules/posthog-js/dist/module.js:22
[   94609ms] [LOG] [PostHog.js] send "$autocapture" {uuid: 019d8931-88af-7a1b-b3a6-32fa62a6596a, event: $autocapture, properties: Object, timestamp: Tue Apr 14 2026 05:03:38 GMT+0530 (India Standard Time)} @ webpack-internal:///(app-pages-browser)/../../node_modules/.pnpm/posthog-js@1.364.7/node_modules/posthog-js/dist/module.js:22
[   94859ms] [LOG] [PostHog.js] send "$rageclick" {uuid: 019d8931-89a9-776d-8941-c0dd02557c6d, event: $rageclick, properties: Object, timestamp: Tue Apr 14 2026 05:03:38 GMT+0530 (India Standard Time)} @ webpack-internal:///(app-pages-browser)/../../node_modules/.pnpm/posthog-js@1.364.7/node_modules/posthog-js/dist/module.js:22
[   94860ms] [LOG] [PostHog.js] send "$autocapture" {uuid: 019d8931-89aa-7c33-b8bc-adeae84be207, event: $autocapture, properties: Object, timestamp: Tue Apr 14 2026 05:03:38 GMT+0530 (India Standard Time)} @ webpack-internal:///(app-pages-browser)/../../node_modules/.pnpm/posthog-js@1.364.7/node_modules/posthog-js/dist/module.js:22
[   95214ms] [LOG] [PostHog.js] send "$snapshot" {uuid: 019d8931-8b0d-7626-a8ce-7fb7be94bf88, event: $snapshot, properties: Object, timestamp: Tue Apr 14 2026 05:03:38 GMT+0530 (India Standard Time)} @ webpack-internal:///(app-pages-browser)/../../node_modules/.pnpm/posthog-js@1.364.7/node_modules/posthog-js/dist/module.js:22
[   95676ms] [LOG] [PostHog.js] send "$$heatmap" {uuid: 019d8931-8cda-78c1-9e23-dde88e693785, event: $$heatmap, properties: Object, timestamp: Tue Apr 14 2026 05:03:39 GMT+0530 (India Standard Time)} @ webpack-internal:///(app-pages-browser)/../../node_modules/.pnpm/posthog-js@1.364.7/node_modules/posthog-js/dist/module.js:22
[   98095ms] [LOG] [PostHog.js] send "$snapshot" {uuid: 019d8931-964d-725f-90fe-449124670474, event: $snapshot, properties: Object, timestamp: Tue Apr 14 2026 05:03:41 GMT+0530 (India Standard Time)} @ webpack-internal:///(app-pages-browser)/../../node_modules/.pnpm/posthog-js@1.364.7/node_modules/posthog-js/dist/module.js:22
[  100812ms] [LOG] [PostHog.js] send "$snapshot" {uuid: 019d8931-a0ea-7fb7-88ee-cba1d2114bd5, event: $snapshot, properties: Object, timestamp: Tue Apr 14 2026 05:03:44 GMT+0530 (India Standard Time)} @ webpack-internal:///(app-pages-browser)/../../node_modules/.pnpm/posthog-js@1.364.7/node_modules/posthog-js/dist/module.js:22
[  103022ms] [LOG] [PostHog.js] send "$snapshot" {uuid: 019d8931-a98c-7ded-9002-4e8ab78a4744, event: $snapshot, properties: Object, timestamp: Tue Apr 14 2026 05:03:46 GMT+0530 (India Standard Time)} @ webpack-internal:///(app-pages-browser)/../../node_modules/.pnpm/posthog-js@1.364.7/node_modules/posthog-js/dist/module.js:22
[  105366ms] [LOG] [PostHog.js] send "$snapshot" {uuid: 019d8931-b2b4-7f66-a0db-7351a03cfffb, event: $snapshot, properties: Object, timestamp: Tue Apr 14 2026 05:03:48 GMT+0530 (India Standard Time)} @ webpack-internal:///(app-pages-browser)/../../node_modules/.pnpm/posthog-js@1.364.7/node_modules/posthog-js/dist/module.js:22
[  122600ms] [LOG] [PostHog.js] send "$snapshot" {uuid: 019d8931-f606-7229-8eff-d65cf1a3b24c, event: $snapshot, properties: Object, timestamp: Tue Apr 14 2026 05:04:06 GMT+0530 (India Standard Time)} @ webpack-internal:///(app-pages-browser)/../../node_modules/.pnpm/posthog-js@1.364.7/node_modules/posthog-js/dist/module.js:22
[  124945ms] [LOG] [PostHog.js] send "$snapshot" {uuid: 019d8931-ff2f-7f94-a56b-f133d08b44aa, event: $snapshot, properties: Object, timestamp: Tue Apr 14 2026 05:04:08 GMT+0530 (India Standard Time)} @ webpack-internal:///(app-pages-browser)/../../node_modules/.pnpm/posthog-js@1.364.7/node_modules/posthog-js/dist/module.js:22
[  130207ms] [LOG] [PostHog.js] send "$snapshot" {uuid: 019d8932-13bd-7104-abe9-8001303a5ccf, event: $snapshot, properties: Object, timestamp: Tue Apr 14 2026 05:04:13 GMT+0530 (India Standard Time)} @ webpack-internal:///(app-pages-browser)/../../node_modules/.pnpm/posthog-js@1.364.7/node_modules/posthog-js/dist/module.js:22
[  130678ms] [LOG] [PostHog.js] send "$$heatmap" {uuid: 019d8932-1592-7abc-a026-2c0023513323, event: $$heatmap, properties: Object, timestamp: Tue Apr 14 2026 05:04:14 GMT+0530 (India Standard Time)} @ webpack-internal:///(app-pages-browser)/../../node_modules/.pnpm/posthog-js@1.364.7/node_modules/posthog-js/dist/module.js:22
[  135676ms] [LOG] [PostHog.js] send "$$heatmap" {uuid: 019d8932-291a-702a-9050-0da565f16b97, event: $$heatmap, properties: Object, timestamp: Tue Apr 14 2026 05:04:19 GMT+0530 (India Standard Time)} @ webpack-internal:///(app-pages-browser)/../../node_modules/.pnpm/posthog-js@1.364.7/node_modules/posthog-js/dist/module.js:22
[  163605ms] [LOG] [PostHog.js] send "$snapshot" {uuid: 019d8932-9634-710f-8412-b87bb9782d79, event: $snapshot, properties: Object, timestamp: Tue Apr 14 2026 05:04:47 GMT+0530 (India Standard Time)} @ webpack-internal:///(app-pages-browser)/../../node_modules/.pnpm/posthog-js@1.364.7/node_modules/posthog-js/dist/module.js:22
[  165630ms] [LOG] [PostHog.js] send "$snapshot" {uuid: 019d8932-9e1c-7f89-84c7-42855be8dce1, event: $snapshot, properties: Object, timestamp: Tue Apr 14 2026 05:04:49 GMT+0530 (India Standard Time)} @ webpack-internal:///(app-pages-browser)/../../node_modules/.pnpm/posthog-js@1.364.7/node_modules/posthog-js/dist/module.js:22
[  169003ms] [LOG] [PostHog.js] send "$snapshot" {uuid: 019d8932-ab49-76f7-8bb0-742a665f1592, event: $snapshot, properties: Object, timestamp: Tue Apr 14 2026 05:04:52 GMT+0530 (India Standard Time)} @ webpack-internal:///(app-pages-browser)/../../node_modules/.pnpm/posthog-js@1.364.7/node_modules/posthog-js/dist/module.js:22
[  196811ms] [LOG] [PostHog.js] send "$snapshot" {uuid: 019d8933-17e9-7033-8228-0e63fa6010cf, event: $snapshot, properties: Object, timestamp: Tue Apr 14 2026 05:05:20 GMT+0530 (India Standard Time)} @ webpack-internal:///(app-pages-browser)/../../node_modules/.pnpm/posthog-js@1.364.7/node_modules/posthog-js/dist/module.js:22
[  199262ms] [LOG] [PostHog.js] send "$snapshot" {uuid: 019d8933-217d-7701-804d-efa3eeebf845, event: $snapshot, properties: Object, timestamp: Tue Apr 14 2026 05:05:22 GMT+0530 (India Standard Time)} @ webpack-internal:///(app-pages-browser)/../../node_modules/.pnpm/posthog-js@1.364.7/node_modules/posthog-js/dist/module.js:22
[  201306ms] [LOG] [PostHog.js] send "$snapshot" {uuid: 019d8933-2978-7d3c-a552-19b425695074, event: $snapshot, properties: Object, timestamp: Tue Apr 14 2026 05:05:24 GMT+0530 (India Standard Time)} @ webpack-internal:///(app-pages-browser)/../../node_modules/.pnpm/posthog-js@1.364.7/node_modules/posthog-js/dist/module.js:22
[  218133ms] [LOG] [PostHog.js] send "$snapshot" {uuid: 019d8933-6b33-7f05-aac2-0555527a5e01, event: $snapshot, properties: Object, timestamp: Tue Apr 14 2026 05:05:41 GMT+0530 (India Standard Time)} @ webpack-internal:///(app-pages-browser)/../../node_modules/.pnpm/posthog-js@1.364.7/node_modules/posthog-js/dist/module.js:22
[  220219ms] [LOG] [PostHog.js] send "$snapshot" {uuid: 019d8933-7359-71f1-a612-7786f533ae92, event: $snapshot, properties: Object, timestamp: Tue Apr 14 2026 05:05:43 GMT+0530 (India Standard Time)} @ webpack-internal:///(app-pages-browser)/../../node_modules/.pnpm/posthog-js@1.364.7/node_modules/posthog-js/dist/module.js:22
[  222271ms] [LOG] [PostHog.js] send "$snapshot" {uuid: 019d8933-7b5d-797f-8a49-874000096621, event: $snapshot, properties: Object, timestamp: Tue Apr 14 2026 05:05:45 GMT+0530 (India Standard Time)} @ webpack-internal:///(app-pages-browser)/../../node_modules/.pnpm/posthog-js@1.364.7/node_modules/posthog-js/dist/module.js:22
[  224287ms] [LOG] [PostHog.js] send "$snapshot" {uuid: 019d8933-833d-7ffa-b781-355803c7ad52, event: $snapshot, properties: Object, timestamp: Tue Apr 14 2026 05:05:47 GMT+0530 (India Standard Time)} @ webpack-internal:///(app-pages-browser)/../../node_modules/.pnpm/posthog-js@1.364.7/node_modules/posthog-js/dist/module.js:22
[  226672ms] [LOG] [PostHog.js] send "$snapshot" {uuid: 019d8933-8c8e-714f-bf8a-a1556720e4a1, event: $snapshot, properties: Object, timestamp: Tue Apr 14 2026 05:05:50 GMT+0530 (India Standard Time)} @ webpack-internal:///(app-pages-browser)/../../node_modules/.pnpm/posthog-js@1.364.7/node_modules/posthog-js/dist/module.js:22
[  228720ms] [LOG] [PostHog.js] send "$snapshot" {uuid: 019d8933-948e-7f28-b132-8bbed11f401d, event: $snapshot, properties: Object, timestamp: Tue Apr 14 2026 05:05:52 GMT+0530 (India Standard Time)} @ webpack-internal:///(app-pages-browser)/../../node_modules/.pnpm/posthog-js@1.364.7/node_modules/posthog-js/dist/module.js:22
[  230775ms] [LOG] [PostHog.js] send "$snapshot" {uuid: 019d8933-9c95-7cb8-b305-0eb7a6573fc6, event: $snapshot, properties: Object, timestamp: Tue Apr 14 2026 05:05:54 GMT+0530 (India Standard Time)} @ webpack-internal:///(app-pages-browser)/../../node_modules/.pnpm/posthog-js@1.364.7/node_modules/posthog-js/dist/module.js:22
[  232898ms] [LOG] [PostHog.js] send "$snapshot" {uuid: 019d8933-a4e0-7c52-b97a-fe45b5383295, event: $snapshot, properties: Object, timestamp: Tue Apr 14 2026 05:05:56 GMT+0530 (India Standard Time)} @ webpack-internal:///(app-pages-browser)/../../node_modules/.pnpm/posthog-js@1.364.7/node_modules/posthog-js/dist/module.js:22
[  234982ms] [LOG] [PostHog.js] send "$snapshot" {uuid: 019d8933-ad05-77c6-bc1b-c17a856c13f0, event: $snapshot, properties: Object, timestamp: Tue Apr 14 2026 05:05:58 GMT+0530 (India Standard Time)} @ webpack-internal:///(app-pages-browser)/../../node_modules/.pnpm/posthog-js@1.364.7/node_modules/posthog-js/dist/module.js:22
[  237122ms] [LOG] [PostHog.js] send "$snapshot" {uuid: 019d8933-b561-73af-a4e7-2892340bc59c, event: $snapshot, properties: Object, timestamp: Tue Apr 14 2026 05:06:00 GMT+0530 (India Standard Time)} @ webpack-internal:///(app-pages-browser)/../../node_modules/.pnpm/posthog-js@1.364.7/node_modules/posthog-js/dist/module.js:22
[  239225ms] [LOG] [PostHog.js] send "$snapshot" {uuid: 019d8933-bd97-7742-a43a-697bc76b97aa, event: $snapshot, properties: Object, timestamp: Tue Apr 14 2026 05:06:02 GMT+0530 (India Standard Time)} @ webpack-internal:///(app-pages-browser)/../../node_modules/.pnpm/posthog-js@1.364.7/node_modules/posthog-js/dist/module.js:22
[  249259ms] [LOG] [PostHog.js] send "$snapshot" {uuid: 019d8933-e4ca-731f-a11c-a6f0db27b487, event: $snapshot, properties: Object, timestamp: Tue Apr 14 2026 05:06:12 GMT+0530 (India Standard Time)} @ webpack-internal:///(app-pages-browser)/../../node_modules/.pnpm/posthog-js@1.364.7/node_modules/posthog-js/dist/module.js:22
[  249291ms] [LOG] [PostHog.js] send "$autocapture" {uuid: 019d8933-e4ea-7ca0-b165-71d86a0287d6, event: $autocapture, properties: Object, timestamp: Tue Apr 14 2026 05:06:12 GMT+0530 (India Standard Time)} @ webpack-internal:///(app-pages-browser)/../../node_modules/.pnpm/posthog-js@1.364.7/node_modules/posthog-js/dist/module.js:22
[  249892ms] [LOG] [PostHog.js] send "$pageview" {uuid: 019d8933-e742-7f63-87fd-3517c5c0cbed, event: $pageview, properties: Object, timestamp: Tue Apr 14 2026 05:06:13 GMT+0530 (India Standard Time)} @ webpack-internal:///(app-pages-browser)/../../node_modules/.pnpm/posthog-js@1.364.7/node_modules/posthog-js/dist/module.js:22
[  250677ms] [LOG] [PostHog.js] send "$$heatmap" {uuid: 019d8933-ea53-731b-93b4-2cff1ed1fea8, event: $$heatmap, properties: Object, timestamp: Tue Apr 14 2026 05:06:14 GMT+0530 (India Standard Time)} @ webpack-internal:///(app-pages-browser)/../../node_modules/.pnpm/posthog-js@1.364.7/node_modules/posthog-js/dist/module.js:22
[  251292ms] [LOG] [PostHog.js] send "$snapshot" {uuid: 019d8933-ecba-73ad-bb27-6a22d0c94325, event: $snapshot, properties: Object, timestamp: Tue Apr 14 2026 05:06:14 GMT+0530 (India Standard Time)} @ webpack-internal:///(app-pages-browser)/../../node_modules/.pnpm/posthog-js@1.364.7/node_modules/posthog-js/dist/module.js:22
[  253341ms] [LOG] [PostHog.js] send "$snapshot" {uuid: 019d8933-f4bb-7883-87d4-6831c4a61ccd, event: $snapshot, properties: Object, timestamp: Tue Apr 14 2026 05:06:16 GMT+0530 (India Standard Time)} @ webpack-internal:///(app-pages-browser)/../../node_modules/.pnpm/posthog-js@1.364.7/node_modules/posthog-js/dist/module.js:22
[  255354ms] [LOG] [PostHog.js] send "$snapshot" {uuid: 019d8933-fc98-7956-85ff-0921bf7e0554, event: $snapshot, properties: Object, timestamp: Tue Apr 14 2026 05:06:18 GMT+0530 (India Standard Time)} @ webpack-internal:///(app-pages-browser)/../../node_modules/.pnpm/posthog-js@1.364.7/node_modules/posthog-js/dist/module.js:22
[  257404ms] [LOG] [PostHog.js] send "$snapshot" {uuid: 019d8934-049b-7521-b28a-aab1ba6112d1, event: $snapshot, properties: Object, timestamp: Tue Apr 14 2026 05:06:20 GMT+0530 (India Standard Time)} @ webpack-internal:///(app-pages-browser)/../../node_modules/.pnpm/posthog-js@1.364.7/node_modules/posthog-js/dist/module.js:22
[  259418ms] [LOG] [PostHog.js] send "$snapshot" {uuid: 019d8934-0c78-72c3-9b4a-572cb32ea56c, event: $snapshot, properties: Object, timestamp: Tue Apr 14 2026 05:06:22 GMT+0530 (India Standard Time)} @ webpack-internal:///(app-pages-browser)/../../node_modules/.pnpm/posthog-js@1.364.7/node_modules/posthog-js/dist/module.js:22
[  261421ms] [LOG] [PostHog.js] send "$snapshot" {uuid: 019d8934-144c-74b9-a4a9-010250046a0c, event: $snapshot, properties: Object, timestamp: Tue Apr 14 2026 05:06:24 GMT+0530 (India Standard Time)} @ webpack-internal:///(app-pages-browser)/../../node_modules/.pnpm/posthog-js@1.364.7/node_modules/posthog-js/dist/module.js:22
[  264067ms] [LOG] [PostHog.js] send "$snapshot" {uuid: 019d8934-1ea1-727a-b9ea-c8de59c2246a, event: $snapshot, properties: Object, timestamp: Tue Apr 14 2026 05:06:27 GMT+0530 (India Standard Time)} @ webpack-internal:///(app-pages-browser)/../../node_modules/.pnpm/posthog-js@1.364.7/node_modules/posthog-js/dist/module.js:22
[  302389ms] [LOG] [Fast Refresh] rebuilding @ https://us-assets.i.posthog.com/static/posthog-recorder.js?v=1.364.7:0
[  302690ms] [LOG] [Fast Refresh] done in 300ms @ https://us-assets.i.posthog.com/static/posthog-recorder.js?v=1.364.7:0
[  302693ms] [LOG] [PostHog.js] send "$snapshot" {uuid: 019d8934-b584-706c-b384-6a4aec5e2e7c, event: $snapshot, properties: Object, timestamp: Tue Apr 14 2026 05:07:06 GMT+0530 (India Standard Time)} @ webpack-internal:///(app-pages-browser)/../../node_modules/.pnpm/posthog-js@1.364.7/node_modules/posthog-js/dist/module.js:22
[  304890ms] [LOG] [PostHog.js] send "$snapshot" {uuid: 019d8934-be19-7f0d-a884-723dc0ad321d, event: $snapshot, properties: Object, timestamp: Tue Apr 14 2026 05:07:08 GMT+0530 (India Standard Time)} @ webpack-internal:///(app-pages-browser)/../../node_modules/.pnpm/posthog-js@1.364.7/node_modules/posthog-js/dist/module.js:22
[  309925ms] [LOG] [PostHog.js] send "$snapshot" {uuid: 019d8934-d1c3-7415-90a0-cb819fff7bba, event: $snapshot, properties: Object, timestamp: Tue Apr 14 2026 05:07:13 GMT+0530 (India Standard Time)} @ webpack-internal:///(app-pages-browser)/../../node_modules/.pnpm/posthog-js@1.364.7/node_modules/posthog-js/dist/module.js:22
[  323037ms] [LOG] [Fast Refresh] rebuilding @ https://us-assets.i.posthog.com/static/posthog-recorder.js?v=1.364.7:0
[  323216ms] [WARNING] [Fast Refresh] performing full reload

Fast Refresh will perform a full reload when you edit a file that's imported by modules outside of the React rendering tree.
You might have a file which exports a React component but also exports a value that is imported by a non-React component file.
Consider migrating the non-React component export to a separate file and importing it into both files.

It is also possible the parent component of the component you edited is a class component, which disables Fast Refresh.
Fast Refresh requires at least one parent function component in your React tree. @ https://us-assets.i.posthog.com/static/posthog-recorder.js?v=1.364.7:0
[  323216ms] [LOG] [PostHog.js] send "$snapshot" {uuid: 019d8935-05af-76c6-8505-3506b72be429, event: $snapshot, properties: Object, timestamp: Tue Apr 14 2026 05:07:26 GMT+0530 (India Standard Time)} @ webpack-internal:///(app-pages-browser)/../../node_modules/.pnpm/posthog-js@1.364.7/node_modules/posthog-js/dist/module.js:22
[  323522ms] [LOG] [PostHog.js] send "$pageleave" {uuid: 019d8935-06e0-79c3-8cb3-4cc01cbc3573, event: $pageleave, properties: Object, timestamp: Tue Apr 14 2026 05:07:27 GMT+0530 (India Standard Time)} @ webpack-internal:///(app-pages-browser)/../../node_modules/.pnpm/posthog-js@1.364.7/node_modules/posthog-js/dist/module.js:22
[  323830ms] [INFO] %cDownload the React DevTools for a better development experience: https://react.dev/link/react-devtools font-weight:bold @ webpack-internal:///(app-pages-browser)/../../node_modules/.pnpm/next@15.5.14_@opentelemetry+api@1.9.1_react-dom@18.3.1_react@18.2.0__react@18.2.0/node_modules/next/dist/compiled/react-dom/cjs/react-dom-client.development.js:25630
[  324080ms] [LOG] [AuthProvider] Mounting, starting hydration @ webpack-internal:///(app-pages-browser)/./components/providers/AuthProvider.tsx:35
[  324080ms] [LOG] [auth-store] isFreshLogin: false URL: http://localhost:3000/ @ webpack-internal:///(app-pages-browser)/./lib/stores/auth-store.ts:205
[  324080ms] [LOG] [auth-store] refreshSession starting @ webpack-internal:///(app-pages-browser)/./lib/stores/auth-store.ts:209
[  324138ms] [LOG] [auth-store] getSession result: no session @ webpack-internal:///(app-pages-browser)/./lib/stores/auth-store.ts:213
[  324152ms] [LOG] [AuthProvider] Initial hydration complete @ webpack-internal:///(app-pages-browser)/./components/providers/AuthProvider.tsx:40
[  324168ms] [LOG] [AuthProvider] Auth event: INITIAL_SESSION @ webpack-internal:///(app-pages-browser)/./components/providers/AuthProvider.tsx:46
[  324719ms] [LOG] [PostHog.js] set_config {config: Object, oldConfig: Object, newConfig: Object} @ webpack-internal:///(app-pages-browser)/../../node_modules/.pnpm/posthog-js@1.364.7/node_modules/posthog-js/dist/module.js:22
[  324719ms] [LOG] [PostHog.js] Persistence loaded localStorage+cookie {$device_id: 019d5401-510f-7d21-a410-204e78f58700, distinct_id: 019d5401-510f-7d21-a410-204e78f58700, $sesid: Array(3), $initial_person_info: Object, $user_state: anonymous} @ webpack-internal:///(app-pages-browser)/../../node_modules/.pnpm/posthog-js@1.364.7/node_modules/posthog-js/dist/module.js:22
[  324720ms] [LOG] [PostHog.js] Persistence loaded sessionStorage {$sdk_debug_extensions_init_method: synchronous, $sdk_debug_extensions_init_time_ms: 1, $sdk_debug_replay_remote_trigger_matching_config: null, $sdk_debug_replay_event_trigger_status: trigger_disabled, $sdk_debug_replay_url_trigger_status: trigger_disabled} @ webpack-internal:///(app-pages-browser)/../../node_modules/.pnpm/posthog-js@1.364.7/node_modules/posthog-js/dist/module.js:22
[  324720ms] [LOG] [PostHog.js] Initializing extensions synchronously @ webpack-internal:///(app-pages-browser)/../../node_modules/.pnpm/posthog-js@1.364.7/node_modules/posthog-js/dist/module.js:22
[  324720ms] [LOG] [PostHog.js] [Web Vitals] enabled, starting... @ webpack-internal:///(app-pages-browser)/../../node_modules/.pnpm/posthog-js@1.364.7/node_modules/posthog-js/dist/module.js:22
[  324721ms] [LOG] [PostHog.js] [SessionRecording] starting @ webpack-internal:///(app-pages-browser)/../../node_modules/.pnpm/posthog-js@1.364.7/node_modules/posthog-js/dist/module.js:22
[  324722ms] [LOG] [PostHog.js] [Heatmaps] starting... @ webpack-internal:///(app-pages-browser)/../../node_modules/.pnpm/posthog-js@1.364.7/node_modules/posthog-js/dist/module.js:22
[  324722ms] [LOG] [PostHog.js] Starting in debug mode {this: _n, config: Object, thisC: Object, p: Object, s: Object} @ webpack-internal:///(app-pages-browser)/../../node_modules/.pnpm/posthog-js@1.364.7/node_modules/posthog-js/dist/module.js:22
[  324722ms] [LOG] You're now in debug mode. All calls to PostHog will be logged in your console.
You can disable this with `posthog.debug(false)`. @ webpack-internal:///(app-pages-browser)/../../node_modules/.pnpm/posthog-js@1.364.7/node_modules/posthog-js/dist/module.js:22
[  324723ms] [LOG] [PostHog.js] Persistence loaded sessionStorage {$sdk_debug_extensions_init_method: synchronous, $sdk_debug_extensions_init_time_ms: 2, $sdk_debug_replay_remote_trigger_matching_config: null, $sdk_debug_replay_event_trigger_status: trigger_disabled, $sdk_debug_replay_url_trigger_status: trigger_disabled} @ webpack-internal:///(app-pages-browser)/../../node_modules/.pnpm/posthog-js@1.364.7/node_modules/posthog-js/dist/module.js:22
[  324723ms] [LOG] [PostHog.js] set_config {config: Object, oldConfig: Object, newConfig: Object} @ webpack-internal:///(app-pages-browser)/../../node_modules/.pnpm/posthog-js@1.364.7/node_modules/posthog-js/dist/module.js:22
[  324723ms] [LOG] [PostHog.js] [SessionRecording] starting @ webpack-internal:///(app-pages-browser)/../../node_modules/.pnpm/posthog-js@1.364.7/node_modules/posthog-js/dist/module.js:22
[  324756ms] [LOG] [PostHog.js] [Dead Clicks] starting... @ webpack-internal:///(app-pages-browser)/../../node_modules/.pnpm/posthog-js@1.364.7/node_modules/posthog-js/dist/module.js:22
[  325731ms] [LOG] [PostHog.js] Persistence loaded sessionStorage {$sdk_debug_extensions_init_method: synchronous, $sdk_debug_extensions_init_time_ms: 2, $sdk_debug_replay_remote_trigger_matching_config: null, $sdk_debug_replay_event_trigger_status: trigger_disabled, $sdk_debug_replay_url_trigger_status: trigger_disabled} @ webpack-internal:///(app-pages-browser)/../../node_modules/.pnpm/posthog-js@1.364.7/node_modules/posthog-js/dist/module.js:22
[  325731ms] [LOG] [PostHog.js] set_config {config: Object, oldConfig: Object, newConfig: Object} @ webpack-internal:///(app-pages-browser)/../../node_modules/.pnpm/posthog-js@1.364.7/node_modules/posthog-js/dist/module.js:22
[  325731ms] [LOG] [PostHog.js] [Surveys] flags response received, isSurveysEnabled: false @ webpack-internal:///(app-pages-browser)/../../node_modules/.pnpm/posthog-js@1.364.7/node_modules/posthog-js/dist/module.js:22
[  326991ms] [LOG] [PostHog.js] [Surveys] Surveys loaded successfully @ webpack-internal:///(app-pages-browser)/../../node_modules/.pnpm/posthog-js@1.364.7/node_modules/posthog-js/dist/module.js:22
[  330105ms] [LOG] [PostHog.js] send "$web_vitals" {uuid: 019d8935-2096-7f73-9575-45a7b22ba0e6, event: $web_vitals, properties: Object, timestamp: Tue Apr 14 2026 05:07:33 GMT+0530 (India Standard Time)} @ webpack-internal:///(app-pages-browser)/../../node_modules/.pnpm/posthog-js@1.364.7/node_modules/posthog-js/dist/module.js:22
[  339673ms] [LOG] [Fast Refresh] rebuilding @ https://us-assets.i.posthog.com/static/posthog-recorder.js?v=1.364.7:0
[  339914ms] [LOG] [Fast Refresh] done in 241ms @ https://us-assets.i.posthog.com/static/posthog-recorder.js?v=1.364.7:0
[  361936ms] [LOG] [Fast Refresh] rebuilding @ https://us-assets.i.posthog.com/static/posthog-recorder.js?v=1.364.7:0
[  362146ms] [LOG] [Fast Refresh] done in 210ms @ https://us-assets.i.posthog.com/static/posthog-recorder.js?v=1.364.7:0
[  386665ms] [LOG] [PostHog.js] send "$snapshot" {uuid: 019d8935-fd87-78f4-811f-65bd3bf15d3f, event: $snapshot, properties: Object, timestamp: Tue Apr 14 2026 05:08:30 GMT+0530 (India Standard Time)} @ webpack-internal:///(app-pages-browser)/../../node_modules/.pnpm/posthog-js@1.364.7/node_modules/posthog-js/dist/module.js:22
