[    5238ms] [WARNING] [PostHog.js] `client` was already loaded elsewhere. This may cause issues. @ https://next-cdn.atlys.com/_next/static/chunks/37213-d952a6da26083f94.js:0
[    5376ms] Uncaught Error: Minified React error #419; visit https://react.dev/errors/419 for the full message or use the non-minified dev environment for full errors and additional helpful warnings.
    at <anonymous> (https://next-cdn.atlys.com/_next/static/chunks/fd9d1056-2b973fb505ab3191.js:0:64470)
    at lZ (https://next-cdn.atlys.com/_next/static/chunks/fd9d1056-2b973fb505ab3191.js:0:65341)
    at iZ (https://next-cdn.atlys.com/_next/static/chunks/fd9d1056-2b973fb505ab3191.js:0:121136)
    at ia (https://next-cdn.atlys.com/_next/static/chunks/fd9d1056-2b973fb505ab3191.js:0:95165)
    at <anonymous> (https://next-cdn.atlys.com/_next/static/chunks/fd9d1056-2b973fb505ab3191.js:0:94987)
    at il (https://next-cdn.atlys.com/_next/static/chunks/fd9d1056-2b973fb505ab3191.js:0:94994)
    at oZ (https://next-cdn.atlys.com/_next/static/chunks/fd9d1056-2b973fb505ab3191.js:0:91209)
    at T (https://next-cdn.atlys.com/_next/static/chunks/47023-19edb888426c120a.js:0:83913)
[    6271ms] [ERROR] Failed to load resource: net::ERR_NAME_NOT_RESOLVED @ https://analytics.tiktok.com/i18n/pixel/events.js?sdkid=D1N20BRC77U2VBBSS1UG&lib=ttq:0
[    6423ms] [ERROR] Access to font at 'https://next-cdn.atlys.com/_next/static/media/inter-latin-ext-wght-normal.3835a68e.woff2' from origin 'https://www.atlys.com' has been blocked by CORS policy: No 'Access-Control-Allow-Origin' header is present on the requested resource. @ https://www.atlys.com/en-IN:0
[    6423ms] [ERROR] Failed to load resource: net::ERR_FAILED @ https://next-cdn.atlys.com/_next/static/media/inter-latin-ext-wght-normal.3835a68e.woff2:0
[    6497ms] [ERROR] Failed to load resource: net::ERR_NAME_NOT_RESOLVED @ https://track.omguk.%20com/e/qs/?action=Content&MID=2359960&PID=56843&ref=https%3A//www.atlys.com/en-IN:0
[    6662ms] [WARNING] [GSI_LOGGER]: Your client application uses one of the Google One Tap prompt UI status methods that may stop functioning when FedCM becomes mandatory. Refer to the migration guide to update your code accordingly and opt-in to FedCM to test your changes. Learn more: https://developers.google.com/identity/gsi/web/guides/fedcm-migration?s=dc#display_moment and https://developers.google.com/identity/gsi/web/guides/fedcm-migration?s=dc#skipped_moment @ https://accounts.google.com/gsi/client:80
[    6662ms] [ERROR] Not signed in with the identity provider. @ https://www.atlys.com/en-IN:0
[    6718ms] [ERROR] Attestation check for Attribution Reporting on https://trc.taboola.com failed. @ https://www.atlys.com/en-IN:0
[    6906ms] [ERROR] Attestation check for Attribution Reporting on https://www.facebook.com failed. @ https://www.atlys.com/en-IN:0
[    7097ms] [WARNING] Platform browser has already been set. Overwriting the platform with browser. @ https://next-cdn.atlys.com/_next/static/chunks/91598-db00c70fbb9fc509.js:3296
[    7636ms] [ERROR] Attestation check for Attribution Reporting on https://trc.taboola.com failed. @ https://www.atlys.com/en-IN/visa/thailand-visa:0
[    7742ms] [ERROR] Attestation check for Attribution Reporting on https://www.facebook.com failed. @ https://www.atlys.com/en-IN/visa/thailand-visa:0
[    7984ms] [WARNING] [GSI_LOGGER]: google.accounts.id.initialize() is called multiple times. This could cause unexpected behavior and only the last initialized instance will be used. @ https://e.atlys.com/static/posthog-recorder.js?v=1.217.2:0
[    7985ms] [WARNING] [GSI_LOGGER]: Your client application uses one of the Google One Tap prompt UI status methods that may stop functioning when FedCM becomes mandatory. Refer to the migration guide to update your code accordingly and opt-in to FedCM to test your changes. Learn more: https://developers.google.com/identity/gsi/web/guides/fedcm-migration?s=dc#display_moment and https://developers.google.com/identity/gsi/web/guides/fedcm-migration?s=dc#skipped_moment @ https://e.atlys.com/static/posthog-recorder.js?v=1.217.2:0
[    7986ms] [ERROR] Only one navigator.credentials.get request may be outstanding at one time. @ https://www.atlys.com/en-IN/visa/thailand-visa:0
[    7986ms] [ERROR] [GSI_LOGGER]: FedCM get() rejects with NotAllowedError: Only one navigator.credentials.get request may be outstanding at one time. @ https://next-cdn.atlys.com/_next/static/chunks/47023-19edb888426c120a.js:0
[   47378ms] [ERROR] [GSI_LOGGER]: FedCM get() rejects with NetworkError: Error retrieving a token. @ https://next-cdn.atlys.com/_next/static/chunks/47023-19edb888426c120a.js:0
[ 1149717ms] [ERROR] Attestation check for Attribution Reporting on https://trc.taboola.com failed. @ https://www.atlys.com/en-IN:0
[ 1149859ms] [ERROR] Attestation check for Attribution Reporting on https://www.facebook.com failed. @ https://www.atlys.com/en-IN:0
[ 1150177ms] [ERROR] Attestation check for Attribution Reporting on https://trc.taboola.com failed. @ https://www.atlys.com/en-IN/visa/egypt-visa:0
[ 1150198ms] [ERROR] Failed to load resource: the server responded with a status of 404 () @ https://media.atlys.com/b2c/clp/Assets/calendar.svg:0
[ 1150245ms] [ERROR] Attestation check for Attribution Reporting on https://www.facebook.com failed. @ https://www.atlys.com/en-IN/visa/egypt-visa:0
