[      39ms] [LOG] [PostHog.js] send "$snapshot" {uuid: 019d889f-e2b0-7438-b322-26edbc9cc451, event: $snapshot, properties: Object, timestamp: Tue Apr 14 2026 02:24:32 GMT+0530 (India Standard Time)} @ webpack-internal:///(app-pages-browser)/../../node_modules/.pnpm/posthog-js@1.364.7/node_modules/posthog-js/dist/module.js:22
[     162ms] [LOG] [PostHog.js] send "$pageleave" {uuid: 019d889f-e32b-7522-a0b2-f127cd4f0e94, event: $pageleave, properties: Object, timestamp: Tue Apr 14 2026 02:24:33 GMT+0530 (India Standard Time)} @ webpack-internal:///(app-pages-browser)/../../node_modules/.pnpm/posthog-js@1.364.7/node_modules/posthog-js/dist/module.js:22
[     393ms] [INFO] %cDownload the React DevTools for a better development experience: https://react.dev/link/react-devtools font-weight:bold @ webpack-internal:///(app-pages-browser)/../../node_modules/.pnpm/next@15.5.14_@opentelemetry+api@1.9.1_react-dom@18.3.1_react@18.2.0__react@18.2.0/node_modules/next/dist/compiled/react-dom/cjs/react-dom-client.development.js:25630
[     497ms] [LOG] [GTM Event] clear_ecommerce {ecommerce: null} @ webpack-internal:///(app-pages-browser)/./lib/hooks/useGTM.ts:16
[     498ms] [LOG] [GTM Event] view_item {ecommerce: Object} @ webpack-internal:///(app-pages-browser)/./lib/hooks/useGTM.ts:16
[     498ms] [LOG] [AuthProvider] Mounting, starting hydration @ webpack-internal:///(app-pages-browser)/./components/providers/AuthProvider.tsx:35
[     499ms] [LOG] [auth-store] isFreshLogin: false URL: http://localhost:3000/services/gst-registration @ webpack-internal:///(app-pages-browser)/./lib/stores/auth-store.ts:205
[     499ms] [LOG] [auth-store] refreshSession starting @ webpack-internal:///(app-pages-browser)/./lib/stores/auth-store.ts:209
[     555ms] [LOG] [auth-store] getSession result: no session @ webpack-internal:///(app-pages-browser)/./lib/stores/auth-store.ts:213
[     560ms] [LOG] [AuthProvider] Initial hydration complete @ webpack-internal:///(app-pages-browser)/./components/providers/AuthProvider.tsx:40
[     561ms] [LOG] [AuthProvider] Auth event: INITIAL_SESSION @ webpack-internal:///(app-pages-browser)/./components/providers/AuthProvider.tsx:46
[    7387ms] [LOG] [PostHog.js] set_config {config: Object, oldConfig: Object, newConfig: Object} @ webpack-internal:///(app-pages-browser)/../../node_modules/.pnpm/posthog-js@1.364.7/node_modules/posthog-js/dist/module.js:22
[    7387ms] [LOG] [PostHog.js] Persistence loaded localStorage+cookie {$device_id: 019d5401-510f-7d21-a410-204e78f58700, distinct_id: 019d5401-510f-7d21-a410-204e78f58700, $sesid: Array(3), $initial_person_info: Object, $user_state: anonymous} @ webpack-internal:///(app-pages-browser)/../../node_modules/.pnpm/posthog-js@1.364.7/node_modules/posthog-js/dist/module.js:22
[    7388ms] [LOG] [PostHog.js] Persistence loaded sessionStorage {$sdk_debug_extensions_init_method: synchronous, $sdk_debug_extensions_init_time_ms: 1, $sdk_debug_replay_remote_trigger_matching_config: null, $sdk_debug_replay_event_trigger_status: trigger_disabled, $sdk_debug_replay_url_trigger_status: trigger_disabled} @ webpack-internal:///(app-pages-browser)/../../node_modules/.pnpm/posthog-js@1.364.7/node_modules/posthog-js/dist/module.js:22
[    7388ms] [LOG] [PostHog.js] Initializing extensions synchronously @ webpack-internal:///(app-pages-browser)/../../node_modules/.pnpm/posthog-js@1.364.7/node_modules/posthog-js/dist/module.js:22
[    7388ms] [LOG] [PostHog.js] [Web Vitals] enabled, starting... @ webpack-internal:///(app-pages-browser)/../../node_modules/.pnpm/posthog-js@1.364.7/node_modules/posthog-js/dist/module.js:22
[    7388ms] [LOG] [PostHog.js] [SessionRecording] starting @ webpack-internal:///(app-pages-browser)/../../node_modules/.pnpm/posthog-js@1.364.7/node_modules/posthog-js/dist/module.js:22
[    7389ms] [LOG] [PostHog.js] [Heatmaps] starting... @ webpack-internal:///(app-pages-browser)/../../node_modules/.pnpm/posthog-js@1.364.7/node_modules/posthog-js/dist/module.js:22
[    7389ms] [LOG] [PostHog.js] Starting in debug mode {this: _n, config: Object, thisC: Object, p: Object, s: Object} @ webpack-internal:///(app-pages-browser)/../../node_modules/.pnpm/posthog-js@1.364.7/node_modules/posthog-js/dist/module.js:22
[    7389ms] [LOG] You're now in debug mode. All calls to PostHog will be logged in your console.
You can disable this with `posthog.debug(false)`. @ webpack-internal:///(app-pages-browser)/../../node_modules/.pnpm/posthog-js@1.364.7/node_modules/posthog-js/dist/module.js:22
[    7389ms] [LOG] [PostHog.js] Persistence loaded sessionStorage {$sdk_debug_extensions_init_method: synchronous, $sdk_debug_extensions_init_time_ms: 1, $sdk_debug_replay_remote_trigger_matching_config: null, $sdk_debug_replay_event_trigger_status: trigger_disabled, $sdk_debug_replay_url_trigger_status: trigger_disabled} @ webpack-internal:///(app-pages-browser)/../../node_modules/.pnpm/posthog-js@1.364.7/node_modules/posthog-js/dist/module.js:22
[    7389ms] [LOG] [PostHog.js] set_config {config: Object, oldConfig: Object, newConfig: Object} @ webpack-internal:///(app-pages-browser)/../../node_modules/.pnpm/posthog-js@1.364.7/node_modules/posthog-js/dist/module.js:22
[    7389ms] [LOG] [PostHog.js] [SessionRecording] starting @ webpack-internal:///(app-pages-browser)/../../node_modules/.pnpm/posthog-js@1.364.7/node_modules/posthog-js/dist/module.js:22
[    7413ms] [LOG] [PostHog.js] [Dead Clicks] starting... @ webpack-internal:///(app-pages-browser)/../../node_modules/.pnpm/posthog-js@1.364.7/node_modules/posthog-js/dist/module.js:22
[    7413ms] [LOG] [PostHog.js] Persistence loaded sessionStorage {$sdk_debug_extensions_init_method: synchronous, $sdk_debug_extensions_init_time_ms: 1, $sdk_debug_replay_remote_trigger_matching_config: null, $sdk_debug_replay_event_trigger_status: trigger_disabled, $sdk_debug_replay_url_trigger_status: trigger_disabled} @ webpack-internal:///(app-pages-browser)/../../node_modules/.pnpm/posthog-js@1.364.7/node_modules/posthog-js/dist/module.js:22
[    7413ms] [LOG] [PostHog.js] set_config {config: Object, oldConfig: Object, newConfig: Object} @ webpack-internal:///(app-pages-browser)/../../node_modules/.pnpm/posthog-js@1.364.7/node_modules/posthog-js/dist/module.js:22
[    7413ms] [LOG] [PostHog.js] [Surveys] flags response received, isSurveysEnabled: false @ webpack-internal:///(app-pages-browser)/../../node_modules/.pnpm/posthog-js@1.364.7/node_modules/posthog-js/dist/module.js:22
[    7415ms] [LOG] [PostHog.js] [Surveys] Surveys loaded successfully @ webpack-internal:///(app-pages-browser)/../../node_modules/.pnpm/posthog-js@1.364.7/node_modules/posthog-js/dist/module.js:22
[   12418ms] [LOG] [PostHog.js] send "$web_vitals" {uuid: 019d88a0-130a-7fe9-b014-a5661e1365bd, event: $web_vitals, properties: Object, timestamp: Tue Apr 14 2026 02:24:45 GMT+0530 (India Standard Time)} @ webpack-internal:///(app-pages-browser)/../../node_modules/.pnpm/posthog-js@1.364.7/node_modules/posthog-js/dist/module.js:22
[   15255ms] [LOG] [PostHog.js] send "$snapshot" {uuid: 019d88a0-1e20-7646-8688-bed55e3917a1, event: $snapshot, properties: Object, timestamp: Tue Apr 14 2026 02:24:48 GMT+0530 (India Standard Time)} @ webpack-internal:///(app-pages-browser)/../../node_modules/.pnpm/posthog-js@1.364.7/node_modules/posthog-js/dist/module.js:22
[   16577ms] [LOG] [PostHog.js] send "$autocapture" {uuid: 019d88a0-234a-7c83-acdd-727bcd3dbb22, event: $autocapture, properties: Object, timestamp: Tue Apr 14 2026 02:24:49 GMT+0530 (India Standard Time)} @ webpack-internal:///(app-pages-browser)/../../node_modules/.pnpm/posthog-js@1.364.7/node_modules/posthog-js/dist/module.js:22
[   17274ms] [LOG] [PostHog.js] send "$autocapture" {uuid: 019d88a0-2602-785e-bba0-d953f7722a76, event: $autocapture, properties: Object, timestamp: Tue Apr 14 2026 02:24:50 GMT+0530 (India Standard Time)} @ webpack-internal:///(app-pages-browser)/../../node_modules/.pnpm/posthog-js@1.364.7/node_modules/posthog-js/dist/module.js:22
[   17285ms] [LOG] [PostHog.js] send "$snapshot" {uuid: 019d88a0-260e-7c9c-b979-298651120f2d, event: $snapshot, properties: Object, timestamp: Tue Apr 14 2026 02:24:50 GMT+0530 (India Standard Time)} @ webpack-internal:///(app-pages-browser)/../../node_modules/.pnpm/posthog-js@1.364.7/node_modules/posthog-js/dist/module.js:22
[   17391ms] [LOG] [PostHog.js] send "$$heatmap" {uuid: 019d88a0-2678-75c2-afab-2e40653cc6da, event: $$heatmap, properties: Object, timestamp: Tue Apr 14 2026 02:24:50 GMT+0530 (India Standard Time)} @ webpack-internal:///(app-pages-browser)/../../node_modules/.pnpm/posthog-js@1.364.7/node_modules/posthog-js/dist/module.js:22
[   17922ms] [LOG] [PostHog.js] send "$autocapture" {uuid: 019d88a0-288a-71eb-a901-a9d926f25df2, event: $autocapture, properties: Object, timestamp: Tue Apr 14 2026 02:24:50 GMT+0530 (India Standard Time)} @ webpack-internal:///(app-pages-browser)/../../node_modules/.pnpm/posthog-js@1.364.7/node_modules/posthog-js/dist/module.js:22
[   18635ms] [LOG] [PostHog.js] send "$autocapture" {uuid: 019d88a0-2b54-7865-8391-fb88ee6952df, event: $autocapture, properties: Object, timestamp: Tue Apr 14 2026 02:24:51 GMT+0530 (India Standard Time)} @ webpack-internal:///(app-pages-browser)/../../node_modules/.pnpm/posthog-js@1.364.7/node_modules/posthog-js/dist/module.js:22
[   19732ms] [LOG] [PostHog.js] send "$snapshot" {uuid: 019d88a0-2f9d-773b-8e18-bb12a9798f5a, event: $snapshot, properties: Object, timestamp: Tue Apr 14 2026 02:24:52 GMT+0530 (India Standard Time)} @ webpack-internal:///(app-pages-browser)/../../node_modules/.pnpm/posthog-js@1.364.7/node_modules/posthog-js/dist/module.js:22
[   19765ms] [LOG] [PostHog.js] send "$autocapture" {uuid: 019d88a0-2fbe-797b-837d-25108558850d, event: $autocapture, properties: Object, timestamp: Tue Apr 14 2026 02:24:52 GMT+0530 (India Standard Time)} @ webpack-internal:///(app-pages-browser)/../../node_modules/.pnpm/posthog-js@1.364.7/node_modules/posthog-js/dist/module.js:22
[   21588ms] [LOG] [PostHog.js] send "$web_vitals" {uuid: 019d88a0-36dd-74e7-9754-46062da6122e, event: $web_vitals, properties: Object, timestamp: Tue Apr 14 2026 02:24:54 GMT+0530 (India Standard Time)} @ webpack-internal:///(app-pages-browser)/../../node_modules/.pnpm/posthog-js@1.364.7/node_modules/posthog-js/dist/module.js:22
[   21737ms] [LOG] [PostHog.js] send "$snapshot" {uuid: 019d88a0-3772-7f83-8c25-e25b00994986, event: $snapshot, properties: Object, timestamp: Tue Apr 14 2026 02:24:54 GMT+0530 (India Standard Time)} @ webpack-internal:///(app-pages-browser)/../../node_modules/.pnpm/posthog-js@1.364.7/node_modules/posthog-js/dist/module.js:22
[   22390ms] [LOG] [PostHog.js] send "$$heatmap" {uuid: 019d88a0-39ff-79a3-a901-0c7433d0cf1b, event: $$heatmap, properties: Object, timestamp: Tue Apr 14 2026 02:24:55 GMT+0530 (India Standard Time)} @ webpack-internal:///(app-pages-browser)/../../node_modules/.pnpm/posthog-js@1.364.7/node_modules/posthog-js/dist/module.js:22
[   23821ms] [LOG] [PostHog.js] send "$snapshot" {uuid: 019d88a0-3f97-7788-b37e-d292f3cf49aa, event: $snapshot, properties: Object, timestamp: Tue Apr 14 2026 02:24:56 GMT+0530 (India Standard Time)} @ webpack-internal:///(app-pages-browser)/../../node_modules/.pnpm/posthog-js@1.364.7/node_modules/posthog-js/dist/module.js:22
[   26427ms] [LOG] [PostHog.js] send "$snapshot" {uuid: 019d88a0-49c4-77aa-a305-4b5a3f3a0624, event: $snapshot, properties: Object, timestamp: Tue Apr 14 2026 02:24:59 GMT+0530 (India Standard Time)} @ webpack-internal:///(app-pages-browser)/../../node_modules/.pnpm/posthog-js@1.364.7/node_modules/posthog-js/dist/module.js:22
[   34001ms] [LOG] [PostHog.js] send "$snapshot" {uuid: 019d88a0-675b-728c-93e3-78daffc0fbb1, event: $snapshot, properties: Object, timestamp: Tue Apr 14 2026 02:25:06 GMT+0530 (India Standard Time)} @ webpack-internal:///(app-pages-browser)/../../node_modules/.pnpm/posthog-js@1.364.7/node_modules/posthog-js/dist/module.js:22
[   37131ms] [LOG] [PostHog.js] send "$snapshot" {uuid: 019d88a0-7395-72eb-ab97-d9758ad1962f, event: $snapshot, properties: Object, timestamp: Tue Apr 14 2026 02:25:09 GMT+0530 (India Standard Time)} @ webpack-internal:///(app-pages-browser)/../../node_modules/.pnpm/posthog-js@1.364.7/node_modules/posthog-js/dist/module.js:22
[   37391ms] [LOG] [PostHog.js] send "$$heatmap" {uuid: 019d88a0-7498-7cc1-bd16-887e1a0f7342, event: $$heatmap, properties: Object, timestamp: Tue Apr 14 2026 02:25:10 GMT+0530 (India Standard Time)} @ webpack-internal:///(app-pages-browser)/../../node_modules/.pnpm/posthog-js@1.364.7/node_modules/posthog-js/dist/module.js:22
[   42390ms] [LOG] [PostHog.js] send "$$heatmap" {uuid: 019d88a0-881f-7c4a-a0bb-ad1d4fa394b1, event: $$heatmap, properties: Object, timestamp: Tue Apr 14 2026 02:25:15 GMT+0530 (India Standard Time)} @ webpack-internal:///(app-pages-browser)/../../node_modules/.pnpm/posthog-js@1.364.7/node_modules/posthog-js/dist/module.js:22
[   42768ms] [LOG] [PostHog.js] send "$snapshot" {uuid: 019d88a0-899a-78d3-9296-9d917e3615f2, event: $snapshot, properties: Object, timestamp: Tue Apr 14 2026 02:25:15 GMT+0530 (India Standard Time)} @ webpack-internal:///(app-pages-browser)/../../node_modules/.pnpm/posthog-js@1.364.7/node_modules/posthog-js/dist/module.js:22
[   44812ms] [LOG] [PostHog.js] send "$snapshot" {uuid: 019d88a0-9195-7822-8c31-6054c2c63fa1, event: $snapshot, properties: Object, timestamp: Tue Apr 14 2026 02:25:17 GMT+0530 (India Standard Time)} @ webpack-internal:///(app-pages-browser)/../../node_modules/.pnpm/posthog-js@1.364.7/node_modules/posthog-js/dist/module.js:22
[   47214ms] [LOG] [PostHog.js] send "$snapshot" {uuid: 019d88a0-9af8-7387-93ee-e37d1ae0060d, event: $snapshot, properties: Object, timestamp: Tue Apr 14 2026 02:25:20 GMT+0530 (India Standard Time)} @ webpack-internal:///(app-pages-browser)/../../node_modules/.pnpm/posthog-js@1.364.7/node_modules/posthog-js/dist/module.js:22
[   47390ms] [LOG] [PostHog.js] send "$$heatmap" {uuid: 019d88a0-9ba8-7d24-a6a3-0df0ae51fd94, event: $$heatmap, properties: Object, timestamp: Tue Apr 14 2026 02:25:20 GMT+0530 (India Standard Time)} @ webpack-internal:///(app-pages-browser)/../../node_modules/.pnpm/posthog-js@1.364.7/node_modules/posthog-js/dist/module.js:22
[   53482ms] [LOG] [PostHog.js] send "$snapshot" {uuid: 019d88a0-b373-715a-a871-74ad3ce17dcc, event: $snapshot, properties: Object, timestamp: Tue Apr 14 2026 02:25:26 GMT+0530 (India Standard Time)} @ webpack-internal:///(app-pages-browser)/../../node_modules/.pnpm/posthog-js@1.364.7/node_modules/posthog-js/dist/module.js:22
[   70784ms] [LOG] [PostHog.js] send "$snapshot" {uuid: 019d88a0-f709-798e-b31b-cf5f84789992, event: $snapshot, properties: Object, timestamp: Tue Apr 14 2026 02:25:43 GMT+0530 (India Standard Time)} @ webpack-internal:///(app-pages-browser)/../../node_modules/.pnpm/posthog-js@1.364.7/node_modules/posthog-js/dist/module.js:22
[   72391ms] [LOG] [PostHog.js] send "$$heatmap" {uuid: 019d88a0-fd4f-74e6-b1a8-062e7234d6f6, event: $$heatmap, properties: Object, timestamp: Tue Apr 14 2026 02:25:45 GMT+0530 (India Standard Time)} @ webpack-internal:///(app-pages-browser)/../../node_modules/.pnpm/posthog-js@1.364.7/node_modules/posthog-js/dist/module.js:22
[   72885ms] [LOG] [PostHog.js] send "$snapshot" {uuid: 019d88a0-ff3f-7b96-9784-81d876d39a30, event: $snapshot, properties: Object, timestamp: Tue Apr 14 2026 02:25:45 GMT+0530 (India Standard Time)} @ webpack-internal:///(app-pages-browser)/../../node_modules/.pnpm/posthog-js@1.364.7/node_modules/posthog-js/dist/module.js:22
[   74143ms] [LOG] [PostHog.js] send "$autocapture" {uuid: 019d88a1-0428-7afd-ba33-4196f01c142a, event: $autocapture, properties: Object, timestamp: Tue Apr 14 2026 02:25:46 GMT+0530 (India Standard Time)} @ webpack-internal:///(app-pages-browser)/../../node_modules/.pnpm/posthog-js@1.364.7/node_modules/posthog-js/dist/module.js:22
[   75024ms] [LOG] [PostHog.js] send "$snapshot" {uuid: 019d88a1-079a-7586-87fe-6a05cf3bef49, event: $snapshot, properties: Object, timestamp: Tue Apr 14 2026 02:25:47 GMT+0530 (India Standard Time)} @ webpack-internal:///(app-pages-browser)/../../node_modules/.pnpm/posthog-js@1.364.7/node_modules/posthog-js/dist/module.js:22
[   77391ms] [LOG] [PostHog.js] send "$$heatmap" {uuid: 019d88a1-10d8-7ace-b25e-4fc36b87df67, event: $$heatmap, properties: Object, timestamp: Tue Apr 14 2026 02:25:50 GMT+0530 (India Standard Time)} @ webpack-internal:///(app-pages-browser)/../../node_modules/.pnpm/posthog-js@1.364.7/node_modules/posthog-js/dist/module.js:22
[   77646ms] [LOG] [PostHog.js] send "$snapshot" {uuid: 019d88a1-11d8-7be0-adbd-6f1e11eeebd6, event: $snapshot, properties: Object, timestamp: Tue Apr 14 2026 02:25:50 GMT+0530 (India Standard Time)} @ webpack-internal:///(app-pages-browser)/../../node_modules/.pnpm/posthog-js@1.364.7/node_modules/posthog-js/dist/module.js:22
[   78075ms] [LOG] [PostHog.js] send "$autocapture" {uuid: 019d88a1-1383-7d47-a0ad-1862f4a72f6d, event: $autocapture, properties: Object, timestamp: Tue Apr 14 2026 02:25:50 GMT+0530 (India Standard Time)} @ webpack-internal:///(app-pages-browser)/../../node_modules/.pnpm/posthog-js@1.364.7/node_modules/posthog-js/dist/module.js:22
[   78690ms] [LOG] [PostHog.js] send "$autocapture" {uuid: 019d88a1-15eb-7b85-bc74-ded70ad01b1f, event: $autocapture, properties: Object, timestamp: Tue Apr 14 2026 02:25:51 GMT+0530 (India Standard Time)} @ webpack-internal:///(app-pages-browser)/../../node_modules/.pnpm/posthog-js@1.364.7/node_modules/posthog-js/dist/module.js:22
[   79581ms] [LOG] [PostHog.js] send "$rageclick" {uuid: 019d88a1-1966-747d-a3db-b4667fc6c59b, event: $rageclick, properties: Object, timestamp: Tue Apr 14 2026 02:25:52 GMT+0530 (India Standard Time)} @ webpack-internal:///(app-pages-browser)/../../node_modules/.pnpm/posthog-js@1.364.7/node_modules/posthog-js/dist/module.js:22
[   79582ms] [LOG] [PostHog.js] send "$autocapture" {uuid: 019d88a1-1968-738e-a274-7ee29c8de1ab, event: $autocapture, properties: Object, timestamp: Tue Apr 14 2026 02:25:52 GMT+0530 (India Standard Time)} @ webpack-internal:///(app-pages-browser)/../../node_modules/.pnpm/posthog-js@1.364.7/node_modules/posthog-js/dist/module.js:22
[   79649ms] [LOG] [PostHog.js] send "$snapshot" {uuid: 019d88a1-19ab-7928-affe-c63660f2186c, event: $snapshot, properties: Object, timestamp: Tue Apr 14 2026 02:25:52 GMT+0530 (India Standard Time)} @ webpack-internal:///(app-pages-browser)/../../node_modules/.pnpm/posthog-js@1.364.7/node_modules/posthog-js/dist/module.js:22
[   82392ms] [LOG] [PostHog.js] send "$$heatmap" {uuid: 019d88a1-2460-7afb-bfa5-321029c6a1f2, event: $$heatmap, properties: Object, timestamp: Tue Apr 14 2026 02:25:55 GMT+0530 (India Standard Time)} @ webpack-internal:///(app-pages-browser)/../../node_modules/.pnpm/posthog-js@1.364.7/node_modules/posthog-js/dist/module.js:22
[   83045ms] [LOG] [PostHog.js] send "$snapshot" {uuid: 019d88a1-26ee-73ce-89a7-8ca5f26065d4, event: $snapshot, properties: Object, timestamp: Tue Apr 14 2026 02:25:55 GMT+0530 (India Standard Time)} @ webpack-internal:///(app-pages-browser)/../../node_modules/.pnpm/posthog-js@1.364.7/node_modules/posthog-js/dist/module.js:22
[   86727ms] [LOG] [PostHog.js] send "$snapshot" {uuid: 019d88a1-3550-7890-b827-9da1161ca903, event: $snapshot, properties: Object, timestamp: Tue Apr 14 2026 02:25:59 GMT+0530 (India Standard Time)} @ webpack-internal:///(app-pages-browser)/../../node_modules/.pnpm/posthog-js@1.364.7/node_modules/posthog-js/dist/module.js:22
[   87391ms] [LOG] [PostHog.js] send "$$heatmap" {uuid: 019d88a1-37e8-79b4-bba2-a3baca1d4a2e, event: $$heatmap, properties: Object, timestamp: Tue Apr 14 2026 02:26:00 GMT+0530 (India Standard Time)} @ webpack-internal:///(app-pages-browser)/../../node_modules/.pnpm/posthog-js@1.364.7/node_modules/posthog-js/dist/module.js:22
[   88759ms] [LOG] [PostHog.js] send "$snapshot" {uuid: 019d88a1-3d40-70b3-b061-e27d211b09c0, event: $snapshot, properties: Object, timestamp: Tue Apr 14 2026 02:26:01 GMT+0530 (India Standard Time)} @ webpack-internal:///(app-pages-browser)/../../node_modules/.pnpm/posthog-js@1.364.7/node_modules/posthog-js/dist/module.js:22
[   90924ms] [LOG] [PostHog.js] send "$snapshot" {uuid: 019d88a1-45b5-796c-8021-6485b1b2fbf8, event: $snapshot, properties: Object, timestamp: Tue Apr 14 2026 02:26:03 GMT+0530 (India Standard Time)} @ webpack-internal:///(app-pages-browser)/../../node_modules/.pnpm/posthog-js@1.364.7/node_modules/posthog-js/dist/module.js:22
[   91048ms] [LOG] [PostHog.js] send "$autocapture" {uuid: 019d88a1-4631-7049-9393-72bdd6eaf18f, event: $autocapture, properties: Object, timestamp: Tue Apr 14 2026 02:26:03 GMT+0530 (India Standard Time)} @ webpack-internal:///(app-pages-browser)/../../node_modules/.pnpm/posthog-js@1.364.7/node_modules/posthog-js/dist/module.js:22
[   92390ms] [LOG] [PostHog.js] send "$$heatmap" {uuid: 019d88a1-4b6f-74d0-91d6-0a3e674aa6e3, event: $$heatmap, properties: Object, timestamp: Tue Apr 14 2026 02:26:05 GMT+0530 (India Standard Time)} @ webpack-internal:///(app-pages-browser)/../../node_modules/.pnpm/posthog-js@1.364.7/node_modules/posthog-js/dist/module.js:22
[   92581ms] [LOG] [PostHog.js] send "$autocapture" {uuid: 019d88a1-4c2e-765b-b714-0e4793dbd79a, event: $autocapture, properties: Object, timestamp: Tue Apr 14 2026 02:26:05 GMT+0530 (India Standard Time)} @ webpack-internal:///(app-pages-browser)/../../node_modules/.pnpm/posthog-js@1.364.7/node_modules/posthog-js/dist/module.js:22
[   92966ms] [LOG] [PostHog.js] send "$snapshot" {uuid: 019d88a1-4daf-798d-ba7a-733e36cb34bb, event: $snapshot, properties: Object, timestamp: Tue Apr 14 2026 02:26:05 GMT+0530 (India Standard Time)} @ webpack-internal:///(app-pages-browser)/../../node_modules/.pnpm/posthog-js@1.364.7/node_modules/posthog-js/dist/module.js:22
[   93430ms] [LOG] [PostHog.js] send "$autocapture" {uuid: 019d88a1-4f7f-7427-992d-044332abf124, event: $autocapture, properties: Object, timestamp: Tue Apr 14 2026 02:26:06 GMT+0530 (India Standard Time)} @ webpack-internal:///(app-pages-browser)/../../node_modules/.pnpm/posthog-js@1.364.7/node_modules/posthog-js/dist/module.js:22
[   95249ms] [LOG] [PostHog.js] send "$autocapture" {uuid: 019d88a1-569a-7422-b88e-a9d693869651, event: $autocapture, properties: Object, timestamp: Tue Apr 14 2026 02:26:08 GMT+0530 (India Standard Time)} @ webpack-internal:///(app-pages-browser)/../../node_modules/.pnpm/posthog-js@1.364.7/node_modules/posthog-js/dist/module.js:22
[   95284ms] [LOG] [PostHog.js] send "$snapshot" {uuid: 019d88a1-56bd-7818-b8f0-8dc810326d90, event: $snapshot, properties: Object, timestamp: Tue Apr 14 2026 02:26:08 GMT+0530 (India Standard Time)} @ webpack-internal:///(app-pages-browser)/../../node_modules/.pnpm/posthog-js@1.364.7/node_modules/posthog-js/dist/module.js:22
[   96383ms] [LOG] [PostHog.js] send "$autocapture" {uuid: 019d88a1-5b08-709c-9ab3-570c597fcd3a, event: $autocapture, properties: Object, timestamp: Tue Apr 14 2026 02:26:09 GMT+0530 (India Standard Time)} @ webpack-internal:///(app-pages-browser)/../../node_modules/.pnpm/posthog-js@1.364.7/node_modules/posthog-js/dist/module.js:22
[   97207ms] [LOG] [PostHog.js] send "$autocapture" {uuid: 019d88a1-5e40-75e2-8b64-64646e7f6b2a, event: $autocapture, properties: Object, timestamp: Tue Apr 14 2026 02:26:10 GMT+0530 (India Standard Time)} @ webpack-internal:///(app-pages-browser)/../../node_modules/.pnpm/posthog-js@1.364.7/node_modules/posthog-js/dist/module.js:22
[   97390ms] [LOG] [PostHog.js] send "$$heatmap" {uuid: 019d88a1-5ef7-7633-a477-e0fd6c1b5a0a, event: $$heatmap, properties: Object, timestamp: Tue Apr 14 2026 02:26:10 GMT+0530 (India Standard Time)} @ webpack-internal:///(app-pages-browser)/../../node_modules/.pnpm/posthog-js@1.364.7/node_modules/posthog-js/dist/module.js:22
[   98012ms] [LOG] [PostHog.js] send "$snapshot" {uuid: 019d88a1-6165-7925-9f1c-4c7ca33bf821, event: $snapshot, properties: Object, timestamp: Tue Apr 14 2026 02:26:10 GMT+0530 (India Standard Time)} @ webpack-internal:///(app-pages-browser)/../../node_modules/.pnpm/posthog-js@1.364.7/node_modules/posthog-js/dist/module.js:22
[  100064ms] [LOG] [PostHog.js] send "$snapshot" {uuid: 019d88a1-6969-7902-9246-bba4888fb445, event: $snapshot, properties: Object, timestamp: Tue Apr 14 2026 02:26:12 GMT+0530 (India Standard Time)} @ webpack-internal:///(app-pages-browser)/../../node_modules/.pnpm/posthog-js@1.364.7/node_modules/posthog-js/dist/module.js:22
[  248172ms] [LOG] [PostHog.js] send "$snapshot" {uuid: 019d88a3-abf5-7d16-8cbf-f0e396e4246e, event: $snapshot, properties: Object, timestamp: Tue Apr 14 2026 02:28:41 GMT+0530 (India Standard Time)} @ webpack-internal:///(app-pages-browser)/../../node_modules/.pnpm/posthog-js@1.364.7/node_modules/posthog-js/dist/module.js:22
[  309404ms] [LOG] [PostHog.js] send "$snapshot" {uuid: 019d88a4-9b25-71c4-b97b-654edf43086f, event: $snapshot, properties: Object, timestamp: Tue Apr 14 2026 02:29:42 GMT+0530 (India Standard Time)} @ webpack-internal:///(app-pages-browser)/../../node_modules/.pnpm/posthog-js@1.364.7/node_modules/posthog-js/dist/module.js:22
[  357146ms] [LOG] [Fast Refresh] rebuilding @ https://us-assets.i.posthog.com/static/posthog-recorder.js?v=1.364.7:0
[  357997ms] [LOG] [Fast Refresh] done in 850ms @ https://us-assets.i.posthog.com/static/posthog-recorder.js?v=1.364.7:0
[  359149ms] [LOG] [PostHog.js] send "$snapshot" {uuid: 019d88a5-5d76-73a5-944c-c4ffba55eba5, event: $snapshot, properties: Object, timestamp: Tue Apr 14 2026 02:30:31 GMT+0530 (India Standard Time)} @ webpack-internal:///(app-pages-browser)/../../node_modules/.pnpm/posthog-js@1.364.7/node_modules/posthog-js/dist/module.js:22
[  365156ms] [LOG] [PostHog.js] send "$snapshot" {uuid: 019d88a5-74ee-7e0f-a8d8-87d9d8307aee, event: $snapshot, properties: Object, timestamp: Tue Apr 14 2026 02:30:37 GMT+0530 (India Standard Time)} @ webpack-internal:///(app-pages-browser)/../../node_modules/.pnpm/posthog-js@1.364.7/node_modules/posthog-js/dist/module.js:22
[  377391ms] [LOG] [PostHog.js] send "$$heatmap" {uuid: 019d88a5-a4b8-72e4-8093-c613600598f7, event: $$heatmap, properties: Object, timestamp: Tue Apr 14 2026 02:30:50 GMT+0530 (India Standard Time)} @ webpack-internal:///(app-pages-browser)/../../node_modules/.pnpm/posthog-js@1.364.7/node_modules/posthog-js/dist/module.js:22
[  378688ms] [LOG] [PostHog.js] send "$snapshot" {uuid: 019d88a5-a9c9-76f1-86f0-3d4da56a7b48, event: $snapshot, properties: Object, timestamp: Tue Apr 14 2026 02:30:51 GMT+0530 (India Standard Time)} @ webpack-internal:///(app-pages-browser)/../../node_modules/.pnpm/posthog-js@1.364.7/node_modules/posthog-js/dist/module.js:22
[  378778ms] [LOG] [PostHog.js] send "$autocapture" {uuid: 019d88a5-aa24-791f-a676-a8a8d00ab511, event: $autocapture, properties: Object, timestamp: Tue Apr 14 2026 02:30:51 GMT+0530 (India Standard Time)} @ webpack-internal:///(app-pages-browser)/../../node_modules/.pnpm/posthog-js@1.364.7/node_modules/posthog-js/dist/module.js:22
[  380291ms] [LOG] [PostHog.js] send "$rageclick" {uuid: 019d88a5-b00c-780a-8bfe-dbff17088c33, event: $rageclick, properties: Object, timestamp: Tue Apr 14 2026 02:30:53 GMT+0530 (India Standard Time)} @ webpack-internal:///(app-pages-browser)/../../node_modules/.pnpm/posthog-js@1.364.7/node_modules/posthog-js/dist/module.js:22
[  380292ms] [LOG] [PostHog.js] send "$autocapture" {uuid: 019d88a5-b00d-7d7f-8c6f-858e6ca26883, event: $autocapture, properties: Object, timestamp: Tue Apr 14 2026 02:30:53 GMT+0530 (India Standard Time)} @ webpack-internal:///(app-pages-browser)/../../node_modules/.pnpm/posthog-js@1.364.7/node_modules/posthog-js/dist/module.js:22
[  380696ms] [LOG] [PostHog.js] send "$snapshot" {uuid: 019d88a5-b1a1-757f-85fd-fc7cfaf0b705, event: $snapshot, properties: Object, timestamp: Tue Apr 14 2026 02:30:53 GMT+0530 (India Standard Time)} @ webpack-internal:///(app-pages-browser)/../../node_modules/.pnpm/posthog-js@1.364.7/node_modules/posthog-js/dist/module.js:22
[  382391ms] [LOG] [PostHog.js] send "$$heatmap" {uuid: 019d88a5-b840-73bc-ad3b-8c8e06b37704, event: $$heatmap, properties: Object, timestamp: Tue Apr 14 2026 02:30:55 GMT+0530 (India Standard Time)} @ webpack-internal:///(app-pages-browser)/../../node_modules/.pnpm/posthog-js@1.364.7/node_modules/posthog-js/dist/module.js:22
[  384104ms] [LOG] [PostHog.js] send "$autocapture" {uuid: 019d88a5-bef1-7e11-90c3-b0d369398c39, event: $autocapture, properties: Object, timestamp: Tue Apr 14 2026 02:30:56 GMT+0530 (India Standard Time)} @ webpack-internal:///(app-pages-browser)/../../node_modules/.pnpm/posthog-js@1.364.7/node_modules/posthog-js/dist/module.js:22
[  385187ms] [LOG] [PostHog.js] send "$autocapture" {uuid: 019d88a5-c32c-7e8b-bacc-00647925cc94, event: $autocapture, properties: Object, timestamp: Tue Apr 14 2026 02:30:58 GMT+0530 (India Standard Time)} @ webpack-internal:///(app-pages-browser)/../../node_modules/.pnpm/posthog-js@1.364.7/node_modules/posthog-js/dist/module.js:22
[  385283ms] [LOG] [PostHog.js] send "$snapshot" {uuid: 019d88a5-c38d-7eb6-9133-96a18b62b59b, event: $snapshot, properties: Object, timestamp: Tue Apr 14 2026 02:30:58 GMT+0530 (India Standard Time)} @ webpack-internal:///(app-pages-browser)/../../node_modules/.pnpm/posthog-js@1.364.7/node_modules/posthog-js/dist/module.js:22
[  387112ms] [LOG] [PostHog.js] send "$autocapture" {uuid: 019d88a5-cab1-7d51-becb-df14c7b53135, event: $autocapture, properties: Object, timestamp: Tue Apr 14 2026 02:30:59 GMT+0530 (India Standard Time)} @ webpack-internal:///(app-pages-browser)/../../node_modules/.pnpm/posthog-js@1.364.7/node_modules/posthog-js/dist/module.js:22
[  387351ms] [LOG] [PostHog.js] send "$snapshot" {uuid: 019d88a5-cba0-7442-bdad-b922f4ba1f96, event: $snapshot, properties: Object, timestamp: Tue Apr 14 2026 02:31:00 GMT+0530 (India Standard Time)} @ webpack-internal:///(app-pages-browser)/../../node_modules/.pnpm/posthog-js@1.364.7/node_modules/posthog-js/dist/module.js:22
[  387391ms] [LOG] [PostHog.js] send "$$heatmap" {uuid: 019d88a5-cbc8-7402-8dc9-5021e895f0ca, event: $$heatmap, properties: Object, timestamp: Tue Apr 14 2026 02:31:00 GMT+0530 (India Standard Time)} @ webpack-internal:///(app-pages-browser)/../../node_modules/.pnpm/posthog-js@1.364.7/node_modules/posthog-js/dist/module.js:22
[  387929ms] [LOG] [PostHog.js] send "$autocapture" {uuid: 019d88a5-cde2-7e33-84dd-13fb0f90f1e9, event: $autocapture, properties: Object, timestamp: Tue Apr 14 2026 02:31:00 GMT+0530 (India Standard Time)} @ webpack-internal:///(app-pages-browser)/../../node_modules/.pnpm/posthog-js@1.364.7/node_modules/posthog-js/dist/module.js:22
[  388437ms] [LOG] [PostHog.js] send "$autocapture" {uuid: 019d88a5-cfde-7fa5-bbd3-57883814db97, event: $autocapture, properties: Object, timestamp: Tue Apr 14 2026 02:31:01 GMT+0530 (India Standard Time)} @ webpack-internal:///(app-pages-browser)/../../node_modules/.pnpm/posthog-js@1.364.7/node_modules/posthog-js/dist/module.js:22
[  388863ms] [LOG] [PostHog.js] send "$rageclick" {uuid: 019d88a5-d188-7e90-92ad-e5fa91f6ad1f, event: $rageclick, properties: Object, timestamp: Tue Apr 14 2026 02:31:01 GMT+0530 (India Standard Time)} @ webpack-internal:///(app-pages-browser)/../../node_modules/.pnpm/posthog-js@1.364.7/node_modules/posthog-js/dist/module.js:22
[  388863ms] [LOG] [PostHog.js] send "$autocapture" {uuid: 019d88a5-d189-75bb-ad0a-84cfcb32723e, event: $autocapture, properties: Object, timestamp: Tue Apr 14 2026 02:31:01 GMT+0530 (India Standard Time)} @ webpack-internal:///(app-pages-browser)/../../node_modules/.pnpm/posthog-js@1.364.7/node_modules/posthog-js/dist/module.js:22
[  389355ms] [LOG] [PostHog.js] send "$snapshot" {uuid: 019d88a5-d374-723f-859a-c43c512c8b05, event: $snapshot, properties: Object, timestamp: Tue Apr 14 2026 02:31:02 GMT+0530 (India Standard Time)} @ webpack-internal:///(app-pages-browser)/../../node_modules/.pnpm/posthog-js@1.364.7/node_modules/posthog-js/dist/module.js:22
[  391606ms] [LOG] [PostHog.js] send "$snapshot" {uuid: 019d88a5-dc3f-7bd6-8d0a-dd77c467f728, event: $snapshot, properties: Object, timestamp: Tue Apr 14 2026 02:31:04 GMT+0530 (India Standard Time)} @ webpack-internal:///(app-pages-browser)/../../node_modules/.pnpm/posthog-js@1.364.7/node_modules/posthog-js/dist/module.js:22
[  392391ms] [LOG] [PostHog.js] send "$$heatmap" {uuid: 019d88a5-df50-7013-8419-083ff6ba38c6, event: $$heatmap, properties: Object, timestamp: Tue Apr 14 2026 02:31:05 GMT+0530 (India Standard Time)} @ webpack-internal:///(app-pages-browser)/../../node_modules/.pnpm/posthog-js@1.364.7/node_modules/posthog-js/dist/module.js:22
[  394682ms] [LOG] [PostHog.js] send "$snapshot" {uuid: 019d88a5-e843-787b-a754-036f0d2e0447, event: $snapshot, properties: Object, timestamp: Tue Apr 14 2026 02:31:07 GMT+0530 (India Standard Time)} @ webpack-internal:///(app-pages-browser)/../../node_modules/.pnpm/posthog-js@1.364.7/node_modules/posthog-js/dist/module.js:22
[  394924ms] [LOG] [PostHog.js] send "$autocapture" {uuid: 019d88a5-e936-72b7-a82f-d6a6ea8369db, event: $autocapture, properties: Object, timestamp: Tue Apr 14 2026 02:31:07 GMT+0530 (India Standard Time)} @ webpack-internal:///(app-pages-browser)/../../node_modules/.pnpm/posthog-js@1.364.7/node_modules/posthog-js/dist/module.js:22
[  395416ms] [LOG] [PostHog.js] send "$autocapture" {uuid: 019d88a5-eb22-74d1-92bd-8f287089ddc1, event: $autocapture, properties: Object, timestamp: Tue Apr 14 2026 02:31:08 GMT+0530 (India Standard Time)} @ webpack-internal:///(app-pages-browser)/../../node_modules/.pnpm/posthog-js@1.364.7/node_modules/posthog-js/dist/module.js:22
[  395859ms] [LOG] [PostHog.js] send "$rageclick" {uuid: 019d88a5-ecdc-7f06-ba96-819931899180, event: $rageclick, properties: Object, timestamp: Tue Apr 14 2026 02:31:08 GMT+0530 (India Standard Time)} @ webpack-internal:///(app-pages-browser)/../../node_modules/.pnpm/posthog-js@1.364.7/node_modules/posthog-js/dist/module.js:22
[  395859ms] [LOG] [PostHog.js] send "$autocapture" {uuid: 019d88a5-ecdd-7e74-b3a5-3b35dd305e37, event: $autocapture, properties: Object, timestamp: Tue Apr 14 2026 02:31:08 GMT+0530 (India Standard Time)} @ webpack-internal:///(app-pages-browser)/../../node_modules/.pnpm/posthog-js@1.364.7/node_modules/posthog-js/dist/module.js:22
[  396442ms] [LOG] [PostHog.js] send "$autocapture" {uuid: 019d88a5-ef24-748a-8478-afdaa662e094, event: $autocapture, properties: Object, timestamp: Tue Apr 14 2026 02:31:09 GMT+0530 (India Standard Time)} @ webpack-internal:///(app-pages-browser)/../../node_modules/.pnpm/posthog-js@1.364.7/node_modules/posthog-js/dist/module.js:22
[  396729ms] [LOG] [PostHog.js] send "$snapshot" {uuid: 019d88a5-f042-74c6-b5fb-17bf029055db, event: $snapshot, properties: Object, timestamp: Tue Apr 14 2026 02:31:09 GMT+0530 (India Standard Time)} @ webpack-internal:///(app-pages-browser)/../../node_modules/.pnpm/posthog-js@1.364.7/node_modules/posthog-js/dist/module.js:22
[  396924ms] [LOG] [PostHog.js] send "$autocapture" {uuid: 019d88a5-f106-77ee-bf0c-39812b8c0563, event: $autocapture, properties: Object, timestamp: Tue Apr 14 2026 02:31:09 GMT+0530 (India Standard Time)} @ webpack-internal:///(app-pages-browser)/../../node_modules/.pnpm/posthog-js@1.364.7/node_modules/posthog-js/dist/module.js:22
[  397391ms] [LOG] [PostHog.js] send "$$heatmap" {uuid: 019d88a5-f2d8-72bf-abb1-b44e0785dc5b, event: $$heatmap, properties: Object, timestamp: Tue Apr 14 2026 02:31:10 GMT+0530 (India Standard Time)} @ webpack-internal:///(app-pages-browser)/../../node_modules/.pnpm/posthog-js@1.364.7/node_modules/posthog-js/dist/module.js:22
[  397558ms] [LOG] [PostHog.js] send "$autocapture" {uuid: 019d88a5-f37f-7a7f-b091-b0b5dc2888ea, event: $autocapture, properties: Object, timestamp: Tue Apr 14 2026 02:31:10 GMT+0530 (India Standard Time)} @ webpack-internal:///(app-pages-browser)/../../node_modules/.pnpm/posthog-js@1.364.7/node_modules/posthog-js/dist/module.js:22
[  398851ms] [LOG] [PostHog.js] send "$snapshot" {uuid: 019d88a5-f88d-7872-bfe9-25670b561ccb, event: $snapshot, properties: Object, timestamp: Tue Apr 14 2026 02:31:11 GMT+0530 (India Standard Time)} @ webpack-internal:///(app-pages-browser)/../../node_modules/.pnpm/posthog-js@1.364.7/node_modules/posthog-js/dist/module.js:22
[  402391ms] [LOG] [PostHog.js] send "$$heatmap" {uuid: 019d88a6-0661-751b-90fa-8a6c8667b880, event: $$heatmap, properties: Object, timestamp: Tue Apr 14 2026 02:31:15 GMT+0530 (India Standard Time)} @ webpack-internal:///(app-pages-browser)/../../node_modules/.pnpm/posthog-js@1.364.7/node_modules/posthog-js/dist/module.js:22
[  408258ms] [LOG] [Fast Refresh] rebuilding @ https://us-assets.i.posthog.com/static/posthog-recorder.js?v=1.364.7:0
[  409110ms] [WARNING] [Fast Refresh] performing full reload

Fast Refresh will perform a full reload when you edit a file that's imported by modules outside of the React rendering tree.
You might have a file which exports a React component but also exports a value that is imported by a non-React component file.
Consider migrating the non-React component export to a separate file and importing it into both files.

It is also possible the parent component of the component you edited is a class component, which disables Fast Refresh.
Fast Refresh requires at least one parent function component in your React tree. @ https://us-assets.i.posthog.com/static/posthog-recorder.js?v=1.364.7:0
[  409110ms] [LOG] [PostHog.js] send "$snapshot" {uuid: 019d88a6-20a0-7012-aafb-c4cb65667a48, event: $snapshot, properties: Object, timestamp: Tue Apr 14 2026 02:31:21 GMT+0530 (India Standard Time)} @ webpack-internal:///(app-pages-browser)/../../node_modules/.pnpm/posthog-js@1.364.7/node_modules/posthog-js/dist/module.js:22
[  410775ms] [LOG] [PostHog.js] send "$pageleave" {uuid: 019d88a6-2720-7208-9c2b-b2220a646287, event: $pageleave, properties: Object, timestamp: Tue Apr 14 2026 02:31:23 GMT+0530 (India Standard Time)} @ webpack-internal:///(app-pages-browser)/../../node_modules/.pnpm/posthog-js@1.364.7/node_modules/posthog-js/dist/module.js:22
[  411396ms] [INFO] %cDownload the React DevTools for a better development experience: https://react.dev/link/react-devtools font-weight:bold @ webpack-internal:///(app-pages-browser)/../../node_modules/.pnpm/next@15.5.14_@opentelemetry+api@1.9.1_react-dom@18.3.1_react@18.2.0__react@18.2.0/node_modules/next/dist/compiled/react-dom/cjs/react-dom-client.development.js:25630
[  411533ms] [LOG] [GTM Event] clear_ecommerce {ecommerce: null} @ webpack-internal:///(app-pages-browser)/./lib/hooks/useGTM.ts:16
[  411533ms] [LOG] [GTM Event] view_item {ecommerce: Object} @ webpack-internal:///(app-pages-browser)/./lib/hooks/useGTM.ts:16
[  411535ms] [LOG] [AuthProvider] Mounting, starting hydration @ webpack-internal:///(app-pages-browser)/./components/providers/AuthProvider.tsx:35
[  411535ms] [LOG] [auth-store] isFreshLogin: false URL: http://localhost:3000/services/gst-registration @ webpack-internal:///(app-pages-browser)/./lib/stores/auth-store.ts:205
[  411535ms] [LOG] [auth-store] refreshSession starting @ webpack-internal:///(app-pages-browser)/./lib/stores/auth-store.ts:209
[  411655ms] [LOG] [auth-store] getSession result: no session @ webpack-internal:///(app-pages-browser)/./lib/stores/auth-store.ts:213
[  411661ms] [LOG] [AuthProvider] Initial hydration complete @ webpack-internal:///(app-pages-browser)/./components/providers/AuthProvider.tsx:40
[  411661ms] [LOG] [AuthProvider] Auth event: INITIAL_SESSION @ webpack-internal:///(app-pages-browser)/./components/providers/AuthProvider.tsx:46
[  411662ms] [LOG] [PostHog.js] set_config {config: Object, oldConfig: Object, newConfig: Object} @ webpack-internal:///(app-pages-browser)/../../node_modules/.pnpm/posthog-js@1.364.7/node_modules/posthog-js/dist/module.js:22
[  411663ms] [LOG] [PostHog.js] Persistence loaded localStorage+cookie {$device_id: 019d5401-510f-7d21-a410-204e78f58700, distinct_id: 019d5401-510f-7d21-a410-204e78f58700, $sesid: Array(3), $initial_person_info: Object, $user_state: anonymous} @ webpack-internal:///(app-pages-browser)/../../node_modules/.pnpm/posthog-js@1.364.7/node_modules/posthog-js/dist/module.js:22
[  411664ms] [LOG] [PostHog.js] Persistence loaded sessionStorage {$sdk_debug_extensions_init_method: synchronous, $sdk_debug_extensions_init_time_ms: 1, $sdk_debug_replay_remote_trigger_matching_config: null, $sdk_debug_replay_event_trigger_status: trigger_disabled, $sdk_debug_replay_url_trigger_status: trigger_disabled} @ webpack-internal:///(app-pages-browser)/../../node_modules/.pnpm/posthog-js@1.364.7/node_modules/posthog-js/dist/module.js:22
[  411664ms] [LOG] [PostHog.js] Initializing extensions synchronously @ webpack-internal:///(app-pages-browser)/../../node_modules/.pnpm/posthog-js@1.364.7/node_modules/posthog-js/dist/module.js:22
[  411664ms] [LOG] [PostHog.js] [Web Vitals] enabled, starting... @ webpack-internal:///(app-pages-browser)/../../node_modules/.pnpm/posthog-js@1.364.7/node_modules/posthog-js/dist/module.js:22
[  411665ms] [LOG] [PostHog.js] [SessionRecording] starting @ webpack-internal:///(app-pages-browser)/../../node_modules/.pnpm/posthog-js@1.364.7/node_modules/posthog-js/dist/module.js:22
[  411665ms] [LOG] [PostHog.js] [Heatmaps] starting... @ webpack-internal:///(app-pages-browser)/../../node_modules/.pnpm/posthog-js@1.364.7/node_modules/posthog-js/dist/module.js:22
[  411666ms] [LOG] [PostHog.js] Starting in debug mode {this: _n, config: Object, thisC: Object, p: Object, s: Object} @ webpack-internal:///(app-pages-browser)/../../node_modules/.pnpm/posthog-js@1.364.7/node_modules/posthog-js/dist/module.js:22
[  411666ms] [LOG] You're now in debug mode. All calls to PostHog will be logged in your console.
You can disable this with `posthog.debug(false)`. @ webpack-internal:///(app-pages-browser)/../../node_modules/.pnpm/posthog-js@1.364.7/node_modules/posthog-js/dist/module.js:22
[  411666ms] [LOG] [PostHog.js] Persistence loaded sessionStorage {$sdk_debug_extensions_init_method: synchronous, $sdk_debug_extensions_init_time_ms: 2, $sdk_debug_replay_remote_trigger_matching_config: null, $sdk_debug_replay_event_trigger_status: trigger_disabled, $sdk_debug_replay_url_trigger_status: trigger_disabled} @ webpack-internal:///(app-pages-browser)/../../node_modules/.pnpm/posthog-js@1.364.7/node_modules/posthog-js/dist/module.js:22
[  411666ms] [LOG] [PostHog.js] set_config {config: Object, oldConfig: Object, newConfig: Object} @ webpack-internal:///(app-pages-browser)/../../node_modules/.pnpm/posthog-js@1.364.7/node_modules/posthog-js/dist/module.js:22
[  411666ms] [LOG] [PostHog.js] [SessionRecording] starting @ webpack-internal:///(app-pages-browser)/../../node_modules/.pnpm/posthog-js@1.364.7/node_modules/posthog-js/dist/module.js:22
[  411667ms] [LOG] [PostHog.js] [Dead Clicks] starting... @ webpack-internal:///(app-pages-browser)/../../node_modules/.pnpm/posthog-js@1.364.7/node_modules/posthog-js/dist/module.js:22
[  412618ms] [LOG] [PostHog.js] Persistence loaded sessionStorage {$sdk_debug_extensions_init_method: synchronous, $sdk_debug_extensions_init_time_ms: 2, $sdk_debug_replay_remote_trigger_matching_config: null, $sdk_debug_replay_event_trigger_status: trigger_disabled, $sdk_debug_replay_url_trigger_status: trigger_disabled} @ webpack-internal:///(app-pages-browser)/../../node_modules/.pnpm/posthog-js@1.364.7/node_modules/posthog-js/dist/module.js:22
[  412618ms] [LOG] [PostHog.js] set_config {config: Object, oldConfig: Object, newConfig: Object} @ webpack-internal:///(app-pages-browser)/../../node_modules/.pnpm/posthog-js@1.364.7/node_modules/posthog-js/dist/module.js:22
[  412618ms] [LOG] [PostHog.js] [Surveys] flags response received, isSurveysEnabled: false @ webpack-internal:///(app-pages-browser)/../../node_modules/.pnpm/posthog-js@1.364.7/node_modules/posthog-js/dist/module.js:22
[  413265ms] [LOG] [PostHog.js] [Surveys] Surveys loaded successfully @ webpack-internal:///(app-pages-browser)/../../node_modules/.pnpm/posthog-js@1.364.7/node_modules/posthog-js/dist/module.js:22
[  417619ms] [LOG] [PostHog.js] send "$web_vitals" {uuid: 019d88a6-41db-7e5f-ba9c-b93b9565e604, event: $web_vitals, properties: Object, timestamp: Tue Apr 14 2026 02:31:30 GMT+0530 (India Standard Time)} @ webpack-internal:///(app-pages-browser)/../../node_modules/.pnpm/posthog-js@1.364.7/node_modules/posthog-js/dist/module.js:22
