[     257ms] [LOG] [PostHog.js] send "$pageleave" {uuid: 019d889a-73b2-7af3-8532-589d17388454, event: $pageleave, properties: Object, timestamp: Tue Apr 14 2026 02:18:36 GMT+0530 (India Standard Time)} @ webpack-internal:///(app-pages-browser)/../../node_modules/.pnpm/posthog-js@1.364.7/node_modules/posthog-js/dist/module.js:22
[     470ms] [INFO] %cDownload the React DevTools for a better development experience: https://react.dev/link/react-devtools font-weight:bold @ webpack-internal:///(app-pages-browser)/../../node_modules/.pnpm/next@15.5.14_@opentelemetry+api@1.9.1_react-dom@18.3.1_react@18.2.0__react@18.2.0/node_modules/next/dist/compiled/react-dom/cjs/react-dom-client.development.js:25630
[     595ms] [LOG] [GTM Event] clear_ecommerce {ecommerce: null} @ webpack-internal:///(app-pages-browser)/./lib/hooks/useGTM.ts:16
[     595ms] [LOG] [GTM Event] view_item {ecommerce: Object} @ webpack-internal:///(app-pages-browser)/./lib/hooks/useGTM.ts:16
[     597ms] [LOG] [AuthProvider] Mounting, starting hydration @ webpack-internal:///(app-pages-browser)/./components/providers/AuthProvider.tsx:35
[     597ms] [LOG] [auth-store] isFreshLogin: false URL: http://localhost:3000/services/gst-registration @ webpack-internal:///(app-pages-browser)/./lib/stores/auth-store.ts:205
[     597ms] [LOG] [auth-store] refreshSession starting @ webpack-internal:///(app-pages-browser)/./lib/stores/auth-store.ts:209
[     657ms] [LOG] [auth-store] getSession result: no session @ webpack-internal:///(app-pages-browser)/./lib/stores/auth-store.ts:213
[     661ms] [LOG] [AuthProvider] Initial hydration complete @ webpack-internal:///(app-pages-browser)/./components/providers/AuthProvider.tsx:40
[     661ms] [LOG] [AuthProvider] Auth event: INITIAL_SESSION @ webpack-internal:///(app-pages-browser)/./components/providers/AuthProvider.tsx:46
[     676ms] [LOG] [PostHog.js] set_config {config: Object, oldConfig: Object, newConfig: Object} @ webpack-internal:///(app-pages-browser)/../../node_modules/.pnpm/posthog-js@1.364.7/node_modules/posthog-js/dist/module.js:22
[     676ms] [LOG] [PostHog.js] Persistence loaded localStorage+cookie {$device_id: 019d5401-510f-7d21-a410-204e78f58700, distinct_id: 019d5401-510f-7d21-a410-204e78f58700, $sesid: Array(3), $initial_person_info: Object, $user_state: anonymous} @ webpack-internal:///(app-pages-browser)/../../node_modules/.pnpm/posthog-js@1.364.7/node_modules/posthog-js/dist/module.js:22
[     676ms] [LOG] [PostHog.js] Persistence loaded sessionStorage {$sdk_debug_extensions_init_method: synchronous, $sdk_debug_extensions_init_time_ms: 1, $sdk_debug_replay_remote_trigger_matching_config: null, $sdk_debug_replay_event_trigger_status: trigger_disabled, $sdk_debug_replay_url_trigger_status: trigger_disabled} @ webpack-internal:///(app-pages-browser)/../../node_modules/.pnpm/posthog-js@1.364.7/node_modules/posthog-js/dist/module.js:22
[     677ms] [LOG] [PostHog.js] Initializing extensions synchronously @ webpack-internal:///(app-pages-browser)/../../node_modules/.pnpm/posthog-js@1.364.7/node_modules/posthog-js/dist/module.js:22
[     677ms] [LOG] [PostHog.js] [Web Vitals] enabled, starting... @ webpack-internal:///(app-pages-browser)/../../node_modules/.pnpm/posthog-js@1.364.7/node_modules/posthog-js/dist/module.js:22
[     678ms] [LOG] [PostHog.js] [SessionRecording] starting @ webpack-internal:///(app-pages-browser)/../../node_modules/.pnpm/posthog-js@1.364.7/node_modules/posthog-js/dist/module.js:22
[     678ms] [LOG] [PostHog.js] [Heatmaps] starting... @ webpack-internal:///(app-pages-browser)/../../node_modules/.pnpm/posthog-js@1.364.7/node_modules/posthog-js/dist/module.js:22
[     678ms] [LOG] [PostHog.js] Starting in debug mode {this: _n, config: Object, thisC: Object, p: Object, s: Object} @ webpack-internal:///(app-pages-browser)/../../node_modules/.pnpm/posthog-js@1.364.7/node_modules/posthog-js/dist/module.js:22
[     678ms] [LOG] You're now in debug mode. All calls to PostHog will be logged in your console.
You can disable this with `posthog.debug(false)`. @ webpack-internal:///(app-pages-browser)/../../node_modules/.pnpm/posthog-js@1.364.7/node_modules/posthog-js/dist/module.js:22
[     678ms] [LOG] [PostHog.js] Persistence loaded sessionStorage {$sdk_debug_extensions_init_method: synchronous, $sdk_debug_extensions_init_time_ms: 1, $sdk_debug_replay_remote_trigger_matching_config: null, $sdk_debug_replay_event_trigger_status: trigger_disabled, $sdk_debug_replay_url_trigger_status: trigger_disabled} @ webpack-internal:///(app-pages-browser)/../../node_modules/.pnpm/posthog-js@1.364.7/node_modules/posthog-js/dist/module.js:22
[     679ms] [LOG] [PostHog.js] set_config {config: Object, oldConfig: Object, newConfig: Object} @ webpack-internal:///(app-pages-browser)/../../node_modules/.pnpm/posthog-js@1.364.7/node_modules/posthog-js/dist/module.js:22
[     679ms] [LOG] [PostHog.js] [SessionRecording] starting @ webpack-internal:///(app-pages-browser)/../../node_modules/.pnpm/posthog-js@1.364.7/node_modules/posthog-js/dist/module.js:22
[     703ms] [LOG] [PostHog.js] [Dead Clicks] starting... @ webpack-internal:///(app-pages-browser)/../../node_modules/.pnpm/posthog-js@1.364.7/node_modules/posthog-js/dist/module.js:22
[     703ms] [LOG] [PostHog.js] Persistence loaded sessionStorage {$sdk_debug_extensions_init_method: synchronous, $sdk_debug_extensions_init_time_ms: 1, $sdk_debug_replay_remote_trigger_matching_config: null, $sdk_debug_replay_event_trigger_status: trigger_disabled, $sdk_debug_replay_url_trigger_status: trigger_disabled} @ webpack-internal:///(app-pages-browser)/../../node_modules/.pnpm/posthog-js@1.364.7/node_modules/posthog-js/dist/module.js:22
[     703ms] [LOG] [PostHog.js] set_config {config: Object, oldConfig: Object, newConfig: Object} @ webpack-internal:///(app-pages-browser)/../../node_modules/.pnpm/posthog-js@1.364.7/node_modules/posthog-js/dist/module.js:22
[     704ms] [LOG] [PostHog.js] [Surveys] flags response received, isSurveysEnabled: false @ webpack-internal:///(app-pages-browser)/../../node_modules/.pnpm/posthog-js@1.364.7/node_modules/posthog-js/dist/module.js:22
[     705ms] [LOG] [PostHog.js] [Surveys] Surveys loaded successfully @ webpack-internal:///(app-pages-browser)/../../node_modules/.pnpm/posthog-js@1.364.7/node_modules/posthog-js/dist/module.js:22
[    5683ms] [LOG] [PostHog.js] send "$web_vitals" {uuid: 019d889a-88e3-7e43-8d92-5de2208a0a3d, event: $web_vitals, properties: Object, timestamp: Tue Apr 14 2026 02:18:42 GMT+0530 (India Standard Time)} @ webpack-internal:///(app-pages-browser)/../../node_modules/.pnpm/posthog-js@1.364.7/node_modules/posthog-js/dist/module.js:22
[   64066ms] [LOG] [PostHog.js] send "$snapshot" {uuid: 019d889b-6cf4-7cf3-809e-67c9b32e6794, event: $snapshot, properties: Object, timestamp: Tue Apr 14 2026 02:19:40 GMT+0530 (India Standard Time)} @ webpack-internal:///(app-pages-browser)/../../node_modules/.pnpm/posthog-js@1.364.7/node_modules/posthog-js/dist/module.js:22
[   65683ms] [LOG] [PostHog.js] send "$$heatmap" {uuid: 019d889b-7342-7d6e-aa24-c98ebe92d2a7, event: $$heatmap, properties: Object, timestamp: Tue Apr 14 2026 02:19:42 GMT+0530 (India Standard Time)} @ webpack-internal:///(app-pages-browser)/../../node_modules/.pnpm/posthog-js@1.364.7/node_modules/posthog-js/dist/module.js:22
[   72300ms] [LOG] [PostHog.js] send "$snapshot" {uuid: 019d889b-8d1d-78a6-a07e-1bca3ee294fe, event: $snapshot, properties: Object, timestamp: Tue Apr 14 2026 02:19:48 GMT+0530 (India Standard Time)} @ webpack-internal:///(app-pages-browser)/../../node_modules/.pnpm/posthog-js@1.364.7/node_modules/posthog-js/dist/module.js:22
[   74330ms] [LOG] [PostHog.js] send "$snapshot" {uuid: 019d889b-950c-788e-bc3b-cf2aed5df24c, event: $snapshot, properties: Object, timestamp: Tue Apr 14 2026 02:19:50 GMT+0530 (India Standard Time)} @ webpack-internal:///(app-pages-browser)/../../node_modules/.pnpm/posthog-js@1.364.7/node_modules/posthog-js/dist/module.js:22
[   75681ms] [LOG] [PostHog.js] send "$$heatmap" {uuid: 019d889b-9a52-7efc-9181-f03d0541dc0a, event: $$heatmap, properties: Object, timestamp: Tue Apr 14 2026 02:19:52 GMT+0530 (India Standard Time)} @ webpack-internal:///(app-pages-browser)/../../node_modules/.pnpm/posthog-js@1.364.7/node_modules/posthog-js/dist/module.js:22
[   76417ms] [LOG] [PostHog.js] send "$snapshot" {uuid: 019d889b-9d32-7845-adbd-da45fc300ca7, event: $snapshot, properties: Object, timestamp: Tue Apr 14 2026 02:19:52 GMT+0530 (India Standard Time)} @ webpack-internal:///(app-pages-browser)/../../node_modules/.pnpm/posthog-js@1.364.7/node_modules/posthog-js/dist/module.js:22
[   78472ms] [LOG] [PostHog.js] send "$snapshot" {uuid: 019d889b-a539-755f-8f06-44db59b2304c, event: $snapshot, properties: Object, timestamp: Tue Apr 14 2026 02:19:55 GMT+0530 (India Standard Time)} @ webpack-internal:///(app-pages-browser)/../../node_modules/.pnpm/posthog-js@1.364.7/node_modules/posthog-js/dist/module.js:22
[   80532ms] [LOG] [PostHog.js] send "$snapshot" {uuid: 019d889b-ad46-797c-9286-ef32a05f57f7, event: $snapshot, properties: Object, timestamp: Tue Apr 14 2026 02:19:57 GMT+0530 (India Standard Time)} @ webpack-internal:///(app-pages-browser)/../../node_modules/.pnpm/posthog-js@1.364.7/node_modules/posthog-js/dist/module.js:22
[   88262ms] [LOG] [PostHog.js] send "$snapshot" {uuid: 019d889b-cb77-794c-8c92-db59ba768232, event: $snapshot, properties: Object, timestamp: Tue Apr 14 2026 02:20:04 GMT+0530 (India Standard Time)} @ webpack-internal:///(app-pages-browser)/../../node_modules/.pnpm/posthog-js@1.364.7/node_modules/posthog-js/dist/module.js:22
[   90314ms] [LOG] [PostHog.js] send "$snapshot" {uuid: 019d889b-d37b-70bd-8532-0ee8641c27ca, event: $snapshot, properties: Object, timestamp: Tue Apr 14 2026 02:20:06 GMT+0530 (India Standard Time)} @ webpack-internal:///(app-pages-browser)/../../node_modules/.pnpm/posthog-js@1.364.7/node_modules/posthog-js/dist/module.js:22
[   90681ms] [LOG] [PostHog.js] send "$$heatmap" {uuid: 019d889b-d4ea-7a19-baf8-18dfd917fdfd, event: $$heatmap, properties: Object, timestamp: Tue Apr 14 2026 02:20:07 GMT+0530 (India Standard Time)} @ webpack-internal:///(app-pages-browser)/../../node_modules/.pnpm/posthog-js@1.364.7/node_modules/posthog-js/dist/module.js:22
[  107925ms] [LOG] [PostHog.js] send "$snapshot" {uuid: 019d889c-1847-7480-b55e-9366e767ff2c, event: $snapshot, properties: Object, timestamp: Tue Apr 14 2026 02:20:24 GMT+0530 (India Standard Time)} @ webpack-internal:///(app-pages-browser)/../../node_modules/.pnpm/posthog-js@1.364.7/node_modules/posthog-js/dist/module.js:22
[  123412ms] [LOG] [PostHog.js] send "$snapshot" {uuid: 019d889c-54c5-7152-9c00-5d9544b60eb6, event: $snapshot, properties: Object, timestamp: Tue Apr 14 2026 02:20:39 GMT+0530 (India Standard Time)} @ webpack-internal:///(app-pages-browser)/../../node_modules/.pnpm/posthog-js@1.364.7/node_modules/posthog-js/dist/module.js:22
[  198423ms] [LOG] [PostHog.js] send "$snapshot" {uuid: 019d889d-79c8-7dce-9922-6a00769d0af6, event: $snapshot, properties: Object, timestamp: Tue Apr 14 2026 02:21:54 GMT+0530 (India Standard Time)} @ webpack-internal:///(app-pages-browser)/../../node_modules/.pnpm/posthog-js@1.364.7/node_modules/posthog-js/dist/module.js:22
[  200451ms] [LOG] [PostHog.js] send "$snapshot" {uuid: 019d889d-81b4-75fb-a292-2a00b5175715, event: $snapshot, properties: Object, timestamp: Tue Apr 14 2026 02:21:56 GMT+0530 (India Standard Time)} @ webpack-internal:///(app-pages-browser)/../../node_modules/.pnpm/posthog-js@1.364.7/node_modules/posthog-js/dist/module.js:22
[  200683ms] [LOG] [PostHog.js] send "$$heatmap" {uuid: 019d889d-829a-794c-84ad-71e50f9368cf, event: $$heatmap, properties: Object, timestamp: Tue Apr 14 2026 02:21:57 GMT+0530 (India Standard Time)} @ webpack-internal:///(app-pages-browser)/../../node_modules/.pnpm/posthog-js@1.364.7/node_modules/posthog-js/dist/module.js:22
[  204560ms] [LOG] [PostHog.js] send "$snapshot" {uuid: 019d889d-91c1-7bb6-a27a-d88d2dbfccbb, event: $snapshot, properties: Object, timestamp: Tue Apr 14 2026 02:22:01 GMT+0530 (India Standard Time)} @ webpack-internal:///(app-pages-browser)/../../node_modules/.pnpm/posthog-js@1.364.7/node_modules/posthog-js/dist/module.js:22
[  206588ms] [LOG] [PostHog.js] send "$snapshot" {uuid: 019d889d-99ad-7d91-92a1-3731461f1f2d, event: $snapshot, properties: Object, timestamp: Tue Apr 14 2026 02:22:03 GMT+0530 (India Standard Time)} @ webpack-internal:///(app-pages-browser)/../../node_modules/.pnpm/posthog-js@1.364.7/node_modules/posthog-js/dist/module.js:22
[  208649ms] [LOG] [PostHog.js] send "$snapshot" {uuid: 019d889d-a1ba-7f50-94fe-043a2da84fac, event: $snapshot, properties: Object, timestamp: Tue Apr 14 2026 02:22:05 GMT+0530 (India Standard Time)} @ webpack-internal:///(app-pages-browser)/../../node_modules/.pnpm/posthog-js@1.364.7/node_modules/posthog-js/dist/module.js:22
[  213483ms] [LOG] [PostHog.js] send "$snapshot" {uuid: 019d889d-b49c-7236-ae9c-f8fc49db4b3d, event: $snapshot, properties: Object, timestamp: Tue Apr 14 2026 02:22:10 GMT+0530 (India Standard Time)} @ webpack-internal:///(app-pages-browser)/../../node_modules/.pnpm/posthog-js@1.364.7/node_modules/posthog-js/dist/module.js:22
[  215681ms] [LOG] [PostHog.js] send "$$heatmap" {uuid: 019d889d-bd32-7744-89de-a3d016b69a6b, event: $$heatmap, properties: Object, timestamp: Tue Apr 14 2026 02:22:12 GMT+0530 (India Standard Time)} @ webpack-internal:///(app-pages-browser)/../../node_modules/.pnpm/posthog-js@1.364.7/node_modules/posthog-js/dist/module.js:22
[  216483ms] [LOG] [PostHog.js] send "$web_vitals" {uuid: 019d889d-c054-7c60-a165-cee2cb6415df, event: $web_vitals, properties: Object, timestamp: Tue Apr 14 2026 02:22:13 GMT+0530 (India Standard Time)} @ webpack-internal:///(app-pages-browser)/../../node_modules/.pnpm/posthog-js@1.364.7/node_modules/posthog-js/dist/module.js:22
[  247127ms] [LOG] [PostHog.js] send "$snapshot" {uuid: 019d889e-3808-7740-bc63-42239e19107c, event: $snapshot, properties: Object, timestamp: Tue Apr 14 2026 02:22:43 GMT+0530 (India Standard Time)} @ webpack-internal:///(app-pages-browser)/../../node_modules/.pnpm/posthog-js@1.364.7/node_modules/posthog-js/dist/module.js:22
[  249195ms] [LOG] [PostHog.js] send "$snapshot" {uuid: 019d889e-401c-773e-988b-c0a4737607a9, event: $snapshot, properties: Object, timestamp: Tue Apr 14 2026 02:22:45 GMT+0530 (India Standard Time)} @ webpack-internal:///(app-pages-browser)/../../node_modules/.pnpm/posthog-js@1.364.7/node_modules/posthog-js/dist/module.js:22
[  250681ms] [LOG] [PostHog.js] send "$$heatmap" {uuid: 019d889e-45e9-783a-aadf-4ebfbaadd49c, event: $$heatmap, properties: Object, timestamp: Tue Apr 14 2026 02:22:47 GMT+0530 (India Standard Time)} @ webpack-internal:///(app-pages-browser)/../../node_modules/.pnpm/posthog-js@1.364.7/node_modules/posthog-js/dist/module.js:22
[  251211ms] [LOG] [PostHog.js] send "$snapshot" {uuid: 019d889e-47fd-781d-83f4-2a0aa7ba2b15, event: $snapshot, properties: Object, timestamp: Tue Apr 14 2026 02:22:47 GMT+0530 (India Standard Time)} @ webpack-internal:///(app-pages-browser)/../../node_modules/.pnpm/posthog-js@1.364.7/node_modules/posthog-js/dist/module.js:22
[  253228ms] [LOG] [PostHog.js] send "$snapshot" {uuid: 019d889e-4fdd-7de4-990f-30d7b36562e6, event: $snapshot, properties: Object, timestamp: Tue Apr 14 2026 02:22:49 GMT+0530 (India Standard Time)} @ webpack-internal:///(app-pages-browser)/../../node_modules/.pnpm/posthog-js@1.364.7/node_modules/posthog-js/dist/module.js:22
[  255248ms] [LOG] [PostHog.js] send "$snapshot" {uuid: 019d889e-57c2-7ccd-bd81-db91e843be8b, event: $snapshot, properties: Object, timestamp: Tue Apr 14 2026 02:22:51 GMT+0530 (India Standard Time)} @ webpack-internal:///(app-pages-browser)/../../node_modules/.pnpm/posthog-js@1.364.7/node_modules/posthog-js/dist/module.js:22
[  255680ms] [LOG] [PostHog.js] send "$$heatmap" {uuid: 019d889e-5970-7a9f-b797-ac8c7d837daa, event: $$heatmap, properties: Object, timestamp: Tue Apr 14 2026 02:22:52 GMT+0530 (India Standard Time)} @ webpack-internal:///(app-pages-browser)/../../node_modules/.pnpm/posthog-js@1.364.7/node_modules/posthog-js/dist/module.js:22
[  257575ms] [LOG] [PostHog.js] send "$snapshot" {uuid: 019d889e-60d9-70c0-a238-a53cd8ad62a9, event: $snapshot, properties: Object, timestamp: Tue Apr 14 2026 02:22:54 GMT+0530 (India Standard Time)} @ webpack-internal:///(app-pages-browser)/../../node_modules/.pnpm/posthog-js@1.364.7/node_modules/posthog-js/dist/module.js:22
[  259621ms] [LOG] [PostHog.js] send "$snapshot" {uuid: 019d889e-68d6-7a79-9a8b-43da4abc6ace, event: $snapshot, properties: Object, timestamp: Tue Apr 14 2026 02:22:56 GMT+0530 (India Standard Time)} @ webpack-internal:///(app-pages-browser)/../../node_modules/.pnpm/posthog-js@1.364.7/node_modules/posthog-js/dist/module.js:22
[  261816ms] [LOG] [PostHog.js] send "$snapshot" {uuid: 019d889e-7169-7396-818d-38e090f9f5c0, event: $snapshot, properties: Object, timestamp: Tue Apr 14 2026 02:22:58 GMT+0530 (India Standard Time)} @ webpack-internal:///(app-pages-browser)/../../node_modules/.pnpm/posthog-js@1.364.7/node_modules/posthog-js/dist/module.js:22
[  263849ms] [LOG] [PostHog.js] send "$snapshot" {uuid: 019d889e-795a-751b-9595-9f301cf0e68c, event: $snapshot, properties: Object, timestamp: Tue Apr 14 2026 02:23:00 GMT+0530 (India Standard Time)} @ webpack-internal:///(app-pages-browser)/../../node_modules/.pnpm/posthog-js@1.364.7/node_modules/posthog-js/dist/module.js:22
[  266212ms] [LOG] [PostHog.js] send "$snapshot" {uuid: 019d889e-8296-78c1-afe9-bb1bdb6bdbcd, event: $snapshot, properties: Object, timestamp: Tue Apr 14 2026 02:23:02 GMT+0530 (India Standard Time)} @ webpack-internal:///(app-pages-browser)/../../node_modules/.pnpm/posthog-js@1.364.7/node_modules/posthog-js/dist/module.js:22
[  268258ms] [LOG] [PostHog.js] send "$snapshot" {uuid: 019d889e-8a94-7b2f-800d-7dee97f68fbe, event: $snapshot, properties: Object, timestamp: Tue Apr 14 2026 02:23:04 GMT+0530 (India Standard Time)} @ webpack-internal:///(app-pages-browser)/../../node_modules/.pnpm/posthog-js@1.364.7/node_modules/posthog-js/dist/module.js:22
[  269280ms] [LOG] [PostHog.js] send "$autocapture" {uuid: 019d889e-8e91-75e2-b701-10402ffd2cab, event: $autocapture, properties: Object, timestamp: Tue Apr 14 2026 02:23:05 GMT+0530 (India Standard Time)} @ webpack-internal:///(app-pages-browser)/../../node_modules/.pnpm/posthog-js@1.364.7/node_modules/posthog-js/dist/module.js:22
[  270680ms] [LOG] [PostHog.js] send "$autocapture" {uuid: 019d889e-9408-7361-bcee-3caa064a57c1, event: $autocapture, properties: Object, timestamp: Tue Apr 14 2026 02:23:07 GMT+0530 (India Standard Time)} @ webpack-internal:///(app-pages-browser)/../../node_modules/.pnpm/posthog-js@1.364.7/node_modules/posthog-js/dist/module.js:22
[  270694ms] [LOG] [PostHog.js] send "$$heatmap" {uuid: 019d889e-9417-788c-8630-42e3f4d7f40d, event: $$heatmap, properties: Object, timestamp: Tue Apr 14 2026 02:23:07 GMT+0530 (India Standard Time)} @ webpack-internal:///(app-pages-browser)/../../node_modules/.pnpm/posthog-js@1.364.7/node_modules/posthog-js/dist/module.js:22
[  271182ms] [LOG] [PostHog.js] send "$snapshot" {uuid: 019d889e-95ff-7aea-9b25-a72470131781, event: $snapshot, properties: Object, timestamp: Tue Apr 14 2026 02:23:07 GMT+0530 (India Standard Time)} @ webpack-internal:///(app-pages-browser)/../../node_modules/.pnpm/posthog-js@1.364.7/node_modules/posthog-js/dist/module.js:22
[  271466ms] [LOG] [PostHog.js] send "$autocapture" {uuid: 019d889e-971a-7e8e-8e02-c34d15d6bf8f, event: $autocapture, properties: Object, timestamp: Tue Apr 14 2026 02:23:07 GMT+0530 (India Standard Time)} @ webpack-internal:///(app-pages-browser)/../../node_modules/.pnpm/posthog-js@1.364.7/node_modules/posthog-js/dist/module.js:22
[  272571ms] [LOG] [PostHog.js] send "$autocapture" {uuid: 019d889e-9b6c-7c81-b25c-6e5add61b83c, event: $autocapture, properties: Object, timestamp: Tue Apr 14 2026 02:23:09 GMT+0530 (India Standard Time)} @ webpack-internal:///(app-pages-browser)/../../node_modules/.pnpm/posthog-js@1.364.7/node_modules/posthog-js/dist/module.js:22
[  272999ms] [LOG] [PostHog.js] send "$autocapture" {uuid: 019d889e-9d17-7ccc-ba76-465471f05cc2, event: $autocapture, properties: Object, timestamp: Tue Apr 14 2026 02:23:09 GMT+0530 (India Standard Time)} @ webpack-internal:///(app-pages-browser)/../../node_modules/.pnpm/posthog-js@1.364.7/node_modules/posthog-js/dist/module.js:22
[  273373ms] [LOG] [PostHog.js] send "$snapshot" {uuid: 019d889e-9e8e-70d9-ac40-da06e409364e, event: $snapshot, properties: Object, timestamp: Tue Apr 14 2026 02:23:09 GMT+0530 (India Standard Time)} @ webpack-internal:///(app-pages-browser)/../../node_modules/.pnpm/posthog-js@1.364.7/node_modules/posthog-js/dist/module.js:22
[  275681ms] [LOG] [PostHog.js] send "$$heatmap" {uuid: 019d889e-a792-7caf-a83f-b0f0d260b156, event: $$heatmap, properties: Object, timestamp: Tue Apr 14 2026 02:23:12 GMT+0530 (India Standard Time)} @ webpack-internal:///(app-pages-browser)/../../node_modules/.pnpm/posthog-js@1.364.7/node_modules/posthog-js/dist/module.js:22
[  275952ms] [LOG] [PostHog.js] send "$snapshot" {uuid: 019d889e-a8a1-7da6-9e63-dc09199e12ee, event: $snapshot, properties: Object, timestamp: Tue Apr 14 2026 02:23:12 GMT+0530 (India Standard Time)} @ webpack-internal:///(app-pages-browser)/../../node_modules/.pnpm/posthog-js@1.364.7/node_modules/posthog-js/dist/module.js:22
[  279024ms] [LOG] [PostHog.js] send "$snapshot" {uuid: 019d889e-b4a1-7150-abea-aa6d8837fff0, event: $snapshot, properties: Object, timestamp: Tue Apr 14 2026 02:23:15 GMT+0530 (India Standard Time)} @ webpack-internal:///(app-pages-browser)/../../node_modules/.pnpm/posthog-js@1.364.7/node_modules/posthog-js/dist/module.js:22
[  280680ms] [LOG] [PostHog.js] send "$$heatmap" {uuid: 019d889e-bb19-720c-b8f2-4d7c48055d97, event: $$heatmap, properties: Object, timestamp: Tue Apr 14 2026 02:23:17 GMT+0530 (India Standard Time)} @ webpack-internal:///(app-pages-browser)/../../node_modules/.pnpm/posthog-js@1.364.7/node_modules/posthog-js/dist/module.js:22
[  282062ms] [LOG] [PostHog.js] send "$snapshot" {uuid: 019d889e-c080-769b-b3cc-fc7ad6405035, event: $snapshot, properties: Object, timestamp: Tue Apr 14 2026 02:23:18 GMT+0530 (India Standard Time)} @ webpack-internal:///(app-pages-browser)/../../node_modules/.pnpm/posthog-js@1.364.7/node_modules/posthog-js/dist/module.js:22
[  284344ms] [LOG] [PostHog.js] send "$snapshot" {uuid: 019d889e-c969-70a8-a29f-99d6cb902347, event: $snapshot, properties: Object, timestamp: Tue Apr 14 2026 02:23:20 GMT+0530 (India Standard Time)} @ webpack-internal:///(app-pages-browser)/../../node_modules/.pnpm/posthog-js@1.364.7/node_modules/posthog-js/dist/module.js:22
[  286361ms] [LOG] [PostHog.js] send "$snapshot" {uuid: 019d889e-d14a-782f-ba2f-b1dedd2cb259, event: $snapshot, properties: Object, timestamp: Tue Apr 14 2026 02:23:22 GMT+0530 (India Standard Time)} @ webpack-internal:///(app-pages-browser)/../../node_modules/.pnpm/posthog-js@1.364.7/node_modules/posthog-js/dist/module.js:22
[  288893ms] [LOG] [Fast Refresh] rebuilding @ https://us-assets.i.posthog.com/static/posthog-recorder.js?v=1.364.7:0
[  289305ms] [LOG] [Fast Refresh] done in 413ms @ https://us-assets.i.posthog.com/static/posthog-recorder.js?v=1.364.7:0
[  290895ms] [LOG] [PostHog.js] send "$snapshot" {uuid: 019d889e-e301-7185-b9f5-5a4ef21ac1c9, event: $snapshot, properties: Object, timestamp: Tue Apr 14 2026 02:23:27 GMT+0530 (India Standard Time)} @ webpack-internal:///(app-pages-browser)/../../node_modules/.pnpm/posthog-js@1.364.7/node_modules/posthog-js/dist/module.js:22
[  296467ms] [LOG] [PostHog.js] send "$snapshot" {uuid: 019d889e-f8c5-7f1d-a1ae-f45b9492c85c, event: $snapshot, properties: Object, timestamp: Tue Apr 14 2026 02:23:32 GMT+0530 (India Standard Time)} @ webpack-internal:///(app-pages-browser)/../../node_modules/.pnpm/posthog-js@1.364.7/node_modules/posthog-js/dist/module.js:22
[  302694ms] [LOG] [PostHog.js] send "$snapshot" {uuid: 019d889f-1118-7db9-9d06-9d134de8a624, event: $snapshot, properties: Object, timestamp: Tue Apr 14 2026 02:23:39 GMT+0530 (India Standard Time)} @ webpack-internal:///(app-pages-browser)/../../node_modules/.pnpm/posthog-js@1.364.7/node_modules/posthog-js/dist/module.js:22
[  310232ms] [LOG] [PostHog.js] send "$snapshot" {uuid: 019d889f-2e89-7479-9b7d-08e0c09e5d14, event: $snapshot, properties: Object, timestamp: Tue Apr 14 2026 02:23:46 GMT+0530 (India Standard Time)} @ webpack-internal:///(app-pages-browser)/../../node_modules/.pnpm/posthog-js@1.364.7/node_modules/posthog-js/dist/module.js:22
[  310682ms] [LOG] [PostHog.js] send "$$heatmap" {uuid: 019d889f-304a-7cbc-ba23-4f8ecdb68fcb, event: $$heatmap, properties: Object, timestamp: Tue Apr 14 2026 02:23:47 GMT+0530 (India Standard Time)} @ webpack-internal:///(app-pages-browser)/../../node_modules/.pnpm/posthog-js@1.364.7/node_modules/posthog-js/dist/module.js:22
[  324387ms] [LOG] [PostHog.js] send "$snapshot" {uuid: 019d889f-65d5-7f93-813b-0e70d01c1d62, event: $snapshot, properties: Object, timestamp: Tue Apr 14 2026 02:24:00 GMT+0530 (India Standard Time)} @ webpack-internal:///(app-pages-browser)/../../node_modules/.pnpm/posthog-js@1.364.7/node_modules/posthog-js/dist/module.js:22
[  325680ms] [LOG] [PostHog.js] send "$$heatmap" {uuid: 019d889f-6ae1-787b-85f9-e6f59eb1adaa, event: $$heatmap, properties: Object, timestamp: Tue Apr 14 2026 02:24:02 GMT+0530 (India Standard Time)} @ webpack-internal:///(app-pages-browser)/../../node_modules/.pnpm/posthog-js@1.364.7/node_modules/posthog-js/dist/module.js:22
[  330338ms] [LOG] [PostHog.js] send "$snapshot" {uuid: 019d889f-7d13-7c77-814b-65197f54b9ff, event: $snapshot, properties: Object, timestamp: Tue Apr 14 2026 02:24:06 GMT+0530 (India Standard Time)} @ webpack-internal:///(app-pages-browser)/../../node_modules/.pnpm/posthog-js@1.364.7/node_modules/posthog-js/dist/module.js:22
[  330680ms] [LOG] [PostHog.js] send "$$heatmap" {uuid: 019d889f-7e68-7aa2-be53-2238da20f5fa, event: $$heatmap, properties: Object, timestamp: Tue Apr 14 2026 02:24:07 GMT+0530 (India Standard Time)} @ webpack-internal:///(app-pages-browser)/../../node_modules/.pnpm/posthog-js@1.364.7/node_modules/posthog-js/dist/module.js:22
[  343094ms] [LOG] [Fast Refresh] rebuilding @ https://us-assets.i.posthog.com/static/posthog-recorder.js?v=1.364.7:0
[  343375ms] [WARNING] [Fast Refresh] performing full reload

Fast Refresh will perform a full reload when you edit a file that's imported by modules outside of the React rendering tree.
You might have a file which exports a React component but also exports a value that is imported by a non-React component file.
Consider migrating the non-React component export to a separate file and importing it into both files.

It is also possible the parent component of the component you edited is a class component, which disables Fast Refresh.
Fast Refresh requires at least one parent function component in your React tree. @ https://us-assets.i.posthog.com/static/posthog-recorder.js?v=1.364.7:0
[  343376ms] [LOG] [PostHog.js] send "$snapshot" {uuid: 019d889f-b001-7ad6-9bc2-792f2b7e6f02, event: $snapshot, properties: Object, timestamp: Tue Apr 14 2026 02:24:19 GMT+0530 (India Standard Time)} @ webpack-internal:///(app-pages-browser)/../../node_modules/.pnpm/posthog-js@1.364.7/node_modules/posthog-js/dist/module.js:22
[  343727ms] [LOG] [PostHog.js] send "$pageleave" {uuid: 019d889f-b160-7141-af98-665ad67293c0, event: $pageleave, properties: Object, timestamp: Tue Apr 14 2026 02:24:20 GMT+0530 (India Standard Time)} @ webpack-internal:///(app-pages-browser)/../../node_modules/.pnpm/posthog-js@1.364.7/node_modules/posthog-js/dist/module.js:22
[  343953ms] [INFO] %cDownload the React DevTools for a better development experience: https://react.dev/link/react-devtools font-weight:bold @ webpack-internal:///(app-pages-browser)/../../node_modules/.pnpm/next@15.5.14_@opentelemetry+api@1.9.1_react-dom@18.3.1_react@18.2.0__react@18.2.0/node_modules/next/dist/compiled/react-dom/cjs/react-dom-client.development.js:25630
[  344079ms] [LOG] [GTM Event] clear_ecommerce {ecommerce: null} @ webpack-internal:///(app-pages-browser)/./lib/hooks/useGTM.ts:16
[  344079ms] [LOG] [GTM Event] view_item {ecommerce: Object} @ webpack-internal:///(app-pages-browser)/./lib/hooks/useGTM.ts:16
[  344081ms] [LOG] [AuthProvider] Mounting, starting hydration @ webpack-internal:///(app-pages-browser)/./components/providers/AuthProvider.tsx:35
[  344081ms] [LOG] [auth-store] isFreshLogin: false URL: http://localhost:3000/services/gst-registration @ webpack-internal:///(app-pages-browser)/./lib/stores/auth-store.ts:205
[  344081ms] [LOG] [auth-store] refreshSession starting @ webpack-internal:///(app-pages-browser)/./lib/stores/auth-store.ts:209
[  344181ms] [LOG] [auth-store] getSession result: no session @ webpack-internal:///(app-pages-browser)/./lib/stores/auth-store.ts:213
[  344186ms] [LOG] [AuthProvider] Initial hydration complete @ webpack-internal:///(app-pages-browser)/./components/providers/AuthProvider.tsx:40
[  344233ms] [LOG] [AuthProvider] Auth event: INITIAL_SESSION @ webpack-internal:///(app-pages-browser)/./components/providers/AuthProvider.tsx:46
[  344236ms] [LOG] [PostHog.js] set_config {config: Object, oldConfig: Object, newConfig: Object} @ webpack-internal:///(app-pages-browser)/../../node_modules/.pnpm/posthog-js@1.364.7/node_modules/posthog-js/dist/module.js:22
[  344236ms] [LOG] [PostHog.js] Persistence loaded localStorage+cookie {$device_id: 019d5401-510f-7d21-a410-204e78f58700, distinct_id: 019d5401-510f-7d21-a410-204e78f58700, $sesid: Array(3), $initial_person_info: Object, $user_state: anonymous} @ webpack-internal:///(app-pages-browser)/../../node_modules/.pnpm/posthog-js@1.364.7/node_modules/posthog-js/dist/module.js:22
[  344237ms] [LOG] [PostHog.js] Persistence loaded sessionStorage {$sdk_debug_extensions_init_method: synchronous, $sdk_debug_extensions_init_time_ms: 1, $sdk_debug_replay_remote_trigger_matching_config: null, $sdk_debug_replay_event_trigger_status: trigger_disabled, $sdk_debug_replay_url_trigger_status: trigger_disabled} @ webpack-internal:///(app-pages-browser)/../../node_modules/.pnpm/posthog-js@1.364.7/node_modules/posthog-js/dist/module.js:22
[  344237ms] [LOG] [PostHog.js] Initializing extensions synchronously @ webpack-internal:///(app-pages-browser)/../../node_modules/.pnpm/posthog-js@1.364.7/node_modules/posthog-js/dist/module.js:22
[  344238ms] [LOG] [PostHog.js] [Web Vitals] enabled, starting... @ webpack-internal:///(app-pages-browser)/../../node_modules/.pnpm/posthog-js@1.364.7/node_modules/posthog-js/dist/module.js:22
[  344238ms] [LOG] [PostHog.js] [SessionRecording] starting @ webpack-internal:///(app-pages-browser)/../../node_modules/.pnpm/posthog-js@1.364.7/node_modules/posthog-js/dist/module.js:22
[  344239ms] [LOG] [PostHog.js] [Heatmaps] starting... @ webpack-internal:///(app-pages-browser)/../../node_modules/.pnpm/posthog-js@1.364.7/node_modules/posthog-js/dist/module.js:22
[  344239ms] [LOG] [PostHog.js] Starting in debug mode {this: _n, config: Object, thisC: Object, p: Object, s: Object} @ webpack-internal:///(app-pages-browser)/../../node_modules/.pnpm/posthog-js@1.364.7/node_modules/posthog-js/dist/module.js:22
[  344239ms] [LOG] You're now in debug mode. All calls to PostHog will be logged in your console.
You can disable this with `posthog.debug(false)`. @ webpack-internal:///(app-pages-browser)/../../node_modules/.pnpm/posthog-js@1.364.7/node_modules/posthog-js/dist/module.js:22
[  344239ms] [LOG] [PostHog.js] Persistence loaded sessionStorage {$sdk_debug_extensions_init_method: synchronous, $sdk_debug_extensions_init_time_ms: 1, $sdk_debug_replay_remote_trigger_matching_config: null, $sdk_debug_replay_event_trigger_status: trigger_disabled, $sdk_debug_replay_url_trigger_status: trigger_disabled} @ webpack-internal:///(app-pages-browser)/../../node_modules/.pnpm/posthog-js@1.364.7/node_modules/posthog-js/dist/module.js:22
[  344239ms] [LOG] [PostHog.js] set_config {config: Object, oldConfig: Object, newConfig: Object} @ webpack-internal:///(app-pages-browser)/../../node_modules/.pnpm/posthog-js@1.364.7/node_modules/posthog-js/dist/module.js:22
[  344239ms] [LOG] [PostHog.js] [SessionRecording] starting @ webpack-internal:///(app-pages-browser)/../../node_modules/.pnpm/posthog-js@1.364.7/node_modules/posthog-js/dist/module.js:22
[  344240ms] [LOG] [PostHog.js] [Dead Clicks] starting... @ webpack-internal:///(app-pages-browser)/../../node_modules/.pnpm/posthog-js@1.364.7/node_modules/posthog-js/dist/module.js:22
[  344545ms] [LOG] [PostHog.js] Persistence loaded sessionStorage {$sdk_debug_extensions_init_method: synchronous, $sdk_debug_extensions_init_time_ms: 1, $sdk_debug_replay_remote_trigger_matching_config: null, $sdk_debug_replay_event_trigger_status: trigger_disabled, $sdk_debug_replay_url_trigger_status: trigger_disabled} @ webpack-internal:///(app-pages-browser)/../../node_modules/.pnpm/posthog-js@1.364.7/node_modules/posthog-js/dist/module.js:22
[  344545ms] [LOG] [PostHog.js] set_config {config: Object, oldConfig: Object, newConfig: Object} @ webpack-internal:///(app-pages-browser)/../../node_modules/.pnpm/posthog-js@1.364.7/node_modules/posthog-js/dist/module.js:22
[  344546ms] [LOG] [PostHog.js] [Surveys] flags response received, isSurveysEnabled: false @ webpack-internal:///(app-pages-browser)/../../node_modules/.pnpm/posthog-js@1.364.7/node_modules/posthog-js/dist/module.js:22
[  344546ms] [LOG] [PostHog.js] [Web Vitals] enabled, starting... @ webpack-internal:///(app-pages-browser)/../../node_modules/.pnpm/posthog-js@1.364.7/node_modules/posthog-js/dist/module.js:22
[  344798ms] [LOG] [PostHog.js] [Surveys] Surveys loaded successfully @ webpack-internal:///(app-pages-browser)/../../node_modules/.pnpm/posthog-js@1.364.7/node_modules/posthog-js/dist/module.js:22
[  349972ms] [LOG] [PostHog.js] send "$web_vitals" {uuid: 019d889f-c9c5-7f05-b669-12c5c214367a, event: $web_vitals, properties: Object, timestamp: Tue Apr 14 2026 02:24:26 GMT+0530 (India Standard Time)} @ webpack-internal:///(app-pages-browser)/../../node_modules/.pnpm/posthog-js@1.364.7/node_modules/posthog-js/dist/module.js:22
