[    4705ms] [ERROR] Failed to load resource: the server responded with a status of 404 (Not Found) @ http://localhost:3000/functions/v1/get-public-profile:0
[    4717ms] [ERROR] Failed to load resource: the server responded with a status of 404 (Not Found) @ http://localhost:3000/functions/v1/get-public-profile:0
[   15583ms] [ERROR] Failed to load resource: the server responded with a status of 404 (Not Found) @ http://localhost:3000/functions/v1/get-public-profile:0
[   15596ms] [ERROR] Failed to load resource: the server responded with a status of 404 (Not Found) @ http://localhost:3000/functions/v1/get-public-profile:0
[  106268ms] [WARNING] Skipping auto-scroll behavior due to `position: sticky` or `position: fixed` on element: JSHandle@node @ webpack-internal:///(app-pages-browser)/../../node_modules/.pnpm/next@14.2.18_react-dom@18.3.1_react@18.2.0__react@18.2.0/node_modules/next/dist/client/components/layout-router.js:109
[  214043ms] [ERROR] Failed to load resource: the server responded with a status of 404 (Not Found) @ http://localhost:3000/functions/v1/get-public-profile:0
[  214084ms] [ERROR] Failed to load resource: the server responded with a status of 404 (Not Found) @ http://localhost:3000/functions/v1/get-public-profile:0
[  215211ms] [ERROR] Failed to load resource: the server responded with a status of 404 (Not Found) @ http://localhost:3000/functions/v1/get-public-profile:0
[  215252ms] [ERROR] Failed to load resource: the server responded with a status of 404 (Not Found) @ http://localhost:3000/functions/v1/get-public-profile:0
[  249868ms] [WARNING] Warning: Missing `Description` or `aria-describedby={undefined}` for {DialogContent}. @ webpack-internal:///(app-pages-browser)/../../node_modules/.pnpm/@radix-ui+react-dialog@1.1.15_@types+react-dom@18.3.7_@types+react@18.2.79__@types+reac_69d33ac9bd169b1e9c3d21c403e24021/node_modules/@radix-ui/react-dialog/dist/index.mjs:467
[  249869ms] [WARNING] Warning: Missing `Description` or `aria-describedby={undefined}` for {DialogContent}. @ webpack-internal:///(app-pages-browser)/../../node_modules/.pnpm/@radix-ui+react-dialog@1.1.15_@types+react-dom@18.3.7_@types+react@18.2.79__@types+reac_69d33ac9bd169b1e9c3d21c403e24021/node_modules/@radix-ui/react-dialog/dist/index.mjs:467
[  265227ms] [ERROR] Failed to load resource: the server responded with a status of 500 (Internal Server Error) @ http://localhost:3000/_next/static/css/app/layout.css?v=1773796207362:0
[  265332ms] [ERROR] Failed to load resource: the server responded with a status of 404 (Not Found) @ http://localhost:3000/_next/static/css/app/layout.css?v=1773796209192:0
[  265365ms] Event
[  268555ms] [WARNING] The resource http://localhost:3000/_next/static/css/app/layout.css?v=1773796207362 was preloaded using link preload but not used within a few seconds from the window's load event. Please make sure it has an appropriate `as` value and it is preloaded intentionally. @ http://localhost:3000/:0
[  272199ms] [ERROR] Failed to load resource: the server responded with a status of 404 (Not Found) @ http://localhost:3000/_next/static/css/app/layout.css?v=1773796216062:0
[  272231ms] Event
[  275202ms] [WARNING] The resource http://localhost:3000/_next/static/css/app/layout.css?v=1773796207362 was preloaded using link preload but not used within a few seconds from the window's load event. Please make sure it has an appropriate `as` value and it is preloaded intentionally. @ http://localhost:3000/:0
[  289079ms] [ERROR] Failed to load resource: the server responded with a status of 404 (Not Found) @ http://localhost:3000/functions/v1/get-public-profile:0
[  289091ms] [ERROR] Failed to load resource: the server responded with a status of 404 (Not Found) @ http://localhost:3000/functions/v1/get-public-profile:0
