[      55ms] [LOG] [PostHog.js] send "$snapshot" {uuid: 019d88a6-577b-7d31-b55b-0afab6a09b2b, event: $snapshot, properties: Object, timestamp: Tue Apr 14 2026 02:31:35 GMT+0530 (India Standard Time)} @ webpack-internal:///(app-pages-browser)/../../node_modules/.pnpm/posthog-js@1.364.7/node_modules/posthog-js/dist/module.js:22
[     374ms] [LOG] [PostHog.js] send "$pageleave" {uuid: 019d88a6-58ba-7be1-bbc8-9ec1113a6f26, event: $pageleave, properties: Object, timestamp: Tue Apr 14 2026 02:31:36 GMT+0530 (India Standard Time)} @ webpack-internal:///(app-pages-browser)/../../node_modules/.pnpm/posthog-js@1.364.7/node_modules/posthog-js/dist/module.js:22
[     384ms] [ERROR] [PostHog.js] TypeError: Failed to fetch
    at method (webpack-internal:///(app-pages-browser)/../../node_modules/.pnpm/posthog-js@1.364.7/node_modules/posthog-js/dist/module.js:23:53844)
    at eval (webpack-internal:///(app-pages-browser)/../../node_modules/.pnpm/posthog-js@1.364.7/node_modules/posthog-js/dist/module.js:23:81998) @ webpack-internal:///(app-pages-browser)/../../node_modules/.pnpm/next@15.5.14_@opentelemetry+api@1.9.1_react-dom@18.3.1_react@18.2.0__react@18.2.0/node_modules/next/dist/next-devtools/userspace/app/errors/intercept-console-error.js:56
[     385ms] [WARNING] [PostHog.js] Enqueued failed request for retry in 3626 @ webpack-internal:///(app-pages-browser)/../../node_modules/.pnpm/posthog-js@1.364.7/node_modules/posthog-js/dist/module.js:22
[     886ms] [INFO] %cDownload the React DevTools for a better development experience: https://react.dev/link/react-devtools font-weight:bold @ webpack-internal:///(app-pages-browser)/../../node_modules/.pnpm/next@15.5.14_@opentelemetry+api@1.9.1_react-dom@18.3.1_react@18.2.0__react@18.2.0/node_modules/next/dist/compiled/react-dom/cjs/react-dom-client.development.js:25630
[    1008ms] [LOG] [GTM Event] clear_ecommerce {ecommerce: null} @ webpack-internal:///(app-pages-browser)/./lib/hooks/useGTM.ts:16
[    1008ms] [LOG] [GTM Event] view_item {ecommerce: Object} @ webpack-internal:///(app-pages-browser)/./lib/hooks/useGTM.ts:16
[    1009ms] [LOG] [AuthProvider] Mounting, starting hydration @ webpack-internal:///(app-pages-browser)/./components/providers/AuthProvider.tsx:35
[    1009ms] [LOG] [auth-store] isFreshLogin: false URL: http://localhost:3000/services/gst-registration @ webpack-internal:///(app-pages-browser)/./lib/stores/auth-store.ts:205
[    1009ms] [LOG] [auth-store] refreshSession starting @ webpack-internal:///(app-pages-browser)/./lib/stores/auth-store.ts:209
[    1087ms] [LOG] [auth-store] getSession result: no session @ webpack-internal:///(app-pages-browser)/./lib/stores/auth-store.ts:213
[    1093ms] [LOG] [AuthProvider] Initial hydration complete @ webpack-internal:///(app-pages-browser)/./components/providers/AuthProvider.tsx:40
[    1093ms] [LOG] [AuthProvider] Auth event: INITIAL_SESSION @ webpack-internal:///(app-pages-browser)/./components/providers/AuthProvider.tsx:46
[    1164ms] [LOG] [PostHog.js] set_config {config: Object, oldConfig: Object, newConfig: Object} @ webpack-internal:///(app-pages-browser)/../../node_modules/.pnpm/posthog-js@1.364.7/node_modules/posthog-js/dist/module.js:22
[    1165ms] [LOG] [PostHog.js] Persistence loaded localStorage+cookie {$device_id: 019d5401-510f-7d21-a410-204e78f58700, distinct_id: 019d5401-510f-7d21-a410-204e78f58700, $sesid: Array(3), $initial_person_info: Object, $user_state: anonymous} @ webpack-internal:///(app-pages-browser)/../../node_modules/.pnpm/posthog-js@1.364.7/node_modules/posthog-js/dist/module.js:22
[    1165ms] [LOG] [PostHog.js] Persistence loaded sessionStorage {$sdk_debug_extensions_init_method: synchronous, $sdk_debug_extensions_init_time_ms: 2, $sdk_debug_replay_remote_trigger_matching_config: null, $sdk_debug_replay_event_trigger_status: trigger_disabled, $sdk_debug_replay_url_trigger_status: trigger_disabled} @ webpack-internal:///(app-pages-browser)/../../node_modules/.pnpm/posthog-js@1.364.7/node_modules/posthog-js/dist/module.js:22
[    1165ms] [LOG] [PostHog.js] Initializing extensions synchronously @ webpack-internal:///(app-pages-browser)/../../node_modules/.pnpm/posthog-js@1.364.7/node_modules/posthog-js/dist/module.js:22
[    1166ms] [LOG] [PostHog.js] [Web Vitals] enabled, starting... @ webpack-internal:///(app-pages-browser)/../../node_modules/.pnpm/posthog-js@1.364.7/node_modules/posthog-js/dist/module.js:22
[    1166ms] [LOG] [PostHog.js] [SessionRecording] starting @ webpack-internal:///(app-pages-browser)/../../node_modules/.pnpm/posthog-js@1.364.7/node_modules/posthog-js/dist/module.js:22
[    1166ms] [LOG] [PostHog.js] [Heatmaps] starting... @ webpack-internal:///(app-pages-browser)/../../node_modules/.pnpm/posthog-js@1.364.7/node_modules/posthog-js/dist/module.js:22
[    1166ms] [LOG] [PostHog.js] Starting in debug mode {this: _n, config: Object, thisC: Object, p: Object, s: Object} @ webpack-internal:///(app-pages-browser)/../../node_modules/.pnpm/posthog-js@1.364.7/node_modules/posthog-js/dist/module.js:22
[    1166ms] [LOG] You're now in debug mode. All calls to PostHog will be logged in your console.
You can disable this with `posthog.debug(false)`. @ webpack-internal:///(app-pages-browser)/../../node_modules/.pnpm/posthog-js@1.364.7/node_modules/posthog-js/dist/module.js:22
[    1167ms] [LOG] [PostHog.js] Persistence loaded sessionStorage {$sdk_debug_extensions_init_method: synchronous, $sdk_debug_extensions_init_time_ms: 1, $sdk_debug_replay_remote_trigger_matching_config: null, $sdk_debug_replay_event_trigger_status: trigger_disabled, $sdk_debug_replay_url_trigger_status: trigger_disabled} @ webpack-internal:///(app-pages-browser)/../../node_modules/.pnpm/posthog-js@1.364.7/node_modules/posthog-js/dist/module.js:22
[    1167ms] [LOG] [PostHog.js] set_config {config: Object, oldConfig: Object, newConfig: Object} @ webpack-internal:///(app-pages-browser)/../../node_modules/.pnpm/posthog-js@1.364.7/node_modules/posthog-js/dist/module.js:22
[    1167ms] [LOG] [PostHog.js] [SessionRecording] starting @ webpack-internal:///(app-pages-browser)/../../node_modules/.pnpm/posthog-js@1.364.7/node_modules/posthog-js/dist/module.js:22
[    1197ms] [LOG] [PostHog.js] [Dead Clicks] starting... @ webpack-internal:///(app-pages-browser)/../../node_modules/.pnpm/posthog-js@1.364.7/node_modules/posthog-js/dist/module.js:22
[    1197ms] [LOG] [PostHog.js] Persistence loaded sessionStorage {$sdk_debug_extensions_init_method: synchronous, $sdk_debug_extensions_init_time_ms: 1, $sdk_debug_replay_remote_trigger_matching_config: null, $sdk_debug_replay_event_trigger_status: trigger_disabled, $sdk_debug_replay_url_trigger_status: trigger_disabled} @ webpack-internal:///(app-pages-browser)/../../node_modules/.pnpm/posthog-js@1.364.7/node_modules/posthog-js/dist/module.js:22
[    1197ms] [LOG] [PostHog.js] set_config {config: Object, oldConfig: Object, newConfig: Object} @ webpack-internal:///(app-pages-browser)/../../node_modules/.pnpm/posthog-js@1.364.7/node_modules/posthog-js/dist/module.js:22
[    1197ms] [LOG] [PostHog.js] [Surveys] flags response received, isSurveysEnabled: false @ webpack-internal:///(app-pages-browser)/../../node_modules/.pnpm/posthog-js@1.364.7/node_modules/posthog-js/dist/module.js:22
[    1202ms] [LOG] [PostHog.js] [Surveys] Surveys loaded successfully @ webpack-internal:///(app-pages-browser)/../../node_modules/.pnpm/posthog-js@1.364.7/node_modules/posthog-js/dist/module.js:22
[    6169ms] [LOG] [PostHog.js] send "$web_vitals" {uuid: 019d88a6-6f5d-7ef3-b8dc-bc86d319dffd, event: $web_vitals, properties: Object, timestamp: Tue Apr 14 2026 02:31:42 GMT+0530 (India Standard Time)} @ webpack-internal:///(app-pages-browser)/../../node_modules/.pnpm/posthog-js@1.364.7/node_modules/posthog-js/dist/module.js:22
[    9943ms] [LOG] [PostHog.js] send "$snapshot" {uuid: 019d88a6-7e1c-7b29-9813-08339184771c, event: $snapshot, properties: Object, timestamp: Tue Apr 14 2026 02:31:45 GMT+0530 (India Standard Time)} @ webpack-internal:///(app-pages-browser)/../../node_modules/.pnpm/posthog-js@1.364.7/node_modules/posthog-js/dist/module.js:22
[   26754ms] [LOG] [PostHog.js] send "$snapshot" {uuid: 019d88a6-bfc7-7821-99f6-49b75fb333da, event: $snapshot, properties: Object, timestamp: Tue Apr 14 2026 02:32:02 GMT+0530 (India Standard Time)} @ webpack-internal:///(app-pages-browser)/../../node_modules/.pnpm/posthog-js@1.364.7/node_modules/posthog-js/dist/module.js:22
[   42461ms] [LOG] [PostHog.js] send "$snapshot" {uuid: 019d88a6-fd21-7be4-b213-2eed7701c64b, event: $snapshot, properties: Object, timestamp: Tue Apr 14 2026 02:32:18 GMT+0530 (India Standard Time)} @ webpack-internal:///(app-pages-browser)/../../node_modules/.pnpm/posthog-js@1.364.7/node_modules/posthog-js/dist/module.js:22
[  303183ms] [LOG] [PostHog.js] send "$snapshot" {uuid: 019d88aa-f794-750b-9f84-0676908691ff, event: $snapshot, properties: Object, timestamp: Tue Apr 14 2026 02:36:39 GMT+0530 (India Standard Time)} @ webpack-internal:///(app-pages-browser)/../../node_modules/.pnpm/posthog-js@1.364.7/node_modules/posthog-js/dist/module.js:22
[  601195ms] [LOG] [PostHog.js] send "$snapshot" {uuid: 019d88af-83af-752d-b0d2-f0413787f711, event: $snapshot, properties: Object, timestamp: Tue Apr 14 2026 02:41:37 GMT+0530 (India Standard Time)} @ webpack-internal:///(app-pages-browser)/../../node_modules/.pnpm/posthog-js@1.364.7/node_modules/posthog-js/dist/module.js:22
[ 1602566ms] [LOG] [PostHog.js] send "$snapshot" {uuid: 019d88be-cb4b-7585-b6a5-68212037508e, event: $snapshot, properties: Object, timestamp: Tue Apr 14 2026 02:58:18 GMT+0530 (India Standard Time)} @ webpack-internal:///(app-pages-browser)/../../node_modules/.pnpm/posthog-js@1.364.7/node_modules/posthog-js/dist/module.js:22
[ 1605111ms] [LOG] [PostHog.js] send "$snapshot" {uuid: 019d88be-d53c-72ef-a7b2-d66b5a066eb8, event: $snapshot, properties: Object, timestamp: Tue Apr 14 2026 02:58:21 GMT+0530 (India Standard Time)} @ webpack-internal:///(app-pages-browser)/../../node_modules/.pnpm/posthog-js@1.364.7/node_modules/posthog-js/dist/module.js:22
[ 1606173ms] [LOG] [PostHog.js] send "$$heatmap" {uuid: 019d88be-d960-7c55-89fd-733178c55fb5, event: $$heatmap, properties: Object, timestamp: Tue Apr 14 2026 02:58:22 GMT+0530 (India Standard Time)} @ webpack-internal:///(app-pages-browser)/../../node_modules/.pnpm/posthog-js@1.364.7/node_modules/posthog-js/dist/module.js:22
[ 1607473ms] [LOG] [PostHog.js] send "$snapshot" {uuid: 019d88be-de76-7fef-a726-8e0fda766b05, event: $snapshot, properties: Object, timestamp: Tue Apr 14 2026 02:58:23 GMT+0530 (India Standard Time)} @ webpack-internal:///(app-pages-browser)/../../node_modules/.pnpm/posthog-js@1.364.7/node_modules/posthog-js/dist/module.js:22
[ 1607742ms] [LOG] [PostHog.js] send "$autocapture" {uuid: 019d88be-df81-728f-918d-962ea9dc05ff, event: $autocapture, properties: Object, timestamp: Tue Apr 14 2026 02:58:23 GMT+0530 (India Standard Time)} @ webpack-internal:///(app-pages-browser)/../../node_modules/.pnpm/posthog-js@1.364.7/node_modules/posthog-js/dist/module.js:22
[ 1608597ms] [LOG] [PostHog.js] send "$autocapture" {uuid: 019d88be-e2d8-7e17-aaa7-e8cdcb5b0e80, event: $autocapture, properties: Object, timestamp: Tue Apr 14 2026 02:58:24 GMT+0530 (India Standard Time)} @ webpack-internal:///(app-pages-browser)/../../node_modules/.pnpm/posthog-js@1.364.7/node_modules/posthog-js/dist/module.js:22
[ 1609098ms] [LOG] [PostHog.js] send "$rageclick" {uuid: 019d88be-e4ce-7ca6-b0e4-723092916eb7, event: $rageclick, properties: Object, timestamp: Tue Apr 14 2026 02:58:25 GMT+0530 (India Standard Time)} @ webpack-internal:///(app-pages-browser)/../../node_modules/.pnpm/posthog-js@1.364.7/node_modules/posthog-js/dist/module.js:22
[ 1609100ms] [LOG] [PostHog.js] send "$autocapture" {uuid: 019d88be-e4d0-7304-9004-b2fd156cbf3b, event: $autocapture, properties: Object, timestamp: Tue Apr 14 2026 02:58:25 GMT+0530 (India Standard Time)} @ webpack-internal:///(app-pages-browser)/../../node_modules/.pnpm/posthog-js@1.364.7/node_modules/posthog-js/dist/module.js:22
[ 1609664ms] [LOG] [PostHog.js] send "$snapshot" {uuid: 019d88be-e705-75bb-95f0-e0f3af512d44, event: $snapshot, properties: Object, timestamp: Tue Apr 14 2026 02:58:25 GMT+0530 (India Standard Time)} @ webpack-internal:///(app-pages-browser)/../../node_modules/.pnpm/posthog-js@1.364.7/node_modules/posthog-js/dist/module.js:22
[ 1609795ms] [LOG] [PostHog.js] send "$autocapture" {uuid: 019d88be-e787-7d75-acd5-a73d3ecbdb57, event: $autocapture, properties: Object, timestamp: Tue Apr 14 2026 02:58:25 GMT+0530 (India Standard Time)} @ webpack-internal:///(app-pages-browser)/../../node_modules/.pnpm/posthog-js@1.364.7/node_modules/posthog-js/dist/module.js:22
[ 1610213ms] [LOG] [PostHog.js] send "$autocapture" {uuid: 019d88be-e929-7992-80c3-bca40d548832, event: $autocapture, properties: Object, timestamp: Tue Apr 14 2026 02:58:26 GMT+0530 (India Standard Time)} @ webpack-internal:///(app-pages-browser)/../../node_modules/.pnpm/posthog-js@1.364.7/node_modules/posthog-js/dist/module.js:22
[ 1610680ms] [LOG] [PostHog.js] send "$autocapture" {uuid: 019d88be-eafc-7fa6-b586-0bf3626d599f, event: $autocapture, properties: Object, timestamp: Tue Apr 14 2026 02:58:26 GMT+0530 (India Standard Time)} @ webpack-internal:///(app-pages-browser)/../../node_modules/.pnpm/posthog-js@1.364.7/node_modules/posthog-js/dist/module.js:22
[ 1611173ms] [LOG] [PostHog.js] send "$$heatmap" {uuid: 019d88be-ece9-7726-a849-a355e0badb02, event: $$heatmap, properties: Object, timestamp: Tue Apr 14 2026 02:58:27 GMT+0530 (India Standard Time)} @ webpack-internal:///(app-pages-browser)/../../node_modules/.pnpm/posthog-js@1.364.7/node_modules/posthog-js/dist/module.js:22
[ 1611795ms] [LOG] [PostHog.js] send "$snapshot" {uuid: 019d88be-ef58-7d70-85c4-d350b315ab5b, event: $snapshot, properties: Object, timestamp: Tue Apr 14 2026 02:58:27 GMT+0530 (India Standard Time)} @ webpack-internal:///(app-pages-browser)/../../node_modules/.pnpm/posthog-js@1.364.7/node_modules/posthog-js/dist/module.js:22
[ 1612758ms] [LOG] [PostHog.js] send "$web_vitals" {uuid: 019d88be-f319-7125-8d71-c7e049b9a136, event: $web_vitals, properties: Object, timestamp: Tue Apr 14 2026 02:58:28 GMT+0530 (India Standard Time)} @ webpack-internal:///(app-pages-browser)/../../node_modules/.pnpm/posthog-js@1.364.7/node_modules/posthog-js/dist/module.js:22
[ 1613862ms] [LOG] [PostHog.js] send "$snapshot" {uuid: 019d88be-f76a-7176-bdf4-327a421f4494, event: $snapshot, properties: Object, timestamp: Tue Apr 14 2026 02:58:29 GMT+0530 (India Standard Time)} @ webpack-internal:///(app-pages-browser)/../../node_modules/.pnpm/posthog-js@1.364.7/node_modules/posthog-js/dist/module.js:22
[ 1616172ms] [LOG] [PostHog.js] send "$$heatmap" {uuid: 019d88bf-0070-79c1-9415-7334a5b0d76f, event: $$heatmap, properties: Object, timestamp: Tue Apr 14 2026 02:58:32 GMT+0530 (India Standard Time)} @ webpack-internal:///(app-pages-browser)/../../node_modules/.pnpm/posthog-js@1.364.7/node_modules/posthog-js/dist/module.js:22
[ 1628767ms] [LOG] [PostHog.js] send "$snapshot" {uuid: 019d88bf-31a3-7ba5-a3d3-3f6a882f3b38, event: $snapshot, properties: Object, timestamp: Tue Apr 14 2026 02:58:44 GMT+0530 (India Standard Time)} @ webpack-internal:///(app-pages-browser)/../../node_modules/.pnpm/posthog-js@1.364.7/node_modules/posthog-js/dist/module.js:22
[ 1630938ms] [LOG] [PostHog.js] send "$snapshot" {uuid: 019d88bf-3a1e-7d61-bc42-0e4b6d889f84, event: $snapshot, properties: Object, timestamp: Tue Apr 14 2026 02:58:46 GMT+0530 (India Standard Time)} @ webpack-internal:///(app-pages-browser)/../../node_modules/.pnpm/posthog-js@1.364.7/node_modules/posthog-js/dist/module.js:22
[ 1631098ms] [LOG] [PostHog.js] send "$autocapture" {uuid: 019d88bf-3abf-7bbb-bed0-92ed7c1b5980, event: $autocapture, properties: Object, timestamp: Tue Apr 14 2026 02:58:47 GMT+0530 (India Standard Time)} @ webpack-internal:///(app-pages-browser)/../../node_modules/.pnpm/posthog-js@1.364.7/node_modules/posthog-js/dist/module.js:22
[ 1631171ms] [LOG] [PostHog.js] send "$$heatmap" {uuid: 019d88bf-3b07-71bd-a3ad-b4ebad1b116a, event: $$heatmap, properties: Object, timestamp: Tue Apr 14 2026 02:58:47 GMT+0530 (India Standard Time)} @ webpack-internal:///(app-pages-browser)/../../node_modules/.pnpm/posthog-js@1.364.7/node_modules/posthog-js/dist/module.js:22
[ 1631702ms] [LOG] [PostHog.js] send "$autocapture" {uuid: 019d88bf-3d1b-732e-bb4c-b13a0ec5e74c, event: $autocapture, properties: Object, timestamp: Tue Apr 14 2026 02:58:47 GMT+0530 (India Standard Time)} @ webpack-internal:///(app-pages-browser)/../../node_modules/.pnpm/posthog-js@1.364.7/node_modules/posthog-js/dist/module.js:22
[ 1632227ms] [LOG] [PostHog.js] send "$autocapture" {uuid: 019d88bf-3f27-7b6a-9d8b-83aeb4f76629, event: $autocapture, properties: Object, timestamp: Tue Apr 14 2026 02:58:48 GMT+0530 (India Standard Time)} @ webpack-internal:///(app-pages-browser)/../../node_modules/.pnpm/posthog-js@1.364.7/node_modules/posthog-js/dist/module.js:22
[ 1633049ms] [LOG] [PostHog.js] send "$snapshot" {uuid: 019d88bf-425d-7bfa-802f-7ed4b15d9d40, event: $snapshot, properties: Object, timestamp: Tue Apr 14 2026 02:58:48 GMT+0530 (India Standard Time)} @ webpack-internal:///(app-pages-browser)/../../node_modules/.pnpm/posthog-js@1.364.7/node_modules/posthog-js/dist/module.js:22
[ 1633378ms] [LOG] [PostHog.js] send "$autocapture" {uuid: 019d88bf-43a6-7600-a8e4-83acc642bb88, event: $autocapture, properties: Object, timestamp: Tue Apr 14 2026 02:58:49 GMT+0530 (India Standard Time)} @ webpack-internal:///(app-pages-browser)/../../node_modules/.pnpm/posthog-js@1.364.7/node_modules/posthog-js/dist/module.js:22
[ 1635050ms] [LOG] [PostHog.js] send "$snapshot" {uuid: 019d88bf-4a2e-70e0-bcd5-27f625df98ea, event: $snapshot, properties: Object, timestamp: Tue Apr 14 2026 02:58:50 GMT+0530 (India Standard Time)} @ webpack-internal:///(app-pages-browser)/../../node_modules/.pnpm/posthog-js@1.364.7/node_modules/posthog-js/dist/module.js:22
[ 1636172ms] [LOG] [PostHog.js] send "$$heatmap" {uuid: 019d88bf-4e90-79a9-9318-f12a170341fb, event: $$heatmap, properties: Object, timestamp: Tue Apr 14 2026 02:58:52 GMT+0530 (India Standard Time)} @ webpack-internal:///(app-pages-browser)/../../node_modules/.pnpm/posthog-js@1.364.7/node_modules/posthog-js/dist/module.js:22
[ 1637401ms] [LOG] [PostHog.js] send "$snapshot" {uuid: 019d88bf-535d-7151-ad5f-3bd0dd2abbc5, event: $snapshot, properties: Object, timestamp: Tue Apr 14 2026 02:58:53 GMT+0530 (India Standard Time)} @ webpack-internal:///(app-pages-browser)/../../node_modules/.pnpm/posthog-js@1.364.7/node_modules/posthog-js/dist/module.js:22
[ 1679571ms] [LOG] [PostHog.js] send "$snapshot" {uuid: 019d88bf-f818-7a9d-b408-65f1e03fd6bb, event: $snapshot, properties: Object, timestamp: Tue Apr 14 2026 02:59:35 GMT+0530 (India Standard Time)} @ webpack-internal:///(app-pages-browser)/../../node_modules/.pnpm/posthog-js@1.364.7/node_modules/posthog-js/dist/module.js:22
[ 1681172ms] [LOG] [PostHog.js] send "$$heatmap" {uuid: 019d88bf-fe58-73f5-b11a-1bff2b7450bd, event: $$heatmap, properties: Object, timestamp: Tue Apr 14 2026 02:59:37 GMT+0530 (India Standard Time)} @ webpack-internal:///(app-pages-browser)/../../node_modules/.pnpm/posthog-js@1.364.7/node_modules/posthog-js/dist/module.js:22
[ 1686172ms] [LOG] [PostHog.js] send "$$heatmap" {uuid: 019d88c0-11e0-712f-8693-5a4b9037c172, event: $$heatmap, properties: Object, timestamp: Tue Apr 14 2026 02:59:42 GMT+0530 (India Standard Time)} @ webpack-internal:///(app-pages-browser)/../../node_modules/.pnpm/posthog-js@1.364.7/node_modules/posthog-js/dist/module.js:22
[ 1687341ms] [LOG] [PostHog.js] send "$snapshot" {uuid: 019d88c0-1671-7639-97c0-97564dae8e76, event: $snapshot, properties: Object, timestamp: Tue Apr 14 2026 02:59:43 GMT+0530 (India Standard Time)} @ webpack-internal:///(app-pages-browser)/../../node_modules/.pnpm/posthog-js@1.364.7/node_modules/posthog-js/dist/module.js:22
[ 1689545ms] [LOG] [PostHog.js] send "$snapshot" {uuid: 019d88c0-1f0d-78dd-9e1c-f1f5e0eec583, event: $snapshot, properties: Object, timestamp: Tue Apr 14 2026 02:59:45 GMT+0530 (India Standard Time)} @ webpack-internal:///(app-pages-browser)/../../node_modules/.pnpm/posthog-js@1.364.7/node_modules/posthog-js/dist/module.js:22
[ 1691601ms] [LOG] [PostHog.js] send "$snapshot" {uuid: 019d88c0-2715-7bf4-9b77-df6a041310c3, event: $snapshot, properties: Object, timestamp: Tue Apr 14 2026 02:59:47 GMT+0530 (India Standard Time)} @ webpack-internal:///(app-pages-browser)/../../node_modules/.pnpm/posthog-js@1.364.7/node_modules/posthog-js/dist/module.js:22
[ 1693625ms] [LOG] [PostHog.js] send "$snapshot" {uuid: 019d88c0-2efe-743c-90d6-f3c983ef3883, event: $snapshot, properties: Object, timestamp: Tue Apr 14 2026 02:59:49 GMT+0530 (India Standard Time)} @ webpack-internal:///(app-pages-browser)/../../node_modules/.pnpm/posthog-js@1.364.7/node_modules/posthog-js/dist/module.js:22
[ 1711172ms] [LOG] [PostHog.js] send "$$heatmap" {uuid: 019d88c0-7388-76ea-92a0-28535dc0e9fc, event: $$heatmap, properties: Object, timestamp: Tue Apr 14 2026 03:00:07 GMT+0530 (India Standard Time)} @ webpack-internal:///(app-pages-browser)/../../node_modules/.pnpm/posthog-js@1.364.7/node_modules/posthog-js/dist/module.js:22
[ 1712180ms] [LOG] [PostHog.js] send "$snapshot" {uuid: 019d88c0-7779-7081-9bfc-c8bb85fdf6c7, event: $snapshot, properties: Object, timestamp: Tue Apr 14 2026 03:00:08 GMT+0530 (India Standard Time)} @ webpack-internal:///(app-pages-browser)/../../node_modules/.pnpm/posthog-js@1.364.7/node_modules/posthog-js/dist/module.js:22
[ 1716513ms] [LOG] [PostHog.js] send "$snapshot" {uuid: 019d88c0-8865-7963-9ed5-1d695b5352bf, event: $snapshot, properties: Object, timestamp: Tue Apr 14 2026 03:00:12 GMT+0530 (India Standard Time)} @ webpack-internal:///(app-pages-browser)/../../node_modules/.pnpm/posthog-js@1.364.7/node_modules/posthog-js/dist/module.js:22
[ 1719510ms] [LOG] [Fast Refresh] rebuilding @ https://us-assets.i.posthog.com/static/posthog-recorder.js?v=1.364.7:0
[ 1721334ms] [LOG] [Fast Refresh] done in 1824ms @ https://us-assets.i.posthog.com/static/posthog-recorder.js?v=1.364.7:0
[ 1721513ms] [LOG] [PostHog.js] send "$snapshot" {uuid: 019d88c0-9bed-7244-9f09-4ff387d8ebae, event: $snapshot, properties: Object, timestamp: Tue Apr 14 2026 03:00:17 GMT+0530 (India Standard Time)} @ webpack-internal:///(app-pages-browser)/../../node_modules/.pnpm/posthog-js@1.364.7/node_modules/posthog-js/dist/module.js:22
[ 1723755ms] [LOG] [PostHog.js] send "$snapshot" {uuid: 019d88c0-a4af-7d1f-8ed1-225894c9f9fd, event: $snapshot, properties: Object, timestamp: Tue Apr 14 2026 03:00:19 GMT+0530 (India Standard Time)} @ webpack-internal:///(app-pages-browser)/../../node_modules/.pnpm/posthog-js@1.364.7/node_modules/posthog-js/dist/module.js:22
[ 1728791ms] [LOG] [PostHog.js] send "$snapshot" {uuid: 019d88c0-b85c-7d22-992a-1acae465ea48, event: $snapshot, properties: Object, timestamp: Tue Apr 14 2026 03:00:24 GMT+0530 (India Standard Time)} @ webpack-internal:///(app-pages-browser)/../../node_modules/.pnpm/posthog-js@1.364.7/node_modules/posthog-js/dist/module.js:22
[ 1762104ms] [LOG] [Fast Refresh] rebuilding @ https://us-assets.i.posthog.com/static/posthog-recorder.js?v=1.364.7:0
[ 1762392ms] [WARNING] [Fast Refresh] performing full reload

Fast Refresh will perform a full reload when you edit a file that's imported by modules outside of the React rendering tree.
You might have a file which exports a React component but also exports a value that is imported by a non-React component file.
Consider migrating the non-React component export to a separate file and importing it into both files.

It is also possible the parent component of the component you edited is a class component, which disables Fast Refresh.
Fast Refresh requires at least one parent function component in your React tree. @ https://us-assets.i.posthog.com/static/posthog-recorder.js?v=1.364.7:0
[ 1762392ms] [LOG] [PostHog.js] send "$snapshot" {uuid: 019d88c1-3b9c-7224-92b4-7634fbc28d01, event: $snapshot, properties: Object, timestamp: Tue Apr 14 2026 03:00:58 GMT+0530 (India Standard Time)} @ webpack-internal:///(app-pages-browser)/../../node_modules/.pnpm/posthog-js@1.364.7/node_modules/posthog-js/dist/module.js:22
[ 1762725ms] [LOG] [PostHog.js] send "$pageleave" {uuid: 019d88c1-3ce9-7f3f-a8e2-1cd86c655f15, event: $pageleave, properties: Object, timestamp: Tue Apr 14 2026 03:00:58 GMT+0530 (India Standard Time)} @ webpack-internal:///(app-pages-browser)/../../node_modules/.pnpm/posthog-js@1.364.7/node_modules/posthog-js/dist/module.js:22
[ 1762949ms] [INFO] %cDownload the React DevTools for a better development experience: https://react.dev/link/react-devtools font-weight:bold @ webpack-internal:///(app-pages-browser)/../../node_modules/.pnpm/next@15.5.14_@opentelemetry+api@1.9.1_react-dom@18.3.1_react@18.2.0__react@18.2.0/node_modules/next/dist/compiled/react-dom/cjs/react-dom-client.development.js:25630
[ 1763085ms] [LOG] [GTM Event] clear_ecommerce {ecommerce: null} @ webpack-internal:///(app-pages-browser)/./lib/hooks/useGTM.ts:16
[ 1763085ms] [LOG] [GTM Event] view_item {ecommerce: Object} @ webpack-internal:///(app-pages-browser)/./lib/hooks/useGTM.ts:16
[ 1763087ms] [LOG] [AuthProvider] Mounting, starting hydration @ webpack-internal:///(app-pages-browser)/./components/providers/AuthProvider.tsx:35
[ 1763087ms] [LOG] [auth-store] isFreshLogin: false URL: http://localhost:3000/services/gst-registration @ webpack-internal:///(app-pages-browser)/./lib/stores/auth-store.ts:205
[ 1763087ms] [LOG] [auth-store] refreshSession starting @ webpack-internal:///(app-pages-browser)/./lib/stores/auth-store.ts:209
[ 1763155ms] [LOG] [auth-store] getSession result: no session @ webpack-internal:///(app-pages-browser)/./lib/stores/auth-store.ts:213
[ 1763160ms] [LOG] [AuthProvider] Initial hydration complete @ webpack-internal:///(app-pages-browser)/./components/providers/AuthProvider.tsx:40
[ 1763162ms] [LOG] [AuthProvider] Auth event: INITIAL_SESSION @ webpack-internal:///(app-pages-browser)/./components/providers/AuthProvider.tsx:46
[ 1763170ms] [LOG] [PostHog.js] set_config {config: Object, oldConfig: Object, newConfig: Object} @ webpack-internal:///(app-pages-browser)/../../node_modules/.pnpm/posthog-js@1.364.7/node_modules/posthog-js/dist/module.js:22
[ 1763170ms] [LOG] [PostHog.js] Persistence loaded localStorage+cookie {$device_id: 019d5401-510f-7d21-a410-204e78f58700, distinct_id: 019d5401-510f-7d21-a410-204e78f58700, $sesid: Array(3), $initial_person_info: Object, $user_state: anonymous} @ webpack-internal:///(app-pages-browser)/../../node_modules/.pnpm/posthog-js@1.364.7/node_modules/posthog-js/dist/module.js:22
[ 1763171ms] [LOG] [PostHog.js] Persistence loaded sessionStorage {$sdk_debug_extensions_init_method: synchronous, $sdk_debug_extensions_init_time_ms: 1, $sdk_debug_replay_remote_trigger_matching_config: null, $sdk_debug_replay_event_trigger_status: trigger_disabled, $sdk_debug_replay_url_trigger_status: trigger_disabled} @ webpack-internal:///(app-pages-browser)/../../node_modules/.pnpm/posthog-js@1.364.7/node_modules/posthog-js/dist/module.js:22
[ 1763171ms] [LOG] [PostHog.js] Initializing extensions synchronously @ webpack-internal:///(app-pages-browser)/../../node_modules/.pnpm/posthog-js@1.364.7/node_modules/posthog-js/dist/module.js:22
[ 1763172ms] [LOG] [PostHog.js] [Web Vitals] enabled, starting... @ webpack-internal:///(app-pages-browser)/../../node_modules/.pnpm/posthog-js@1.364.7/node_modules/posthog-js/dist/module.js:22
[ 1763172ms] [LOG] [PostHog.js] [SessionRecording] starting @ webpack-internal:///(app-pages-browser)/../../node_modules/.pnpm/posthog-js@1.364.7/node_modules/posthog-js/dist/module.js:22
[ 1763172ms] [LOG] [PostHog.js] [Heatmaps] starting... @ webpack-internal:///(app-pages-browser)/../../node_modules/.pnpm/posthog-js@1.364.7/node_modules/posthog-js/dist/module.js:22
[ 1763173ms] [LOG] [PostHog.js] Starting in debug mode {this: _n, config: Object, thisC: Object, p: Object, s: Object} @ webpack-internal:///(app-pages-browser)/../../node_modules/.pnpm/posthog-js@1.364.7/node_modules/posthog-js/dist/module.js:22
[ 1763173ms] [LOG] You're now in debug mode. All calls to PostHog will be logged in your console.
You can disable this with `posthog.debug(false)`. @ webpack-internal:///(app-pages-browser)/../../node_modules/.pnpm/posthog-js@1.364.7/node_modules/posthog-js/dist/module.js:22
[ 1763173ms] [LOG] [PostHog.js] Persistence loaded sessionStorage {$sdk_debug_extensions_init_method: synchronous, $sdk_debug_extensions_init_time_ms: 1, $sdk_debug_replay_remote_trigger_matching_config: null, $sdk_debug_replay_event_trigger_status: trigger_disabled, $sdk_debug_replay_url_trigger_status: trigger_disabled} @ webpack-internal:///(app-pages-browser)/../../node_modules/.pnpm/posthog-js@1.364.7/node_modules/posthog-js/dist/module.js:22
[ 1763173ms] [LOG] [PostHog.js] set_config {config: Object, oldConfig: Object, newConfig: Object} @ webpack-internal:///(app-pages-browser)/../../node_modules/.pnpm/posthog-js@1.364.7/node_modules/posthog-js/dist/module.js:22
[ 1763173ms] [LOG] [PostHog.js] [SessionRecording] starting @ webpack-internal:///(app-pages-browser)/../../node_modules/.pnpm/posthog-js@1.364.7/node_modules/posthog-js/dist/module.js:22
[ 1763174ms] [LOG] [PostHog.js] [Dead Clicks] starting... @ webpack-internal:///(app-pages-browser)/../../node_modules/.pnpm/posthog-js@1.364.7/node_modules/posthog-js/dist/module.js:22
[ 1764116ms] [LOG] [PostHog.js] Persistence loaded sessionStorage {$sdk_debug_extensions_init_method: synchronous, $sdk_debug_extensions_init_time_ms: 1, $sdk_debug_replay_remote_trigger_matching_config: null, $sdk_debug_replay_event_trigger_status: trigger_disabled, $sdk_debug_replay_url_trigger_status: trigger_disabled} @ webpack-internal:///(app-pages-browser)/../../node_modules/.pnpm/posthog-js@1.364.7/node_modules/posthog-js/dist/module.js:22
[ 1764116ms] [LOG] [PostHog.js] set_config {config: Object, oldConfig: Object, newConfig: Object} @ webpack-internal:///(app-pages-browser)/../../node_modules/.pnpm/posthog-js@1.364.7/node_modules/posthog-js/dist/module.js:22
[ 1764116ms] [LOG] [PostHog.js] [Surveys] flags response received, isSurveysEnabled: false @ webpack-internal:///(app-pages-browser)/../../node_modules/.pnpm/posthog-js@1.364.7/node_modules/posthog-js/dist/module.js:22
[ 1764464ms] [LOG] [PostHog.js] [Surveys] Surveys loaded successfully @ webpack-internal:///(app-pages-browser)/../../node_modules/.pnpm/posthog-js@1.364.7/node_modules/posthog-js/dist/module.js:22
