[  231181ms] [INFO] %cDownload the React DevTools for a better development experience: https://react.dev/link/react-devtools font-weight:bold @ webpack-internal:///(app-pages-browser)/../../node_modules/.pnpm/next@15.5.14_@opentelemetry+api@1.9.1_react-dom@18.3.1_react@18.2.0__react@18.2.0/node_modules/next/dist/compiled/react-dom/cjs/react-dom-client.development.js:25630
[  231209ms] [LOG] [PostHog.js] set_config {config: Object, oldConfig: Object, newConfig: Object} @ webpack-internal:///(app-pages-browser)/../../node_modules/.pnpm/posthog-js@1.364.7/node_modules/posthog-js/dist/module.js:22
[  231209ms] [LOG] [PostHog.js] Persistence loaded localStorage+cookie {$device_id: 019d5401-510f-7d21-a410-204e78f58700, distinct_id: 019d5401-510f-7d21-a410-204e78f58700, $sesid: Array(3), $initial_person_info: Object, $user_state: anonymous} @ webpack-internal:///(app-pages-browser)/../../node_modules/.pnpm/posthog-js@1.364.7/node_modules/posthog-js/dist/module.js:22
[  231210ms] [LOG] [PostHog.js] Persistence loaded sessionStorage {$sdk_debug_extensions_init_method: synchronous, $sdk_debug_extensions_init_time_ms: 1, $referrer: $direct, $referring_domain: $direct} @ webpack-internal:///(app-pages-browser)/../../node_modules/.pnpm/posthog-js@1.364.7/node_modules/posthog-js/dist/module.js:22
[  231210ms] [LOG] [PostHog.js] Initializing extensions synchronously @ webpack-internal:///(app-pages-browser)/../../node_modules/.pnpm/posthog-js@1.364.7/node_modules/posthog-js/dist/module.js:22
[  231211ms] [LOG] [PostHog.js] Starting in debug mode {this: _n, config: Object, thisC: Object, p: Object, s: Object} @ webpack-internal:///(app-pages-browser)/../../node_modules/.pnpm/posthog-js@1.364.7/node_modules/posthog-js/dist/module.js:22
[  231211ms] [LOG] You're now in debug mode. All calls to PostHog will be logged in your console.
You can disable this with `posthog.debug(false)`. @ webpack-internal:///(app-pages-browser)/../../node_modules/.pnpm/posthog-js@1.364.7/node_modules/posthog-js/dist/module.js:22
[  231211ms] [LOG] [PostHog.js] Persistence loaded sessionStorage {$sdk_debug_extensions_init_method: synchronous, $sdk_debug_extensions_init_time_ms: 1, $referrer: $direct, $referring_domain: $direct} @ webpack-internal:///(app-pages-browser)/../../node_modules/.pnpm/posthog-js@1.364.7/node_modules/posthog-js/dist/module.js:22
[  231211ms] [LOG] [PostHog.js] set_config {config: Object, oldConfig: Object, newConfig: Object} @ webpack-internal:///(app-pages-browser)/../../node_modules/.pnpm/posthog-js@1.364.7/node_modules/posthog-js/dist/module.js:22
[  231268ms] [LOG] [PostHog.js] Persistence loaded sessionStorage {$sdk_debug_extensions_init_method: synchronous, $sdk_debug_extensions_init_time_ms: 1, $referrer: $direct, $referring_domain: $direct} @ webpack-internal:///(app-pages-browser)/../../node_modules/.pnpm/posthog-js@1.364.7/node_modules/posthog-js/dist/module.js:22
[  231269ms] [LOG] [PostHog.js] set_config {config: Object, oldConfig: Object, newConfig: Object} @ webpack-internal:///(app-pages-browser)/../../node_modules/.pnpm/posthog-js@1.364.7/node_modules/posthog-js/dist/module.js:22
[  231269ms] [LOG] [PostHog.js] [Surveys] flags response received, isSurveysEnabled: false @ webpack-internal:///(app-pages-browser)/../../node_modules/.pnpm/posthog-js@1.364.7/node_modules/posthog-js/dist/module.js:22
[  231283ms] [LOG] [PostHog.js] [Surveys] Surveys loaded successfully @ webpack-internal:///(app-pages-browser)/../../node_modules/.pnpm/posthog-js@1.364.7/node_modules/posthog-js/dist/module.js:22
[  231302ms] [LOG] [AuthProvider] Mounting, starting hydration @ webpack-internal:///(app-pages-browser)/./components/providers/AuthProvider.tsx:27
[  231302ms] [LOG] [auth-store] isFreshLogin: false URL: http://localhost:3000/checkout/4bef395d-195f-4660-a2a7-9690dd47f93e?variant=fssai-state&addons=gst-registration%2Cshop-establishment%2Ctrade-license @ webpack-internal:///(app-pages-browser)/./lib/stores/auth-store.ts:206
[  231303ms] [LOG] [auth-store] refreshSession starting @ webpack-internal:///(app-pages-browser)/./lib/stores/auth-store.ts:210
[  231351ms] [LOG] [PostHog.js] send "$pageview" {uuid: 019d6616-7a09-7023-8487-555068c27dbf, event: $pageview, properties: Object, timestamp: Tue Apr 07 2026 09:27:22 GMT+0530 (India Standard Time)} @ webpack-internal:///(app-pages-browser)/../../node_modules/.pnpm/posthog-js@1.364.7/node_modules/posthog-js/dist/module.js:22
[  231392ms] [LOG] [auth-store] getSession result: no session @ webpack-internal:///(app-pages-browser)/./lib/stores/auth-store.ts:214
[  231417ms] [LOG] [AuthProvider] Initial hydration complete @ webpack-internal:///(app-pages-browser)/./components/providers/AuthProvider.tsx:32
[  231419ms] [LOG] [AuthProvider] Auth event: INITIAL_SESSION @ webpack-internal:///(app-pages-browser)/./components/providers/AuthProvider.tsx:38
[  232324ms] [LOG] [GTM Event] clear_ecommerce {ecommerce: null} @ webpack-internal:///(app-pages-browser)/./lib/hooks/useGTM.ts:17
[  232326ms] [LOG] [GTM Event] begin_checkout {ecommerce: Object} @ webpack-internal:///(app-pages-browser)/./lib/hooks/useGTM.ts:17
