[    1960ms] [LOG] [PostHog.js] send "$pageleave" {uuid: 019d658f-78c3-7080-ad3f-0e74b79fb539, event: $pageleave, properties: Object, timestamp: Tue Apr 07 2026 06:59:54 GMT+0530 (India Standard Time)} @ webpack-internal:///(app-pages-browser)/../../node_modules/.pnpm/posthog-js@1.364.7/node_modules/posthog-js/dist/module.js:22
[    2228ms] [INFO] %cDownload the React DevTools for a better development experience: https://react.dev/link/react-devtools font-weight:bold @ webpack-internal:///(app-pages-browser)/../../node_modules/.pnpm/next@15.5.14_@opentelemetry+api@1.9.1_react-dom@18.3.1_react@18.2.0__react@18.2.0/node_modules/next/dist/compiled/react-dom/cjs/react-dom-client.development.js:25630
[    2246ms] [LOG] [PostHog.js] set_config {config: Object, oldConfig: Object, newConfig: Object} @ webpack-internal:///(app-pages-browser)/../../node_modules/.pnpm/posthog-js@1.364.7/node_modules/posthog-js/dist/module.js:22
[    2246ms] [LOG] [PostHog.js] Persistence loaded localStorage+cookie {$device_id: 019d5401-510f-7d21-a410-204e78f58700, distinct_id: 019d5401-510f-7d21-a410-204e78f58700, $sesid: Array(3), $initial_person_info: Object, $user_state: anonymous} @ webpack-internal:///(app-pages-browser)/../../node_modules/.pnpm/posthog-js@1.364.7/node_modules/posthog-js/dist/module.js:22
[    2247ms] [LOG] [PostHog.js] Persistence loaded sessionStorage {$sdk_debug_extensions_init_method: synchronous, $sdk_debug_extensions_init_time_ms: 1, $referrer: $direct, $referring_domain: $direct} @ webpack-internal:///(app-pages-browser)/../../node_modules/.pnpm/posthog-js@1.364.7/node_modules/posthog-js/dist/module.js:22
[    2247ms] [LOG] [PostHog.js] Initializing extensions synchronously @ webpack-internal:///(app-pages-browser)/../../node_modules/.pnpm/posthog-js@1.364.7/node_modules/posthog-js/dist/module.js:22
[    2247ms] [LOG] [PostHog.js] Starting in debug mode {this: _n, config: Object, thisC: Object, p: Object, s: Object} @ webpack-internal:///(app-pages-browser)/../../node_modules/.pnpm/posthog-js@1.364.7/node_modules/posthog-js/dist/module.js:22
[    2247ms] [LOG] You're now in debug mode. All calls to PostHog will be logged in your console.
You can disable this with `posthog.debug(false)`. @ webpack-internal:///(app-pages-browser)/../../node_modules/.pnpm/posthog-js@1.364.7/node_modules/posthog-js/dist/module.js:22
[    2247ms] [LOG] [PostHog.js] Persistence loaded sessionStorage {$sdk_debug_extensions_init_method: synchronous, $sdk_debug_extensions_init_time_ms: 0, $referrer: $direct, $referring_domain: $direct} @ webpack-internal:///(app-pages-browser)/../../node_modules/.pnpm/posthog-js@1.364.7/node_modules/posthog-js/dist/module.js:22
[    2247ms] [LOG] [PostHog.js] set_config {config: Object, oldConfig: Object, newConfig: Object} @ webpack-internal:///(app-pages-browser)/../../node_modules/.pnpm/posthog-js@1.364.7/node_modules/posthog-js/dist/module.js:22
[    2322ms] [LOG] [GTM Event] clear_ecommerce {ecommerce: null} @ webpack-internal:///(app-pages-browser)/./lib/hooks/useGTM.ts:17
[    2323ms] [LOG] [GTM Event] view_item {ecommerce: Object} @ webpack-internal:///(app-pages-browser)/./lib/hooks/useGTM.ts:17
[    2323ms] [LOG] [AuthProvider] Mounting, starting hydration @ webpack-internal:///(app-pages-browser)/./components/providers/AuthProvider.tsx:27
[    2323ms] [LOG] [auth-store] isFreshLogin: false URL: http://localhost:3000/services/gst-registration @ webpack-internal:///(app-pages-browser)/./lib/stores/auth-store.ts:206
[    2324ms] [LOG] [auth-store] refreshSession starting @ webpack-internal:///(app-pages-browser)/./lib/stores/auth-store.ts:210
[    2383ms] [LOG] [PostHog.js] send "$pageview" {uuid: 019d658f-7a6a-7496-ba19-5ea2c5ec4453, event: $pageview, properties: Object, timestamp: Tue Apr 07 2026 06:59:55 GMT+0530 (India Standard Time)} @ webpack-internal:///(app-pages-browser)/../../node_modules/.pnpm/posthog-js@1.364.7/node_modules/posthog-js/dist/module.js:22
[    2384ms] [LOG] [auth-store] getSession result: no session @ webpack-internal:///(app-pages-browser)/./lib/stores/auth-store.ts:214
[    2391ms] [LOG] [AuthProvider] Initial hydration complete @ webpack-internal:///(app-pages-browser)/./components/providers/AuthProvider.tsx:32
[    2392ms] [LOG] [AuthProvider] Auth event: INITIAL_SESSION @ webpack-internal:///(app-pages-browser)/./components/providers/AuthProvider.tsx:38
[    2392ms] [LOG] [PostHog.js] Persistence loaded sessionStorage {$sdk_debug_extensions_init_method: synchronous, $sdk_debug_extensions_init_time_ms: 0, $referrer: $direct, $referring_domain: $direct} @ webpack-internal:///(app-pages-browser)/../../node_modules/.pnpm/posthog-js@1.364.7/node_modules/posthog-js/dist/module.js:22
[    2392ms] [LOG] [PostHog.js] set_config {config: Object, oldConfig: Object, newConfig: Object} @ webpack-internal:///(app-pages-browser)/../../node_modules/.pnpm/posthog-js@1.364.7/node_modules/posthog-js/dist/module.js:22
[    2392ms] [LOG] [PostHog.js] [Surveys] flags response received, isSurveysEnabled: false @ webpack-internal:///(app-pages-browser)/../../node_modules/.pnpm/posthog-js@1.364.7/node_modules/posthog-js/dist/module.js:22
[    2400ms] [LOG] [PostHog.js] [Surveys] Surveys loaded successfully @ webpack-internal:///(app-pages-browser)/../../node_modules/.pnpm/posthog-js@1.364.7/node_modules/posthog-js/dist/module.js:22
[   17160ms] [LOG] [PostHog.js] send "$autocapture" {uuid: 019d658f-b423-7cb5-b837-4fa6cd4e60f9, event: $autocapture, properties: Object, timestamp: Tue Apr 07 2026 07:00:09 GMT+0530 (India Standard Time)} @ webpack-internal:///(app-pages-browser)/../../node_modules/.pnpm/posthog-js@1.364.7/node_modules/posthog-js/dist/module.js:22
[   18682ms] [LOG] [PostHog.js] send "$autocapture" {uuid: 019d658f-ba15-7091-b73f-9abee94892cf, event: $autocapture, properties: Object, timestamp: Tue Apr 07 2026 07:00:11 GMT+0530 (India Standard Time)} @ webpack-internal:///(app-pages-browser)/../../node_modules/.pnpm/posthog-js@1.364.7/node_modules/posthog-js/dist/module.js:22
[   20146ms] [VERBOSE] [DOM] Password field is not contained in a form: (More info: https://goo.gl/9p2vKq) %o @ https://accounts.google.com/v3/signin/identifier?opparams=%253Fredirect_to%253Dhttp%25253A%25252F%25252Flocalhost%25253A3000%25252Fauth%25252Fcallback%25253Fnext%25253D%2525252Fservices%2525252Fgst-registration&dsh=S336742517%3A1775525412225123&access_type=offline&client_id=86291454269-1petedl6jbig0mrpt4s6d61c3ods9goe.apps.googleusercontent.com&o2v=2&prompt=consent&redirect_uri=https%3A%2F%2Fwsuleaypyjazcmmntcru.supabase.co%2Fauth%2Fv1%2Fcallback&response_type=code&scope=email+profile&service=lso&state=24e4d041-af9c-4e2b-a804-de33fdb57a46&flowName=GeneralOAuthFlow&continue=https%3A%2F%2Faccounts.google.com%2Fsignin%2Foauth%2Fconsent%3Fauthuser%3Dunknown%26part%3DAJi8hAO-o8AV9UBxZ5gmhG4SRBCJnEt7Ozd73KoiNZUKY2U66L6aiy_TqCS5OBQkIL-Mz_9l-rSHJEvhKO7MOoNQein8diGOGaJac4rud9Ms6MBMHhASJrk2z2BLwED7LJlmMo6f1IFmS5AKZ1fLeS8wdX2tAhUhEk96ClZHEpxa9KKCoUYq_WnQW-S655SOBEbCaPqCDwcnexuPWNiqzYHIxTi7tzE9Zq-tPC0coAXwkq4X02Z3HSn86rm0lSPbNJpydtdzil-EtC9XlC79bU3DyC4ESi1jcMUL1tWwBX_lZTAb7vLCT7D7VOQ7b-ywdzAZXJx51w9Hft5rygNabNamrRXyiwV9CUVVWbMSsE15XUQvZW2JMR2MnzP7J0wgV9-ClL4k6HRP5j0dyHRpz7jm2KajM2je9U3IIyNSW5hiepMPL85Z-ZBk17ixqYfdPJmbnnQpOLbvfU7LGKweh7Rrp6bLnn3qvGsQb75nshgh_P8iSGFIm6s%26flowName%3DGeneralOAuthFlow%26as%3DS336742517%253A1775525412225123%26client_id%3D86291454269-1petedl6jbig0mrpt4s6d61c3ods9goe.apps.googleusercontent.com%26requestPath%3D%252Fsignin%252Foauth%252Fconsent%23&app_domain=https%3A%2F%2Fwsuleaypyjazcmmntcru.supabase.co&rart=ANgoxcczn04VEfFNkzpxVKcVJXhXupPh0smPO9Kn7rCT_hc929ADqfV-kYaTs-sGnrfNGE1zdfrc-hqjNE5qpV5kqO5w-MOHhsT-r66kN20If01wQpHz9wM:0
[   20150ms] [LOG] %c%s color: red; background: yellow; font-size: 24px; WARNING! @ https://www.gstatic.com/_/mss/boq-identity/_/js/k=boq-identity.AccountsSignInUi.en_US.IWQQguuMG4M.es5.O/am=Kf4GAACiCCQD4P__DxkACIAgGrieBaAJRAYAAAAAAAAAACwQACCN/d=1/excm=_b,_tp,identifierview/ed=1/dg=0/wt=2/ujg=1/rs=AOaEmlGLBftgcap6sIplIi8vUsUs9Xoj_g/dti=1/m=_b,_tp:467
[   20150ms] [LOG] %c%s font-size: 18px; Using this console may allow attackers to impersonate you and steal your information using an attack called Self-XSS.
Do not enter or paste code that you do not understand. @ https://www.gstatic.com/_/mss/boq-identity/_/js/k=boq-identity.AccountsSignInUi.en_US.IWQQguuMG4M.es5.O/am=Kf4GAACiCCQD4P__DxkACIAgGrieBaAJRAYAAAAAAAAAACwQACCN/d=1/excm=_b,_tp,identifierview/ed=1/dg=0/wt=2/ujg=1/rs=AOaEmlGLBftgcap6sIplIi8vUsUs9Xoj_g/dti=1/m=_b,_tp:467
